# file opened: D:\Projects\Specialist-OS\tape\tape.asm
  1   0000              ;+---------------------------------------------------------------------------
  2   0000              ; MXOS
  3   0000              ; TAPE.COM - самостоятельная утилита работы с магнитофоном.
  4   0000              ; Загружается вместо NC.COM и использует локальный низкоуровневый драйвер.
  5   0000              ;----------------------------------------------------------------------------
  6   0000
  7   0000                  INCLUDE "../include/mxos.inc"
# file opened: D:\Projects\Specialist-OS\tape\../include/mxos.inc
  1+  0000              ;-----------------------------------------------------------------------
  2+  0000              ; MXOS
  3+  0000              ; Точки входа и настройки сборки MXOS
  4+  0000              ;
  5+  0000              ; Новая карта памяти:
  6+  0000              ;   8FDF-8FFF - [  32 B] Переменные
  7+  0000              ;   9000-BFFF - [12  KB] Экран
  8+  0000              ;   C000-DBFF - [7168 B] DOS.SYS
  9+  0000              ;   DC00-DDFF - [ 512 B] драйверные расширения (например, FlashSys.com)
 10+  0000              ;   DE00-DFFF - [ 512 B] Драйвер флеш-диска
 11+  0000              ;   E000-E7FF - [2048 B] Шрифт
 12+  0000              ;   E800-FAFF - [4864 B] Системные программы (NC.COM, E.COM, DL-RED.COM, FORMAT.COM, MON2.COM, ...)
 13+  0000              ;   FB00-FEFF - [1024 B] Дисковый кэш (fat + каталог)
 14+  0000              ;   FF00-FF81 - [ 130 B] Командная строка
 15+  0000              ;   FF82-FFBF - [  62 B] Стек
 16+  0000              ;   FFC0-FFEF - [  32 B] Непереключаемое ОЗУ, драйвер обмена с RAM диском
 17+  0000              ;   FFE0-FFFF - [  32 B] Оборудование
 18+  0000              ;
 19+  0000              ; Старая карта памяти:
 20+  0000              ;   8FDF-8FFF - [  32 B] Переменные
 21+  0000              ;   9000-BFFF - [12  KB] Экран
 22+  0000              ;   C000-CFFF - [4096 B] DOS.SYS
 23+  0000              ;   D000-E1FF - [4607 B] Системные программы (NC.COM, E.COM, DL-RED.COM)
 24+  0000              ;   E200-E5FF - [1024 B] Свободно (1024 байт)
 25+  0000              ;   E600-E7FF - [ 512 B] Драйвер магнитофона
 26+  0000              ;   E800-E8FF - [ 256 B] Свободно (256 байт)
 27+  0000              ;   E900-F0FF - [2048 B] Шрифт (можно отключить запуском ROMFNT.COM или опцией LOAD_FONT=0)
 28+  0000              ;   F100-F8FF - [2048 B] Системные программы (FORMAT.COM, MON2.COM, ...)
 29+  0000              ;   F900-F9FF - [ 256 B] Свободно (256 байт)
 30+  0000              ;   FA00-FAFF - [ 256 B] Драйвер флеш-диска
 31+  0000              ;   FB00-FEFF - [1024 B] Дисковый буфер (fat + каталог)
 32+  0000              ;   FF00-FF81 - [ 130 B] Командная строка
 33+  0000              ;   FF82-FFBF - [  62 B] Стек
 34+  0000              ;   FFC0-FFEF - [  32 B] Непереключаемое ОЗУ, драйвер обмена с RAM диском
 35+  0000              ;   FFE0-FFFF - [  32 B] Оборудование
 36+  0000              ;-----------------------------------------------------------------------
 37+  0000
 38+  0000
 39+  0000              ;-----------------------------------------------------------------------
 40+  0000              ; Конфигурация сборки
 41+  0000              ;-----------------------------------------------------------------------
 42+  0000
 43+  0000              NEW_MEMORY_MAP       =  1       ; Новая карта памяти
 44+  0000              RAMD_MAX_PAGE        =  16      ; Максимальное количество страниц RAM диска
 45+  0000              RAMD_PAGE_END        =  0FFBBh  ; Включить поддержку ДОЗУ большего чем 64 Кб
 46+  0000              ROM_64K              =  1       ; Включить поддержку ПЗУ 64 Кб Специалиста МХ2
 47+  0000              ENABLE_COLOR         =  1       ; Включить поддержку цвета
 48+  0000              EMBED_FONT           =  0       ; Встроить шрифт в программу (при запуске шрифт копируется на FONT_ADDR)
 49+  0000              LOAD_FONT            =  1       ; Загружать шрифт в ОЗУ
 50+  0000              COLOR_BIOS           =  0F0h    ; Цвет командной строки
 51+  0000              RAMFOS_COMPATIBILITY =  1       ; Совместимость с RAMFOS (WIP)
 52+  0000              BOOT_FROM_TAPE       =  0       ; Включить загрузку с ленты при нажатой клавише после сброса
 53+  0000
 54+  0000                  IF  NEW_MEMORY_MAP
 55+  0000              FONT_ADDR = 0E000h  ; Адрес шрфита
 56+  0000                  ELSE
 57+  0000 ~            FONT_ADDR = 0E900h  ; Адрес шрфита
 58+  0000                  ENDIF
 59+  0000
 60+  0000                  IF  LOAD_FONT
 61+  0000              FONT_ADDR_DIV_8 = FONT_ADDR/8
 62+  0000                  ELSE
 63+  0000 ~            FONT_ADDR_DIV_8 = -1
 64+  0000                  ENDIF
 65+  0000
 66+  0000              ;-----------------------------------------------------------------------
 67+  0000              ; Переменные ОС в подэкранном пространстве и их начальные значения
 68+  0000              ; Доступ к переменным из программ польователя:
 69+  0000              ; ld a, bios_vars.lastKey
 70+  0000              ;-----------------------------------------------------------------------
 71+  0000
 72+  0000                  STRUCT BIOS_VARIABLES
 73+  0000 ~            _reserv_1     DW      -1              ; 8FDFh -
 74+  0000 ~            tapeError     DW      0C800h          ; 8FE1h - Адрес, куда происходит переход при ошибке чтения с ленты
 75+  0000 ~            tapeAddr      DW      -1              ; 8FE3h - Адрес программы, загруженной с ленты
 76+  0000 ~            _reserv_2     DW      -1              ; 8FE5h -
 77+  0000 ~            charGen       DW      FONT_ADDR_DIV_8 ; 8FE7h - Адрес альтернативного знакогенератора / 8
 78+  0000 ~            cursorCfg     DB       21h ; 0A9h     ; 8FE9h - Внешний вид курсора (биты: 7 - мигание (если 0), 654 - положение (Y) от низа строки, 3210 - размер по высоте)
 79+  0000 ~            koi7          DB       0   ; 0FFh     ; 8FEAh - 0FFh = включен KOI-7, 0 = включен KOI-8
 80+  0000 ~            escMode       DB      -1              ; 8FEBh - Обработка ESC-последовательности
 81+  0000 ~            keyLocks      DB      0BAh ; 3Ah      ; 8FECh - Caps Lock или Рус/Lat (3A - прописные анг, BA - строчные анг, BB - прописные рус, 3B - строчные рус)
 82+  0000 ~            _reserv_3     DW      -1              ; 8FEDh -
 83+  0000 ~            lastLastKey   DB      -1              ; 8FEFh - Предпоследняя нажатая клавиша
 84+  0000 ~            lastKey       DB      -1              ; 8FF0h - Последняя нажатая клавиша
 85+  0000 ~            beepFreq      DB       5Fh            ; 8FF1h - Частота звукового сигнала (также влияет на длительность)
 86+  0000 ~            beepDuration  DB       20h            ; 8FF2h - Длительность звукового сигнала (сколько раз повторять посылку)
 87+  0000 ~            tapeInverse   DB      0FFh            ; 8FF3h - Признак инверсии данных с ленты
 88+  0000 ~            cursorDelay   DB       20h            ; 8FF4h - Задержка мигания курсора
 89+  0000 ~            antiBsDelay   DB      0E0h            ; 8FF5h - Задержка защиты от дребезга контактов клавиш
 90+  0000 ~            oldSP         DW      -1              ; 8FF6h - Используется для сохранения SP некоторыми функциями
 91+  0000 ~            ramPageCount  DB      RAMD_MAX_PAGE   ; 8FF8h - Количество детектированных 64кб страниц RAM-диска
 92+  0000 ~            diskWriteErr  DB       0              ; 8FF9h - Признак ошибки записи диска
 93+  0000 ~            inverse       DW       0              ; 8FFAh - Инвертирование текста (0=нормальный текст, 0FFFFh=инверсный)
 94+  0000 ~            cursorY       DB      -1              ; 8FFCh - Положение курсора по вертикали в пикселях
 95+  0000 ~            cursorX       DB      -1              ; 8FFDh - Положение курсора по горизонтали в пикселях / 2
 96+  0000 ~            writeDelay    DB      28h             ; 8FFEh - Скорость при записи на ленту
 97+  0000 ~            readDelay     DB      3Ch             ; 8FFFh - Скорость при чтении с ленты
 98+  0000                  ENDS
 99+  0000
100+  0000              ; Блок переменных BIOS начинается с адреса 8FDFh
101+  0000              bios_vars   BIOS_VARIABLES = 8FDFh
102+  0000
103+  0000              ;-----------------------------------------------------------------------
104+  0000              ; Стандартные точки входа ОС
105+  0000              ; Отмеченные [OLD] применять не рекомендуется
106+  0000              ; Отмеченные [MXOS2] - новые в MXOS 2
107+  0000              ;-----------------------------------------------------------------------
108+  0000
109+  0000              bios_init               = 0C000h ; Теплая перезагрузка
110+  0000
111+  0000              ; Устаревшие точки, лечше не применять
112+  0000              bios_keyScanOld         = 0C003h ; [OLD] Получить код нажатой клавиши, = bios_keyScan
113+  0000              bios_drawCursorOld      = 0C006h ; [OLD] Нарисовать/стереть курсор
114+  0000              bios_clearScreenOld     = 0C010h ; [OLD] Оистка экрана
115+  0000              bios_printCharOld       = 0C037h ; [OLD] Вывод символа на экран
116+  0000              bios_beep_Old           = 0C170h ; [OLD] Звуковой сигнал
117+  0000              bios_delay_l            = 0C18Fh ; [OLD] Задержка l циклов
118+  0000              bios_delay_b            = 0C190h ; [OLD] Задержка b циклов
119+  0000              bios_getchOld           = 0C337h ; [OLD] Ожидание ввода с клавиатуры
120+  0000              bios_tapeReadOld        = 0C377h ; [OLD] Чтение байта с магнитофона
121+  0000              bios_tapeWriteOld       = 0C3D0h ; [OLD] Запись байта на магнитофон
122+  0000              bios_cmp_hl_de          = 0C427h ; [OLD] Сравнить hl и de
123+  0000              bios_memcpy_bc_hl       = 0C42Dh ; [OLD] Скопировать блок памяти
124+  0000              bios_printStringOld     = 0C438h ; [OLD] Вывод строки на экран
125+  0000
126+  0000              ; Стандартные точки C800h
127+  0000              bios_reboot             = 0C800h ; Запустить NC.COM
128+  0000              bios_getch              = 0C803h ; Ожидание ввода с клавиатуры
129+  0000              bios_tapeRead           = 0C806h ; Чтение байта с магнитофона
130+  0000              bios_printChar          = 0C809h ; Вывод символа на экран
131+  0000              bios_tapeWrite          = 0C80Ch ; Запись байта на магнитофон
132+  0000              bios_input              = 0C80Fh ; Ввод строки с клавиатуры
133+  0000              bios_keyCheck           = 0C812h ; Получить код нажатой клавиши, = bios_keyScan
134+  0000              bios_printHexByte       = 0C815h ; Вывод HEX числа на экран (байт)
135+  0000              bios_printString        = 0C818h ; Вывод строки на экран
136+  0000              bios_keyScan            = 0C81Bh ; Получить код нажатой клавиши
137+  0000              bios_getCursorPos       = 0C81Eh ; Получить координаты курсора в hl (координаты в пикселях)
138+  0000              bios_setCursorPos       = 0C821h ; Установить координаты курсора из hl (координаты в пикселях)
139+  0000              bios_tapeLoad           = 0C824h ; Загрузить программу с магнитофона
140+  0000              bios_tapeSave           = 0C827h ; Сохранить программу на магнитофон
141+  0000              bios_calcCS             = 0C82Ah ; Расчет контрольной суммы
142+  0000              bios_printHexWord       = 0C82Dh ; Вывод HEX числа на экран (слово)
143+  0000              bios_getMemTop          = 0C830h ; Получить объем доступной памяти
144+  0000              bios_setMemTop          = 0C833h ; Установить объем доступной памяти
145+  0000              bios_printer            = 0C836h ; Напечатать байт на принтере
146+  0000                  IF RAMFOS_COMPATIBILITY
147+  0000              bios_strToHex           = 0C839h ; [MXOS2] Преобразвоние строки в HEX формате в число
148+  0000                  ELSE
149+  0000 ~            bios_rebootAlt          = 0C839h ; Запустить NC.COM
150+  0000                  ENDIF
151+  0000              bios_rebootAlt2         = 0C83Ch ; Запустить NC.COM
152+  0000              bios_fileList           = 0C83Fh ; Получить список файлов
153+  0000              bios_fileGetSetDrive    = 0C842h ; Получить/установить активное устройство
154+  0000              bios_fileCreate         = 0C845h ; Создать файл
155+  0000              bios_fileLoad           = 0C848h ; Загрузить файл по адресу из заголовка этого файла
156+  0000              bios_fileDelete         = 0C84Bh ; Удалить файл
157+  0000              bios_fileRename         = 0C84Eh ; Переименовать файл
158+  0000              bios_fileLoadInfo       = 0C851h ; Загрузить информацию о файле
159+  0000              bios_fileGetSetAddr     = 0C854h ; Получить/установить адрес загрузки файла
160+  0000              bios_fileGetSetAttr     = 0C857h ; Получить/установить атрибуты файла
161+  0000              bios_fileNamePrepare    = 0C85Ah ; Преобразовать имя файла во внутренний формат
162+  0000              bios_fileExec           = 0C85Dh ; Запустить файл
163+  0000              bios_installDriver      = 0C860h ; Установить драйвер накопителя
164+  0000              bios_diskDriver         = 0C863h ; Драйвер выбранного диска
165+  0000              bios_fileLoad2          = 0C866h ; Загрузить файл по адресу de
166+  0000
167+  0000              ; Новые точки C800h MXOS2
168+  0000              bios_printCharReal      = 0C869h ; [MXOS2] Вывод символа на экран (только реальные символы)
169+  0000              bios_printDecWord       = 0C86Ch ; [MXOS2] Вывод числа экран в десятичной форме
170+  0000              bios_setRAMDDriver      = 0C86Fh ; [MXOS2] Установить драйвр рам-диска
171+  0000              bios_getDriveFreeSpace  = 0C872h ; [MXOS2] Получить оставшийся свободный объем диска
172+  0000              bios_upperCase          = 0C875h ; [MXOS2] Перевод кода символа КОИ-8 в верхний регистр
173+  0000              bios_strcmp             = 0C878h ; [MXOS2] Сравнение строк, чувствительное к регистру
174+  0000              bios_stricmp            = 0C87Bh ; [MXOS2] Сравнение строк, нечувствительное к регистру
175+  0000              bios_sub_hl_de          = 0C87Eh ; [MXOS2] Вычитание hl и de: hl = hl - de
176+  0000              bios_div_hl_2           = 0C881h ; [MXOS2] Деление hl на 2: hl = hl / 2
177+  0000              bios_mul_hl_de          = 0C884h ; [MXOS2] Умножение hl на de: hl = hl * de
178+  0000              bios_div_hl_de          = 0C887h ; [MXOS2] Деление hl на de: hl = hl / de, de = hl % de
179+  0000
180+  0000              ;-----------------------------------------------------------------------
181+  0000              ; Адрес таблицы переходов драйвера магнитофона
182+  0000              ;-----------------------------------------------------------------------
183+  0000
184+  0000              TAPE_DRIVER_JUMPS = bios_tapeReadOld    ; старая таблица переходов магнитофона, сохранена для ABI
185+  0000
186+  0000              ;-----------------------------------------------------------------------
187+  0000              ; Непереключаемое ОЗУ ПК "Специалист-MX" (0FFC0h-0FFDF, 32 байта)
188+  0000              ;-----------------------------------------------------------------------
189+  0000
190+  0000              bios_RAMDRead   = 0FFC0h ; п/п чтения из ДОЗУ
191+  0000              bios_RAMDWrite  = 0FFD0h ; п/п записи в  ДОЗУ
192+  0000
193+  0000              ;-----------------------------------------------------------------------
194+  0000              ; Порты устройств ПК "Специалист-MX2" (0FFE0h-0FFFF, 32 байта)
195+  0000              ;-----------------------------------------------------------------------
196+  0000
197+  0000              IO_KEYB_A       =  0FFE0h   ; ВВ55 клавиатуры
198+  0000              IO_KEYB_B       =  0FFE1h
199+  0000              IO_KEYB_C       =  0FFE2h
200+  0000              IO_KEYB_MODE    =  0FFE3h
201+  0000              IO_PROG_A       =  0FFE4h   ; ВВ55 программатора/флеш диска
202+  0000              IO_PROG_B       =  0FFE5h
203+  0000              IO_PROG_C       =  0FFE6h
204+  0000              IO_PROG_MODE    =  0FFE7h
205+  0000              IO_FDD_CMD      =  0FFE8h   ; контроллер дисковода ВГ93
206+  0000              IO_FDD_TRACK    =  0FFE9h
207+  0000              IO_FDD_SECTOR   =  0FFEAh
208+  0000              IO_FDD_DATA     =  0FFEBh
209+  0000              IO_TIMER_CH0    =  0FFECh   ; таймер ВИ53
210+  0000              IO_TIMER_CH1    =  0FFEDh
211+  0000              IO_TIMER_CH2    =  0FFEEh
212+  0000              IO_TIMER_MODE   =  0FFEFh
213+  0000              IO_FDD_REQ      =  0FFF0h   ; контроллер дисковода
214+  0000              IO_FDD_MOTOR    =  0FFF1h
215+  0000              IO_FDD_SIDE     =  0FFF2h
216+  0000              IO_FDD_DRIVE    =  0FFF3h
217+  0000              IO_COLOR        =  0FFF8h   ; регистр цвета
218+  0000              IO_PAGE_RAM     =  0FFFCh   ; порт включения основного ОЗУ
219+  0000              IO_PAGE_RAMD    =  0FFFDh   ; порт включения ОЗУ RAM-дисков
220+  0000              IO_PAGE_ROM     =  0FFFEh   ; порт включения ПЗУ
221+  0000              IO_PAGE_STD     =  0FFFFh   ; порт включения STD режима
222+  0000
223+  0000              ;-----------------------------------------------------------------------
224+  0000              ; Структура файловой системы
225+  0000              ;-----------------------------------------------------------------------
226+  0000
227+  0000              ; Структура каталога
228+  0000              FILE_DESCR_SIZE  = 32   ; размер дескриптора файла в каталоге (байт)
229+  0000              FILE_NAME_LENGTH = 8    ; длина имени файла  (байт)
230+  0000              FAT_ITEM_SIZE    = 2    ; размер записи в таблице FAT (байт)
231+  0000
232+  0000              SECTOR_SIZE  = 00100h   ; размер сектора 256 байт
233+  0000              CLUSTER_SIZE = 00100h   ; размер кластера 256 байт
234+  0000
235+  0000              ; Специальные коды кластеров FAT
236+  0000              FAT12_BAD = 00FF7h  ; плохой кластер
237+  0000              FAT16_BAD = 0FFF7h
238+  0000              FAT12_EOC = 00FFFh  ; последний кластер файла
239+  0000              FAT16_EOC = 0FFFFh
240+  0000              FAT12_RES = 00FFFh  ; зарезервированный кластер
241+  0000              FAT16_RES = 0FFFFh
242+  0000
243+  0000              ;-----------------------------------------------------------------------
244+  0000              ; Десткриптор файла (одна запись в каталоге) FAT12/16/32
245+  0000              ;-----------------------------------------------------------------------
246+  0000
247+  0000                  STRUCT FILE_DESCRIPTOR  ; 32 байта
248+  0000 ~            name            BLOCK   FILE_NAME_LENGTH    ; смещение 00h, 8 байт  - имя файла
249+  0000 ~            ext             BLOCK   3                   ; смещение 08h, 3 байта - расширение имени файла
250+  0000 ~            attrib          BLOCK   1                   ; смещение 0Bh, 1 байт  - атрибуты файла
251+  0000 ~            ntReserved      BLOCK   1                   ; смещение 0Ch, 1 байт  - используются в Windows NT
252+  0000 ~            createTimeTenth BLOCK   1                   ; смещение 0Dh, 1 байт  - (только FAT32) время создания файла, десятки миллисекунд (0-199)
253+  0000 ~            createTime      BLOCK   2                   ; смещение 0Eh, 2 байта - (только FAT32) время создания файла, секунды*2 (0-43200)
254+  0000 ~            createDate      BLOCK   2                   ; смещение 10h, 2 байта - (только FAT32) дата  создания файла
255+  0000 ~            loadAddress     BLOCK   2  ; accDate        ; смещение 12h, 2 байта - начальный адрес загрузки в ОЗУ, он же и стартовый (!!! временный костыль, в FAT32 это accDate - дата доступа к файлу !!!)
256+  0000 ~            firstClusterHi  BLOCK   2                   ; смещение 14h, 2 байта - номер первого кластера в FAT, старшее слово
257+  0000 ~            writeTime       BLOCK   2                   ; смещение 16h, 2 байта - время модификации файла, секунды*2 (0-43200)
258+  0000 ~            writeDate       BLOCK   2                   ; смещение 18h, 2 байта - дата  модификации файла
259+  0000 ~            firstCluster    BLOCK   2                   ; смещение 1Ah, 2 байта - номер первого кластера в FAT, младшее слово
260+  0000 ~            size            BLOCK   4                   ; смещение 1Ch, 4 байта - размер файла в байтах
261+  0000                  ENDS
262+  0000
263+  0000              ;-----------------------------------------------------------------------
264+  0000              ; Информация о файле (компактный вариант дескриптора)
265+  0000              ; Почти совместимо с дескриптором оригинального Коммандера
266+  0000              ;-----------------------------------------------------------------------
267+  0000
268+  0000              FILE_INFO_SIZE = 16     ; размер структуры (байт)
269+  0000
270+  0000                  STRUCT FILE_INFO    ; 16 байт
271+  0000 ~            name            BLOCK   FILE_NAME_LENGTH    ; смещение 00h, 8 байт  - имя файла
272+  0000 ~            ext             BLOCK   3                   ; смещение 08h, 3 байта - расширение имени файла
273+  0000 ~            attrib          BLOCK   1                   ; смещение 0Bh, 1 байт  - атрибуты файла
274+  0000 ~            loadAddress     BLOCK   2                   ; смещение 0Eh, 2 байта - начальный адрес загрузки в ОЗУ, он же и стартовый
275+  0000 ~            size            BLOCK   2                   ; смещение 0Ch, 2 байта - размер файла в байтах
276+  0000                  ENDS
277+  0000
278+  0000              ;-----------------------------------------------------------------------
279+  0000              ; Информация об активном накопителе (диске)
280+  0000              ;-----------------------------------------------------------------------
281+  0000
282+  0000                  STRUCT DISK_INFO
283+  0000 ~            sectorSize          BLOCK   2   ; размер сектора, байт (256, 512, 1024)
284+  0000 ~            sectorsPerCluster   BLOCK   2   ; размер кластера, секторов (1, 2, 4, 8)
285+  0000 ~            resSectors          BLOCK   2   ; сколько секторов занимает зарезервированная область = первый сектор таблицы fat
286+  0000 ~            fatSectors          BLOCK   2   ; сколько секторов занимает таблица fat
287+  0000 ~            dirSectors          BLOCK   2   ; сколько секторов занимает корневой каталог
288+  0000 ~            totalSectors        BLOCK   2   ; сколько всего секторов на диске
289+  0000 ~            rootDirMaxFiles     BLOCK   2   ; максимум файлов в корневом каталоге
290+  0000 ~            descrPerSector      BLOCK   2   ; сколько дескрипторов файлов вмещается в один сектор
291+  0000 ~            fatNumCells         BLOCK   2   ; количество ячеек в таблице fat (= fatSectors * sectorSize / 2)
292+  0000 ~            dirStartSector      BLOCK   2   ; первый сектор корневого каталога
293+  0000 ~            dataStartSector     BLOCK   2   ; первый сектор области данных
294+  0000 ~            volumeLabel         BLOCK  12   ; метка тома и 0 в конце
295+  0000 ~            isValid             BLOCK   1   ; 0 = нет драйвера, 1 = диск не распознан, 2 = диск распознан, корректно отформатирован
296+  0000                  ENDS
297+  0000
298+  0000              DISK_NO_DRIVER = 0
299+  0000              DISK_INVALID   = 1
300+  0000              DISK_VALID     = 2
301+  0000
302+  0000              ;-----------------------------------------------------------------------
303+  0000              ; Буферы в памяти
304+  0000              ;-----------------------------------------------------------------------
305+  0000
306+  0000              ; Дисковый кэш
307+  0000              FAT_CACHE_ADDR = 0FB00h ; адрес кэша секторов fat в памяти
308+  0000              FAT_CACHE_SIZE = 1024   ; размер кэша в байтах
309+  0000              FAT_CACHE_CAPACITY = FAT_CACHE_SIZE / SECTOR_SIZE   ; сколько секторов вмещается в кэш
310+  0000
311+  0000              ; Буфер для загрузки BAT файла
312+  0000                  IF NEW_MEMORY_MAP
313+  0000              BAT_BUFFER = 0E800h
314+  0000                  ELSE
315+  0000 ~            BAT_BUFFER = 0FC00h
316+  0000                  ENDIF
317+  0000
318+  0000              ; Командная строка и стек
319+  0000              CMD_LINE   = 0FF00h  ; 192 байта, но в конце стек
320+  0000              STACK_ADDR = 0FFC0h  ; стек
321+  0000
322+  0000              ;-----------------------------------------------------------------------
323+  0000              ; Всякие полезности
324+  0000              ;-----------------------------------------------------------------------
325+  0000
326+  0000              ; Макрос для заполнения памяти от текущего адреса до указанного
327+  0000                  MACRO ORG_PAD adr
328+  0000 ~                     IF $ > adr
329+  0000 ~                       ; вывод сообщения об ошибке
330+  0000 ~                       ASSERT 0
331+  0000 ~                       DISPLAY /l, "Error! ORG_PAD failed! ", $, " is more than ", adr
332+  0000 ~                     ELSE
333+  0000 ~                       ; заполнение памяти
334+  0000 ~                       BLOCK adr-$, 0FFh
335+  0000 ~                     ENDIF
336+  0000 ~                     ORG adr
337+  0000                  ENDM
338+  0000
339+  0000                  MACRO ORG_PAD0 adr
340+  0000 ~                     IF $ > adr
341+  0000 ~                       ; вывод сообщения об ошибке
342+  0000 ~                       ASSERT 0
343+  0000 ~                       DISPLAY /l, "Error! ORG_PAD0 failed! ", $, " is more than ", adr
344+  0000 ~                     ELSE
345+  0000 ~                       ; заполнение памяти
346+  0000 ~                       BLOCK adr-$, 0
347+  0000 ~                     ENDIF
348+  0000 ~                     ORG adr
349+  0000                  ENDM
350+  0000
351+  0000              ; Макросы для проверки текущего адреса
352+  0000                  MACRO ASSERT_EQUAL adr
353+  0000 ~                     IF $ != adr
354+  0000 ~                       ASSERT 0
355+  0000 ~                       DISPLAY /l, "Error! Entry point has been shifted (", $, " != ", adr, ")"
356+  0000 ~                     ENDIF
357+  0000                  ENDM
358+  0000
359+  0000                  MACRO ASSERT_DONT_FIT adr
360+  0000 ~                     IF $ > adr
361+  0000 ~                       ASSERT 0
362+  0000 ~                       DISPLAY /l, "Error! Image did not fit (", $, " > ", adr, ")"
363+  0000 ~                     ENDIF
364+  0000                  ENDM
365+  0000
366+  0000              ;-----------------------------------------------------------------------
367+  0000              ; Конец
368+  0000              ;-----------------------------------------------------------------------
369+  0000
# file closed: D:\Projects\Specialist-OS\tape\../include/mxos.inc
  8   0000
  9   0000                  ORG     0E800h
 10   E800
 11   E800                  INCLUDE "tapeUi.inc"
# file opened: D:\Projects\Specialist-OS\tape\tapeUi.inc
  1+  E800              ;----------------------------------------------------------------------------
  2+  E800              ; MXOS TAPE.COM
  3+  E800              ; РўРµРєСЃС‚РѕРІС‹Р№ РёРЅС‚РµСЂС„РµР№СЃ Р·Р°РіСЂСѓР·РєРё Рё СЃРѕС…СЂР°РЅРµРЅРёСЏ С„Р°Р№Р»РѕРІ РЅР° РјР°РіРЅРёС‚РѕС„РѕРЅ.
  4+  E800              ;
  5+  E800              ; Р¤Р°Р№Р» РІСЂРµРјРµРЅРЅРѕ СЂР°Р·РјРµС‰Р°РµС‚СЃСЏ РїРѕ Р°РґСЂРµСЃСѓ 0000h. РњР°РєСЃРёРјР°Р»СЊРЅС‹Р№ СЂР°Р·РјРµСЂ РѕРіСЂР°РЅРёС‡РµРЅ
  6+  E800              ; 36 РљР‘, С‡С‚РѕР±С‹ РЅРµ Р·Р°С‚РµСЂРµС‚СЊ СЌРєСЂР°РЅ РїРѕ Р°РґСЂРµСЃСѓ 9000h.
  7+  E800              ;----------------------------------------------------------------------------
  8+  E800
  9+  E800              TAPE_BUFFER_END = 08FFFh
 10+  E800
 11+  E800              Start:
 12+  E800              tapeMenu:
 13+  E800                          ; РџРѕСЃР»Рµ РјР°РіРЅРёС‚РѕС„РѕРЅРЅРѕР№ РѕРїРµСЂР°С†РёРё СЌРєСЂР°РЅ Рё СЃРѕСЃС‚РѕСЏРЅРёРµ РєСѓСЂСЃРѕСЂР° РјРѕРіСѓС‚
 14+  E800                          ; РѕСЃС‚Р°С‚СЊСЃСЏ РїСЂРѕРёР·РІРѕР»СЊРЅС‹РјРё. РњРµРЅСЋ РІСЃРµРіРґР° РЅР°С‡РёРЅР°РµС‚ СЃ С‡РёСЃС‚РѕРіРѕ СЌРєСЂР°РЅР°.
 15+  E800 21 00 00                 ld      hl, 0
 16+  E803 22 FA 8F                 ld      (bios_vars.inverse), hl
 17+  E806 CD 10 C0                 call    bios_clearScreenOld
 18+  E809 21 08 00                 ld      hl, 0008h
 19+  E80C 22 FC 8F                 ld      (bios_vars.cursorY), hl
 20+  E80F 3E FF                    ld      a, 0FFh
 21+  E811 32 EB 8F                 ld      (bios_vars.escMode), a
 22+  E814
 23+  E814                          ; Р­С‚РѕС‚ СЃС‚РµРє РІРѕСЃСЃС‚Р°РЅР°РІР»РёРІР°РµС‚СЃСЏ РїСЂРё РѕС€РёР±РєРµ С‡С‚РµРЅРёСЏ РёР»Рё РїРѕ Break.
 24+  E814 21 00 00                 ld      hl, 0
 25+  E817 39                       add     hl, sp
 26+  E818 22 F9 EB                 ld      (v_savedSP), hl
 27+  E81B
 28+  E81B 21 42 EA                 ld      hl, tapeOperationAbort
 29+  E81E 22 E1 8F                 ld      (bios_vars.tapeError), hl
 30+  E821
 31+  E821 21 7B EA                 ld      hl, txtMenu
 32+  E824 CD 18 C8                 call    bios_printString
 33+  E827
 34+  E827              tapeMenuWait:
 35+  E827 CD 03 C8                 call    bios_getch
 36+  E82A FE 1B                    cp      1Bh
 37+  E82C CA 3F E8                 jp z,   tapeExit
 38+  E82F CD 75 C8                 call    bios_upperCase
 39+  E832 FE 4C                    cp      'L'
 40+  E834 CA 42 E8                 jp z,   tapeLoadFile
 41+  E837 FE 53                    cp      'S'
 42+  E839 CA 04 E9                 jp z,   tapeSaveFile
 43+  E83C C3 27 E8                 jp      tapeMenuWait
 44+  E83F
 45+  E83F              tapeExit:
 46+  E83F C3 00 C8                 jp      bios_reboot
 47+  E842
 48+  E842              ;----------------------------------------------------------------------------
 49+  E842              ; Р—Р°РіСЂСѓР·РєР° С„Р°Р№Р»Р° СЃ РјР°РіРЅРёС‚РѕС„РѕРЅР°
 50+  E842              ;----------------------------------------------------------------------------
 51+  E842
 52+  E842              tapeLoadFile:
 53+  E842 CD AA E9                 call    chooseDestinationDrive
 54+  E845 DA 00 E8                 jp c,   tapeMenu
 55+  E848
 56+  E848 21 04 EB                 ld      hl, txtWaiting
 57+  E84B CD 18 C8                 call    bios_printString
 58+  E84E CD FF E9                 call    tapePrepareHardware
 59+  E851 CD F2 E9                 call    clearFileDescriptor
 60+  E854
 61+  E854                          ; РќР°Р№С‚Рё РјР°СЂРєРµСЂ D9h, D9h, D9h РїРѕСЃР»Рµ РїРµСЂРІРѕРіРѕ РїРёР»РѕС‚-С‚РѕРЅР°.
 62+  E854              tapeFindHeader:
 63+  E854 3E FF                    ld      a, 0FFh
 64+  E856 CD 06 ED                 call    tapeRead
 65+  E859 FE D9                    cp      0D9h
 66+  E85B C2 54 E8                 jp nz,  tapeFindHeader
 67+  E85E 06 02                    ld      b, 2
 68+  E860              tapeFindHeaderNext:
 69+  E860 3E 08                    ld      a, 8
 70+  E862 CD 06 ED                 call    tapeRead
 71+  E865 FE D9                    cp      0D9h
 72+  E867 C2 54 E8                 jp nz,  tapeFindHeader
 73+  E86A 05                       dec     b
 74+  E86B C2 60 E8                 jp nz,  tapeFindHeaderNext
 75+  E86E
 76+  E86E                          ; РРјСЏ Рё СЂР°СЃС€РёСЂРµРЅРёРµ: 11 СЃРёРјРІРѕР»РѕРІ FAT Р±РµР· С‚РѕС‡РєРё.
 77+  E86E 21 17 EC                 ld      hl, v_fileDescr
 78+  E871 06 0B                    ld      b, FILE_NAME_LENGTH + 3
 79+  E873              tapeReadName:
 80+  E873 3E 08                    ld      a, 8
 81+  E875 CD 06 ED                 call    tapeRead
 82+  E878 FE 20                    cp      ' '
 83+  E87A D2 7F E8                 jp nc,  tapeReadNameStore
 84+  E87D 3E 20                    ld      a, ' '
 85+  E87F              tapeReadNameStore:
 86+  E87F 77                       ld      (hl), a
 87+  E880 23                       inc     hl
 88+  E881 05                       dec     b
 89+  E882 C2 73 E8                 jp nz,  tapeReadName
 90+  E885
 91+  E885                          ; Р’С‚РѕСЂРѕР№ РїРёР»РѕС‚-С‚РѕРЅ, РЅР°С‡Р°Р»СЊРЅС‹Р№ Рё РєРѕРЅРµС‡РЅС‹Р№ Р°РґСЂРµСЃР°.
 92+  E885 3E FF                    ld      a, 0FFh
 93+  E887 CD 0A EA                 call    tapeReadWordA
 94+  E88A 22 FB EB                 ld      (v_tapeLoadAddr), hl
 95+  E88D EB                       ex      de, hl                  ; de = РЅР°С‡Р°Р»СЊРЅС‹Р№ Р°РґСЂРµСЃ
 96+  E88E 3E 08                    ld      a, 8
 97+  E890 CD 0A EA                 call    tapeReadWordA           ; hl = РєРѕРЅРµС‡РЅС‹Р№ Р°РґСЂРµСЃ
 98+  E893
 99+  E893 CD 27 C4                 call    bios_cmp_hl_de
100+  E896 DA 4C EA                 jp c,   tapeBadRange
101+  E899 CD 7E C8                 call    bios_sub_hl_de          ; hl = СЂР°Р·РјРµСЂ С„Р°Р№Р»Р° - 1
102+  E89C 7C                       ld      a, h
103+  E89D FE 90                    cp      (TAPE_BUFFER_END + 1) >> 8
104+  E89F D2 52 EA                 jp nc,  tapeTooLarge
105+  E8A2
106+  E8A2 22 FD EB                 ld      (v_fileSize), hl
107+  E8A5 22 33 EC                 ld      (v_fileDescr + FILE_DESCRIPTOR.size), hl
108+  E8A8 AF                       xor     a
109+  E8A9 32 35 EC                 ld      (v_fileDescr + FILE_DESCRIPTOR.size + 2), a
110+  E8AC 32 36 EC                 ld      (v_fileDescr + FILE_DESCRIPTOR.size + 3), a
111+  E8AF 32 29 EC                 ld      (v_fileDescr + FILE_DESCRIPTOR.loadAddress), a
112+  E8B2 32 2A EC                 ld      (v_fileDescr + FILE_DESCRIPTOR.loadAddress + 1), a
113+  E8B5
114+  E8B5                          ; РџСЂРѕС‡РёС‚Р°С‚СЊ size+1 Р±Р°Р№С‚ РІ РЅРёР¶РЅСЋСЋ РїР°РјСЏС‚СЊ.
115+  E8B5 23                       inc     hl
116+  E8B6 EB                       ex      de, hl
117+  E8B7 21 00 00                 ld      hl, 0
118+  E8BA              tapeReadData:
119+  E8BA 3E 08                    ld      a, 8
120+  E8BC CD 06 ED                 call    tapeRead
121+  E8BF 77                       ld      (hl), a
122+  E8C0 23                       inc     hl
123+  E8C1 1B                       dec     de
124+  E8C2 7A                       ld      a, d
125+  E8C3 B3                       or      e
126+  E8C4 C2 BA E8                 jp nz,  tapeReadData
127+  E8C7
128+  E8C7 3E 08                    ld      a, 8
129+  E8C9 CD 0A EA                 call    tapeReadWordA
130+  E8CC 22 FF EB                 ld      (v_tapeCRC), hl
131+  E8CF
132+  E8CF 2A FD EB                 ld      hl, (v_fileSize)
133+  E8D2 EB                       ex      de, hl
134+  E8D3 21 00 00                 ld      hl, 0
135+  E8D6 CD 2A C8                 call    bios_calcCS
136+  E8D9 2A FF EB                 ld      hl, (v_tapeCRC)
137+  E8DC 78                       ld      a, b
138+  E8DD BC                       cp      h
139+  E8DE C2 58 EA                 jp nz,  tapeBadCRC
140+  E8E1 79                       ld      a, c
141+  E8E2 BD                       cp      l
142+  E8E3 C2 58 EA                 jp nz,  tapeBadCRC
143+  E8E6
144+  E8E6                          ; РЎРѕР·РґР°С‚СЊ С„Р°Р№Р» РёР· Р±СѓС„РµСЂР° 0000h Рё РІРѕСЃСЃС‚Р°РЅРѕРІРёС‚СЊ РёСЃС…РѕРґРЅС‹Р№ Р°РґСЂРµСЃ
145+  E8E6                          ; Р·Р°РіСЂСѓР·РєРё, Р·Р°РїРёСЃР°РЅРЅС‹Р№ РЅР° Р»РµРЅС‚Рµ.
146+  E8E6 21 17 EC                 ld      hl, v_fileDescr
147+  E8E9 CD 45 C8                 call    bios_fileCreate
148+  E8EC DA 5E EA                 jp c,   tapeCreateError
149+  E8EF
150+  E8EF 2A FB EB                 ld      hl, (v_tapeLoadAddr)
151+  E8F2 EB                       ex      de, hl
152+  E8F3 21 17 EC                 ld      hl, v_fileDescr
153+  E8F6 0E 01                    ld      c, 1
154+  E8F8 CD 54 C8                 call    bios_fileGetSetAddr
155+  E8FB DA 5E EA                 jp c,   tapeCreateError
156+  E8FE
157+  E8FE 21 58 EB                 ld      hl, txtLoadComplete
158+  E901 C3 67 EA                 jp      tapeMessageAndMenu
159+  E904
160+  E904              ;----------------------------------------------------------------------------
161+  E904              ; РЎРѕС…СЂР°РЅРµРЅРёРµ С„Р°Р№Р»Р° РЅР° РјР°РіРЅРёС‚РѕС„РѕРЅ
162+  E904              ;----------------------------------------------------------------------------
163+  E904
164+  E904              tapeSaveFile:
165+  E904 CD F2 E9                 call    clearFileDescriptor
166+  E907 21 2F EB                 ld      hl, txtFilePrompt
167+  E90A CD 18 C8                 call    bios_printString
168+  E90D 21 01 EC                 ld      hl, v_path
169+  E910 11 16 EC                 ld      de, v_path + 21
170+  E913 CD 0F C8                 call    bios_input
171+  E916
172+  E916 21 01 EC                 ld      hl, v_path
173+  E919 11 17 EC                 ld      de, v_fileDescr
174+  E91C CD 5A C8                 call    bios_fileNamePrepare
175+  E91F
176+  E91F 21 17 EC                 ld      hl, v_fileDescr
177+  E922 CD 51 C8                 call    bios_fileLoadInfo
178+  E925 DA 64 EA                 jp c,   tapeFileNotFound
179+  E928
180+  E928                          ; РўРµРєСѓС‰Р°СЏ СЂРµР°Р»РёР·Р°С†РёСЏ DOS С…СЂР°РЅРёС‚ СЂР°Р·РјРµСЂ РєР°Рє size-1.
181+  E928 21 33 EC                 ld      hl, v_fileDescr + FILE_DESCRIPTOR.size
182+  E92B 5E                       ld      e, (hl)
183+  E92C 23                       inc     hl
184+  E92D 56                       ld      d, (hl)
185+  E92E 23                       inc     hl
186+  E92F 7E                       ld      a, (hl)
187+  E930 23                       inc     hl
188+  E931 B6                       or      (hl)
189+  E932 C2 52 EA                 jp nz,  tapeTooLarge
190+  E935 7A                       ld      a, d
191+  E936 FE 90                    cp      (TAPE_BUFFER_END + 1) >> 8
192+  E938 D2 52 EA                 jp nc,  tapeTooLarge
193+  E93B EB                       ex      de, hl
194+  E93C 22 FD EB                 ld      (v_fileSize), hl
195+  E93F
196+  E93F 2A 29 EC                 ld      hl, (v_fileDescr + FILE_DESCRIPTOR.loadAddress)
197+  E942 22 FB EB                 ld      (v_tapeLoadAddr), hl
198+  E945
199+  E945                          ; Р—Р°РіСЂСѓР·РёС‚СЊ С„Р°Р№Р» РІ Р±СѓС„РµСЂ 0000h.
200+  E945 21 17 EC                 ld      hl, v_fileDescr
201+  E948 11 00 00                 ld      de, 0
202+  E94B CD 66 C8                 call    bios_fileLoad2
203+  E94E DA 64 EA                 jp c,   tapeFileNotFound
204+  E951
205+  E951 2A FD EB                 ld      hl, (v_fileSize)
206+  E954 EB                       ex      de, hl
207+  E955 21 00 00                 ld      hl, 0
208+  E958 CD 2A C8                 call    bios_calcCS
209+  E95B 60                       ld      h, b
210+  E95C 69                       ld      l, c
211+  E95D 22 FF EB                 ld      (v_tapeCRC), hl
212+  E960
213+  E960 21 37 EB                 ld      hl, txtSaving
214+  E963 CD 18 C8                 call    bios_printString
215+  E966 CD FF E9                 call    tapePrepareHardware
216+  E969
217+  E969 CD 25 EA                 call    tapeWritePilot
218+  E96C 3E D9                    ld      a, 0D9h
219+  E96E CD 7D ED                 call    tapeWrite
220+  E971 CD 7D ED                 call    tapeWrite
221+  E974 CD 7D ED                 call    tapeWrite
222+  E977
223+  E977 21 17 EC                 ld      hl, v_fileDescr
224+  E97A 01 0A 00                 ld      bc, FILE_NAME_LENGTH + 2
225+  E97D CD 15 EA                 call    tapeWriteBlock
226+  E980
227+  E980 CD 25 EA                 call    tapeWritePilot
228+  E983
229+  E983 2A FB EB                 ld      hl, (v_tapeLoadAddr)
230+  E986 CD A8 ED                 call    tapeWriteWord
231+  E989 E5                       push    hl
232+  E98A 2A FD EB                 ld      hl, (v_fileSize)
233+  E98D EB                       ex      de, hl
234+  E98E E1                       pop     hl
235+  E98F 19                       add     hl, de
236+  E990 CD A8 ED                 call    tapeWriteWord
237+  E993
238+  E993 2A FD EB                 ld      hl, (v_fileSize)
239+  E996 44                       ld      b, h
240+  E997 4D                       ld      c, l
241+  E998 21 00 00                 ld      hl, 0
242+  E99B CD 15 EA                 call    tapeWriteBlock
243+  E99E
244+  E99E 2A FF EB                 ld      hl, (v_tapeCRC)
245+  E9A1 CD A8 ED                 call    tapeWriteWord
246+  E9A4
247+  E9A4 21 67 EB                 ld      hl, txtSaveComplete
248+  E9A7 C3 67 EA                 jp      tapeMessageAndMenu
249+  E9AA
250+  E9AA              ;----------------------------------------------------------------------------
251+  E9AA              ; РћР±С‰РёРµ РїРѕРґРїСЂРѕРіСЂР°РјРјС‹ РёРЅС‚РµСЂС„РµР№СЃР°
252+  E9AA              ;----------------------------------------------------------------------------
253+  E9AA
254+  E9AA              ; Р’С‹С…РѕРґ:
255+  E9AA              ;   CF=0 вЂ” РІС‹Р±СЂР°РЅ СЃСѓС‰РµСЃС‚РІСѓСЋС‰РёР№ РґСЂР°Р№РІРµСЂ, РґРёСЃРє СѓР¶Рµ Р°РєС‚РёРІРµРЅ;
256+  E9AA              ;   CF=1 вЂ” РїРѕР»СЊР·РѕРІР°С‚РµР»СЊ РЅР°Р¶Р°Р» Esc.
257+  E9AA              ; Р Р°Р·СЂСѓС€Р°РµС‚: AF, BC, DE, HL.
258+  E9AA              chooseDestinationDrive:
259+  E9AA              chooseDriveAgain:
260+  E9AA 21 C3 EA                 ld      hl, txtDrivePrompt
261+  E9AD CD 18 C8                 call    bios_printString
262+  E9B0 CD 03 C8                 call    bios_getch
263+  E9B3 FE 1B                    cp      1Bh
264+  E9B5 CA F0 E9                 jp z,   chooseDriveCancel
265+  E9B8 CD 75 C8                 call    bios_upperCase
266+  E9BB FE 41                    cp      'A'
267+  E9BD DA DE E9                 jp c,   chooseDriveInvalid
268+  E9C0 FE 49                    cp      'I'
269+  E9C2 D2 DE E9                 jp nc,  chooseDriveInvalid
270+  E9C5 F5                       push    af
271+  E9C6 4F                       ld      c, a
272+  E9C7 CD 09 C8                 call    bios_printChar
273+  E9CA F1                       pop     af
274+  E9CB D6 41                    sub     'A'
275+  E9CD 1E 01                    ld      e, 1
276+  E9CF CD 42 C8                 call    bios_fileGetSetDrive
277+  E9D2
278+  E9D2 06 03                    ld      b, 3
279+  E9D4 CD 63 C8                 call    bios_diskDriver
280+  E9D7 7A                       ld      a, d
281+  E9D8 B3                       or      e
282+  E9D9 CA E7 E9                 jp z,   chooseDriveNoDriver
283+  E9DC B7                       or      a
284+  E9DD C9                       ret
285+  E9DE
286+  E9DE              chooseDriveInvalid:
287+  E9DE 21 DE EA                 ld      hl, txtInvalidDrive
288+  E9E1 CD 18 C8                 call    bios_printString
289+  E9E4 C3 AA E9                 jp      chooseDriveAgain
290+  E9E7
291+  E9E7              chooseDriveNoDriver:
292+  E9E7 21 EE EA                 ld      hl, txtNoDriver
293+  E9EA CD 18 C8                 call    bios_printString
294+  E9ED C3 AA E9                 jp      chooseDriveAgain
295+  E9F0
296+  E9F0              chooseDriveCancel:
297+  E9F0 37                       scf
298+  E9F1 C9                       ret
299+  E9F2
300+  E9F2              clearFileDescriptor:
301+  E9F2 21 17 EC                 ld      hl, v_fileDescr
302+  E9F5 06 20                    ld      b, FILE_DESCR_SIZE
303+  E9F7 AF                       xor     a
304+  E9F8              clearFileDescriptorLoop:
305+  E9F8 77                       ld      (hl), a
306+  E9F9 23                       inc     hl
307+  E9FA 05                       dec     b
308+  E9FB C2 F8 E9                 jp nz,  clearFileDescriptorLoop
309+  E9FE C9                       ret
310+  E9FF
311+  E9FF              tapePrepareHardware:
312+  E9FF 3E 0F                    ld      a, 0Fh
313+  EA01 32 E2 FF                 ld      (IO_KEYB_C), a
314+  EA04 3E FE                    ld      a, 0FEh
315+  EA06 32 E0 FF                 ld      (IO_KEYB_A), a
316+  EA09 C9                       ret
317+  EA0A
318+  EA0A              ; Р’С…РѕРґ: A вЂ” СЂРµР¶РёРј С‡С‚РµРЅРёСЏ РїРµСЂРІРѕРіРѕ Р±Р°Р№С‚Р° СЃР»РѕРІР° (0FFh РёР»Рё 8).
319+  EA0A              ; Р’С‹С…РѕРґ: HL вЂ” СЃР»РѕРІРѕ РІ little endian.
320+  EA0A              ; Р Р°Р·СЂСѓС€Р°РµС‚: AF.
321+  EA0A              tapeReadWordA:
322+  EA0A CD 06 ED                 call    tapeRead
323+  EA0D 6F                       ld      l, a
324+  EA0E 3E 08                    ld      a, 8
325+  EA10 CD 06 ED                 call    tapeRead
326+  EA13 67                       ld      h, a
327+  EA14 C9                       ret
328+  EA15
329+  EA15              ; Р—Р°РїРёСЃС‹РІР°РµС‚ bc+1 Р±Р°Р№С‚ РѕС‚ hl.
330+  EA15              tapeWriteBlock:
331+  EA15 03                       inc     bc
332+  EA16              tapeWriteBlockLoop:
333+  EA16 CD 3A EA                 call    tapeCheckBreak
334+  EA19 7E                       ld      a, (hl)
335+  EA1A CD 7D ED                 call    tapeWrite
336+  EA1D 23                       inc     hl
337+  EA1E 0B                       dec     bc
338+  EA1F 78                       ld      a, b
339+  EA20 B1                       or      c
340+  EA21 C2 16 EA                 jp nz,  tapeWriteBlockLoop
341+  EA24 C9                       ret
342+  EA25
343+  EA25              ; 200h РЅСѓР»РµРІС‹С… Р±Р°Р№С‚ Рё РјР°СЂРєРµСЂ E6h.
344+  EA25              tapeWritePilot:
345+  EA25 01 00 02                 ld      bc, 0200h
346+  EA28              tapeWritePilotLoop:
347+  EA28 CD 3A EA                 call    tapeCheckBreak
348+  EA2B AF                       xor     a
349+  EA2C CD 7D ED                 call    tapeWrite
350+  EA2F 0B                       dec     bc
351+  EA30 78                       ld      a, b
352+  EA31 B1                       or      c
353+  EA32 C2 28 EA                 jp nz,  tapeWritePilotLoop
354+  EA35 3E E6                    ld      a, 0E6h
355+  EA37 C3 7D ED                 jp      tapeWrite
356+  EA3A
357+  EA3A              tapeCheckBreak:
358+  EA3A 3A E1 FF                 ld      a, (IO_KEYB_B)
359+  EA3D A7                       and     a
360+  EA3E F2 42 EA                 jp p,   tapeOperationAbort
361+  EA41 C9                       ret
362+  EA42
363+  EA42              tapeOperationAbort:
364+  EA42 2A F9 EB                 ld      hl, (v_savedSP)
365+  EA45 F9                       ld      sp, hl
366+  EA46 21 D6 EB                 ld      hl, txtAborted
367+  EA49 C3 67 EA                 jp      tapeMessageAndMenu
368+  EA4C
369+  EA4C              tapeBadRange:
370+  EA4C 21 76 EB                 ld      hl, txtBadRange
371+  EA4F C3 67 EA                 jp      tapeMessageAndMenu
372+  EA52
373+  EA52              tapeTooLarge:
374+  EA52 21 8D EB                 ld      hl, txtTooLarge
375+  EA55 C3 67 EA                 jp      tapeMessageAndMenu
376+  EA58
377+  EA58              tapeBadCRC:
378+  EA58 21 A8 EB                 ld      hl, txtBadCRC
379+  EA5B C3 67 EA                 jp      tapeMessageAndMenu
380+  EA5E
381+  EA5E              tapeCreateError:
382+  EA5E 21 B3 EB                 ld      hl, txtCreateError
383+  EA61 C3 67 EA                 jp      tapeMessageAndMenu
384+  EA64
385+  EA64              tapeFileNotFound:
386+  EA64 21 C6 EB                 ld      hl, txtFileNotFound
387+  EA67
388+  EA67              tapeMessageAndMenu:
389+  EA67 CD 18 C8                 call    bios_printString
390+  EA6A 21 DF EB                 ld      hl, txtPressKey
391+  EA6D CD 18 C8                 call    bios_printString
392+  EA70 CD 03 C8                 call    bios_getch
393+  EA73 FE 1B                    cp      1Bh
394+  EA75 CA 3F E8                 jp z,   tapeExit
395+  EA78 C3 00 E8                 jp      tapeMenu
396+  EA7B
397+  EA7B              ;----------------------------------------------------------------------------
398+  EA7B              ; РЎС‚СЂРѕРєРё Рё РїРµСЂРµРјРµРЅРЅС‹Рµ
399+  EA7B              ;----------------------------------------------------------------------------
400+  EA7B
401+  EA7B              txtMenu:
402+  EA7B 54 41 50 45              DB "TAPE UTILITY",0Ah
402+  EA7F 20 55 54 49
402+  EA83 4C 49 54 59
402+  EA87 0A
403+  EA88 4C 20 2D 20              DB "L - LOAD FROM TAPE",0Ah
403+  EA8C 4C 4F 41 44
403+  EA90 20 46 52 4F
403+  EA94 4D 20 54 41
403+  EA98 50 45 0A
404+  EA9B 53 20 2D 20              DB "S - SAVE FILE TO TAPE",0Ah
404+  EA9F 53 41 56 45
404+  EAA3 20 46 49 4C
404+  EAA7 45 20 54 4F
404+  EAAB 20 54 41 50
404+  EAAF 45 0A
405+  EAB1 45 53 43 20              DB "ESC - EXIT TO NC",0Ah,0
405+  EAB5 2D 20 45 58
405+  EAB9 49 54 20 54
405+  EABD 4F 20 4E 43
405+  EAC1 0A 00
406+  EAC3              txtDrivePrompt:
407+  EAC3 0A 44 45 53              DB 0Ah,"DESTINATION DRIVE [A-H]: ",0
407+  EAC7 54 49 4E 41
407+  EACB 54 49 4F 4E
407+  EACF 20 44 52 49
407+  EAD3 56 45 20 5B
407+  EAD7 41 2D 48 5D
407+  EADB 3A 20 00
408+  EADE              txtInvalidDrive:
409+  EADE 0A 49 4E 56              DB 0Ah,"INVALID DRIVE",0Ah,0
409+  EAE2 41 4C 49 44
409+  EAE6 20 44 52 49
409+  EAEA 56 45 0A 00
410+  EAEE              txtNoDriver:
411+  EAEE 0A 44 52 49              DB 0Ah,"DRIVE HAS NO DRIVER",0Ah,0
411+  EAF2 56 45 20 48
411+  EAF6 41 53 20 4E
411+  EAFA 4F 20 44 52
411+  EAFE 49 56 45 52
411+  EB02 0A 00
412+  EB04              txtWaiting:
413+  EB04 0A 57 41 49              DB 0Ah,"WAITING FOR TAPE. PRESS A KEY TO ABORT...",0
413+  EB08 54 49 4E 47
413+  EB0C 20 46 4F 52
413+  EB10 20 54 41 50
413+  EB14 45 2E 20 50
413+  EB18 52 45 53 53
413+  EB1C 20 41 20 4B
413+  EB20 45 59 20 54
413+  EB24 4F 20 41 42
413+  EB28 4F 52 54 2E
413+  EB2C 2E 2E 00
414+  EB2F              txtFilePrompt:
415+  EB2F 0A 46 49 4C              DB 0Ah,"FILE: ",0
415+  EB33 45 3A 20 00
416+  EB37              txtSaving:
417+  EB37 0A 53 41 56              DB 0Ah,"SAVING. PRESS A KEY TO ABORT...",0
417+  EB3B 49 4E 47 2E
417+  EB3F 20 50 52 45
417+  EB43 53 53 20 41
417+  EB47 20 4B 45 59
417+  EB4B 20 54 4F 20
417+  EB4F 41 42 4F 52
417+  EB53 54 2E 2E 2E
417+  EB57 00
418+  EB58              txtLoadComplete:
419+  EB58 0A 4C 4F 41              DB 0Ah,"LOAD COMPLETE",0
419+  EB5C 44 20 43 4F
419+  EB60 4D 50 4C 45
419+  EB64 54 45 00
420+  EB67              txtSaveComplete:
421+  EB67 0A 53 41 56              DB 0Ah,"SAVE COMPLETE",0
421+  EB6B 45 20 43 4F
421+  EB6F 4D 50 4C 45
421+  EB73 54 45 00
422+  EB76              txtBadRange:
423+  EB76 0A 49 4E 56              DB 0Ah,"INVALID ADDRESS RANGE",0
423+  EB7A 41 4C 49 44
423+  EB7E 20 41 44 44
423+  EB82 52 45 53 53
423+  EB86 20 52 41 4E
423+  EB8A 47 45 00
424+  EB8D              txtTooLarge:
425+  EB8D 0A 46 49 4C              DB 0Ah,"FILE IS LARGER THAN 36 KB",0
425+  EB91 45 20 49 53
425+  EB95 20 4C 41 52
425+  EB99 47 45 52 20
425+  EB9D 54 48 41 4E
425+  EBA1 20 33 36 20
425+  EBA5 4B 42 00
426+  EBA8              txtBadCRC:
427+  EBA8 0A 43 52 43              DB 0Ah,"CRC ERROR",0
427+  EBAC 20 45 52 52
427+  EBB0 4F 52 00
428+  EBB3              txtCreateError:
429+  EBB3 0A 43 41 4E              DB 0Ah,"CAN'T CREATE FILE",0
429+  EBB7 27 54 20 43
429+  EBBB 52 45 41 54
429+  EBBF 45 20 46 49
429+  EBC3 4C 45 00
430+  EBC6              txtFileNotFound:
431+  EBC6 0A 46 49 4C              DB 0Ah,"FILE NOT FOUND",0
431+  EBCA 45 20 4E 4F
431+  EBCE 54 20 46 4F
431+  EBD2 55 4E 44 00
432+  EBD6              txtAborted:
433+  EBD6 0A 41 42 4F              DB 0Ah,"ABORTED",0
433+  EBDA 52 54 45 44
433+  EBDE 00
434+  EBDF              txtPressKey:
435+  EBDF 0A 41 4E 59              DB 0Ah,"ANY KEY - MENU, ESC - NC",0
435+  EBE3 20 4B 45 59
435+  EBE7 20 2D 20 4D
435+  EBEB 45 4E 55 2C
435+  EBEF 20 45 53 43
435+  EBF3 20 2D 20 4E
435+  EBF7 43 00
436+  EBF9
437+  EBF9              v_savedSP:
438+  EBF9 00 00                    DW 0
439+  EBFB              v_tapeLoadAddr:
440+  EBFB 00 00                    DW 0
441+  EBFD              v_fileSize:
442+  EBFD 00 00                    DW 0
443+  EBFF              v_tapeCRC:
444+  EBFF 00 00                    DW 0
445+  EC01              v_path:
446+  EC01 00 00 00...              BLOCK 22, 0
447+  EC17              v_fileDescr:
448+  EC17 00 00 00 00              FILE_DESCRIPTOR
448+  EC1B 00 00 00 00
448+  EC1F 00 00 00 00
448+  EC23 00 00 00 00
448+  EC27 00 00 00 00
448+  EC2B 00 00 00 00
448+  EC2F 00 00 00 00
448+  EC33 00 00 00 00
449+  EC37
# file closed: D:\Projects\Specialist-OS\tape\tapeUi.inc
 12   EC37
 13   EC37                  ; Фиксированная область низкоуровневых процедур нужна эмулятору:
 14   EC37                  ; адреса этих диапазонов заданы в SpecialistMX2_My_MXOS.cfg.
 15   EC37                  ORG_PAD 0ED00h
 15   EC37             >         IF $ > 0ED00h
 15   EC37 ~           >           ; вывод сообщения об ошибке
 15   EC37 ~           >           ASSERT 0
 15   EC37 ~           >           DISPLAY /l, "Error! ORG_PAD failed! ", $, " is more than ", adr
 15   EC37             >         ELSE
 15   EC37             >           ; заполнение памяти
 15   EC37 FF FF FF... >           BLOCK 0ED00h-$, 0FFh
 15   EC3B             >         ENDIF
 15   ED00             >         ORG 0ED00h
 16   ED00
 17   ED00                  INCLUDE "tapeWriteDelay.inc"
# file opened: D:\Projects\Specialist-OS\tape\tapeWriteDelay.inc
  1+  ED00              ;+---------------------------------------------------------------------------
  2+  ED00              ; MXOS
  3+  ED00              ; Задержка при записи на ленту
  4+  ED00              ;
  5+  ED00              ; 2013-12-12 Дизассемблировано vinxru
  6+  ED00              ;----------------------------------------------------------------------------
  7+  ED00
  8+  ED00 3A FE 8F     writeDelay: ld    a, (bios_vars.writeDelay)
  9+  ED03 C3 77 ED                 jp    delay_a
 10+  ED06
# file closed: D:\Projects\Specialist-OS\tape\tapeWriteDelay.inc
 18   ED06                  INCLUDE "tapeRead.inc"
# file opened: D:\Projects\Specialist-OS\tape\tapeRead.inc
  1+  ED06              ;+---------------------------------------------------------------------------
  2+  ED06              ; MXOS
  3+  ED06              ; Чтение байта с ленты
  4+  ED06              ;
  5+  ED06              ; На входе
  6+  ED06              ;  a=255 пропуск пилот-тона до байта до E6h, загрузка первого байта после
  7+  ED06              ;  a=8   загрузка байта (8 бит)
  8+  ED06              ;
  9+  ED06              ; На выходе
 10+  ED06              ;  c - байт
 11+  ED06              ;  de, hl - сохраняются
 12+  ED06              ;
 13+  ED06              ; 2013-12-12 Дизассемблировано vinxru
 14+  ED06              ;----------------------------------------------------------------------------
 15+  ED06
 16+  ED06              tapeRead:   ; Сохраняем регистры
 17+  ED06 C5                       push  bc
 18+  ED07 D5                       push  de
 19+  ED08
 20+  ED08                          ; Тут будет принятый байт
 21+  ED08 0E 00                    ld    c, 0
 22+  ED0A
 23+  ED0A                          ; d=8 если загрузка (счетчик бит) или 0FFh если ожидание
 24+  ED0A 57                       ld    d, a
 25+  ED0B
 26+  ED0B              tapeRead_0: ; Получаем состояние
 27+  ED0B                          ; Счётчик отсутствия фронтов. Если лента остановлена или
 28+  ED0B                          ; файловое окно эмулятора отменено, периодически проверяем
 29+  ED0B                          ; обычную клавиатуру. При нормальном фронте полного сканирования нет.
 30+  ED0B 06 00                    ld    b, 0
 31+  ED0D 3A E1 FF                 ld    a, (IO_KEYB_B)
 32+  ED10 E6 01                    and   1
 33+  ED12 5F                       ld    e, a
 34+  ED13
 35+  ED13                          ; Сдвигаем c
 36+  ED13 79                       ld    a, c
 37+  ED14 E6 7F                    and   7Fh
 38+  ED16 07                       rlca
 39+  ED17 4F                       ld    c, a
 40+  ED18
 41+  ED18              tapeRead_1: ; Получаем состояние
 42+  ED18 3A E1 FF                 ld    a, (IO_KEYB_B)
 43+  ED1B
 44+  ED1B                          ; Если нажата клавиша, выходим
 45+  ED1B FE 80                    cp    80h
 46+  ED1D DA A2 ED                 jp c, tapeReadError
 47+  ED20
 48+  ED20                          ; Ждем изменения сигнала
 49+  ED20 E6 01                    and   1
 50+  ED22 BB                       cp    e
 51+  ED23 C2 40 ED                 jp nz, tapeRead_edge
 52+  ED26
 53+  ED26 05                       dec   b
 54+  ED27 C2 18 ED                 jp nz, tapeRead_1
 55+  ED2A
 56+  ED2A                          ; Около 8,5 мс без фронта при 2 МГц. Полное сканирование
 57+  ED2A                          ; клавиатуры выполняется только при остановившемся сигнале.
 58+  ED2A CD 12 C8                 call  bios_keyCheck
 59+  ED2D FE FF                    cp    0FFh
 60+  ED2F C2 A2 ED                 jp nz, tapeReadError
 61+  ED32 CD FF E9                 call  tapePrepareHardware
 62+  ED35 3A E1 FF                 ld    a, (IO_KEYB_B)
 63+  ED38 E6 01                    and   1
 64+  ED3A 5F                       ld    e, a
 65+  ED3B 06 00                    ld    b, 0
 66+  ED3D C3 18 ED                 jp    tapeRead_1
 67+  ED40
 68+  ED40                          ; Сохраняем бит
 69+  ED40              tapeRead_edge:
 70+  ED40 B1                       or    c
 71+  ED41 4F                       ld    c, a
 72+  ED42
 73+  ED42                          ; Задержка
 74+  ED42 CD 74 ED                 call  readDelay
 75+  ED45
 76+  ED45 3A E1 FF                 ld    a, (IO_KEYB_B)
 77+  ED48 E6 01                    and   1
 78+  ED4A 5F                       ld    e, a
 79+  ED4B
 80+  ED4B                          ; Если происходит загрузка данных, переходим на tapeRead_4
 81+  ED4B 7A                       ld    a, d
 82+  ED4C B7                       or    a
 83+  ED4D F2 69 ED                 jp p, tapeRead_4
 84+  ED50
 85+  ED50                          ; Если происходит ожидание
 86+  ED50                          ; Если не найден 0E6h, переходим tapeRead_2
 87+  ED50 79                       ld    a, c
 88+  ED51 FE E6                    cp    0E6h
 89+  ED53 C2 5D ED                 jp nz,  tapeRead_2
 90+  ED56
 91+  ED56                          ; Начинаем загрузку без инверсии
 92+  ED56 AF                       xor   a
 93+  ED57 32 F3 8F                 ld    (bios_vars.tapeInverse),a
 94+  ED5A C3 67 ED                 jp    tapeRead_3
 95+  ED5D
 96+  ED5D              tapeRead_2: ; Если не найден 19h, переходим на tapeRead_0
 97+  ED5D FE 19                    cp    19h
 98+  ED5F C2 0B ED                 jp nz,  tapeRead_0
 99+  ED62
100+  ED62                          ; Начинаем загрузку с инверсией
101+  ED62 3E FF                    ld    a, 0FFh
102+  ED64 32 F3 8F                 ld    (bios_vars.tapeInverse),a
103+  ED67
104+  ED67                          ; Загружаем 8 бит
105+  ED67 16 09        tapeRead_3: ld    d, 9
106+  ED69
107+  ED69                          ; Повторяем 8 байт
108+  ED69 15           tapeRead_4: dec   d
109+  ED6A C2 0B ED                 jp nz,  tapeRead_0
110+  ED6D
111+  ED6D                          ; Инверсия байта
112+  ED6D 3A F3 8F                 ld    a, (bios_vars.tapeInverse)
113+  ED70 A9                       xor   c
114+  ED71
115+  ED71                          ; Восстаналиваем регистры
116+  ED71 D1                       pop   de
117+  ED72 C1                       pop   bc
118+  ED73 C9                       ret
119+  ED74
# file closed: D:\Projects\Specialist-OS\tape\tapeRead.inc
 19   ED74                  INCLUDE "tapeReadDelay.inc"
# file opened: D:\Projects\Specialist-OS\tape\tapeReadDelay.inc
  1+  ED74              ;+---------------------------------------------------------------------------
  2+  ED74              ; MXOS
  3+  ED74              ; Задержка при чтении с ленты
  4+  ED74              ;
  5+  ED74              ; 2013-12-12 Дизассемблировано vinxru
  6+  ED74              ;----------------------------------------------------------------------------
  7+  ED74
  8+  ED74 3A FF 8F     readDelay:  ld    a, (bios_vars.readDelay)
  9+  ED77 47           delay_a:    ld    b, a
 10+  ED78 05           delay_l_0:  dec   b
 11+  ED79 C2 78 ED                 jp nz,  delay_l_0
 12+  ED7C C9                       ret
 13+  ED7D
# file closed: D:\Projects\Specialist-OS\tape\tapeReadDelay.inc
 20   ED7D                  INCLUDE "tapeWrite.inc"
# file opened: D:\Projects\Specialist-OS\tape\tapeWrite.inc
  1+  ED7D              ;+---------------------------------------------------------------------------
  2+  ED7D              ; MXOS
  3+  ED7D              ; Запись байта на ленту
  4+  ED7D              ;
  5+  ED7D              ; На входе
  6+  ED7D              ;   a - байт
  7+  ED7D              ;
  8+  ED7D              ; На выходе
  9+  ED7D              ;   все регистры сохраняются
 10+  ED7D              ;
 11+  ED7D              ; 2013-12-12 Дизассемблировано vinxru
 12+  ED7D              ;----------------------------------------------------------------------------
 13+  ED7D
 14+  ED7D              tapeWrite:  ; Сохранение регистров
 15+  ED7D C5                       push  bc
 16+  ED7E D5                       push  de
 17+  ED7F F5                       push  af
 18+  ED80
 19+  ED80 57                       ld    d, a
 20+  ED81
 21+  ED81                          ; Надо записть 8 бит
 22+  ED81 0E 08                    ld    c, 8
 23+  ED83
 24+  ED83              tapeWrite_1:
 25+  ED83                          ; Сдвинуть d
 26+  ED83 7A                       ld    a, d
 27+  ED84 07                       rlca
 28+  ED85 57                       ld    d, a
 29+  ED86
 30+  ED86                          ; Вывести бит на ленту
 31+  ED86 E6 01                    and   1
 32+  ED88 F6 0E                    or    0Eh
 33+  ED8A 32 E3 FF                 ld    (IO_KEYB_MODE),a
 34+  ED8D 5F                       ld    e, a
 35+  ED8E
 36+  ED8E                          ; Задержка
 37+  ED8E CD 00 ED                 call  writeDelay
 38+  ED91
 39+  ED91                          ; Вывести инверсный бит на магнитофон
 40+  ED91 7B                       ld    a, e
 41+  ED92 EE 01                    xor   1
 42+  ED94 32 E3 FF                 ld    (IO_KEYB_MODE),a
 43+  ED97
 44+  ED97                          ; Задержка
 45+  ED97 CD 00 ED                 call  writeDelay
 46+  ED9A
 47+  ED9A                          ; Повторить 8 раз
 48+  ED9A 0D                       dec   c
 49+  ED9B C2 83 ED                 jp nz,  tapeWrite_1
 50+  ED9E
 51+  ED9E                          ; Восстановление регистров и выход
 52+  ED9E F1                       pop   af
 53+  ED9F D1                       pop   de
 54+  EDA0 C1                       pop   bc
 55+  EDA1 C9                       ret
 56+  EDA2
# file closed: D:\Projects\Specialist-OS\tape\tapeWrite.inc
 21   EDA2                  INCLUDE "tapeReadError.inc"
# file opened: D:\Projects\Specialist-OS\tape\tapeReadError.inc
  1+  EDA2              ;+---------------------------------------------------------------------------
  2+  EDA2              ; MXOS
  3+  EDA2              ; Вызывается при ошибке чтения с ленты
  4+  EDA2              ;
  5+  EDA2              ; 2013-12-12 Дизассемблировано vinxru
  6+  EDA2              ;----------------------------------------------------------------------------
  7+  EDA2
  8+  EDA2 D1           tapeReadError:    pop   de
  9+  EDA3 C1                       pop   bc
 10+  EDA4 2A E1 8F                 ld    hl, (bios_vars.tapeError)
 11+  EDA7 E9                       jp    (hl)
 12+  EDA8
# file closed: D:\Projects\Specialist-OS\tape\tapeReadError.inc
 22   EDA8                  INCLUDE "tapeWriteWord.inc"
# file opened: D:\Projects\Specialist-OS\tape\tapeWriteWord.inc
  1+  EDA8              ;+---------------------------------------------------------------------------
  2+  EDA8              ; MXOS
  3+  EDA8              ; Запись слова на ленту
  4+  EDA8              ;
  5+  EDA8              ; На входе
  6+  EDA8              ;  hl - слово
  7+  EDA8              ;
  8+  EDA8              ; На выходе
  9+  EDA8              ;  bc, de, hl - сохраняются
 10+  EDA8              ;
 11+  EDA8              ; 2013-12-12 Дизассемблировано vinxru
 12+  EDA8              ;----------------------------------------------------------------------------
 13+  EDA8
 14+  EDA8              tapeWriteWord:
 15+  EDA8 7D                       ld    a, l
 16+  EDA9 CD 7D ED                 call  tapeWrite
 17+  EDAC 7C                       ld    a, h
 18+  EDAD C3 7D ED                 jp    tapeWrite
 19+  EDB0
# file closed: D:\Projects\Specialist-OS\tape\tapeWriteWord.inc
 23   EDB0
 24   EDB0                  ; TAPE.COM не должен попасть в кэш FAT.
 25   EDB0                  ASSERT_DONT_FIT 0FB00h
 25   EDB0             >         IF $ > 0FB00h
 25   EDB0 ~           >           ASSERT 0
 25   EDB0 ~           >           DISPLAY /l, "Error! Image did not fit (", $, " > ", adr, ")"
 25   EDB0             >         ENDIF
 26   EDB0
 27   EDB0                  END
# file closed: D:\Projects\Specialist-OS\tape\tape.asm
