# file opened: D:\Projects\Specialist-OS\source\flash\FlashFst.asm
  1   0000              ;----------------------------------------------------------------------------
  2   0000              ; MXOS
  3   0000              ; FLASHFST.COM - РєРѕРЅРІРµР№РµСЂРЅС‹Р№ РґСЂР°Р№РІРµСЂ flash-РґРёСЃРєР° РЅР° С‡РµС‚С‹СЂС‘С… AT29C040A
  4   0000              ;
  5   0000              ; Р¤СѓРЅРєС†РёРё РґСЂР°Р№РІРµСЂР° (РЅРѕРјРµСЂ РІ СЂРµРіРёСЃС‚СЂРµ b):
  6   0000              ;   b == 1 - Р·Р°РїРёСЃР°С‚СЊ СЃРµРєС‚РѕСЂ (256 Р±Р°Р№С‚, РЅРѕРјРµСЂ СЃРµРєС‚РѕСЂР° РІ de, Р±СѓС„РµСЂ РІ hl);
  7   0000              ;   b == 2 - РїСЂРѕС‡РёС‚Р°С‚СЊ СЃРµРєС‚РѕСЂ (256 Р±Р°Р№С‚, РЅРѕРјРµСЂ СЃРµРєС‚РѕСЂР° РІ de, Р±СѓС„РµСЂ РІ hl);
  8   0000              ;   b == 3 - РїРѕР»СѓС‡РёС‚СЊ СЂР°Р·РјРµСЂ РґРёСЃРєР° РІ СЃРµРєС‚РѕСЂР°С… (de) Рё DISK_INFO (hl);
  9   0000              ;   b == 4 - РґРѕР¶РґР°С‚СЊСЃСЏ Р·Р°РІРµСЂС€РµРЅРёСЏ РІСЃРµС… РѕС‚Р»РѕР¶РµРЅРЅС‹С… РѕРїРµСЂР°С†РёР№ Р·Р°РїРёСЃРё.
 10   0000              ;
 11   0000              ; Р’ РѕС‚Р»РёС‡РёРµ РѕС‚ Flash.asm Р·Р°РїРёСЃСЊ РІРѕР·РІСЂР°С‰Р°РµС‚ СѓРїСЂР°РІР»РµРЅРёРµ РїРѕСЃР»Рµ Р·Р°РіСЂСѓР·РєРё СЃС‚СЂР°РЅРёС†С‹
 12   0000              ; РІРѕ РІРЅСѓС‚СЂРµРЅРЅРёР№ Р±СѓС„РµСЂ РІС‹Р±СЂР°РЅРЅРѕР№ РјРёРєСЂРѕСЃС…РµРјС‹. РџРµСЂРµРґ СЃР»РµРґСѓСЋС‰РёРј РѕР±СЂР°С‰РµРЅРёРµРј РґСЂР°Р№РІРµСЂ
 13   0000              ; Р¶РґС‘С‚ С‚РѕР»СЊРєРѕ СЌС‚Сѓ РјРёРєСЂРѕСЃС…РµРјСѓ. РћСЃС‚Р°Р»СЊРЅС‹Рµ AT29C040A РІ СЌС‚Рѕ РІСЂРµРјСЏ РјРѕРіСѓС‚ РїСЂРѕРґРѕР»Р¶Р°С‚СЊ
 14   0000              ; РІРЅСѓС‚СЂРµРЅРЅРёР№ С†РёРєР» erase/program.
 15   0000              ;
 16   0000              ; Р›РѕРіРёС‡РµСЃРєР°СЏ СЂР°СЃРєР»Р°РґРєР° РґРёСЃРєР° РїРѕР»РЅРѕСЃС‚СЊСЋ СЃРѕРІРїР°РґР°РµС‚ СЃ Flash.asm: РєР°Р¶РґР°СЏ
 17   0000              ; РјРёРєСЂРѕСЃС…РµРјР° Р·Р°РЅРёРјР°РµС‚ РЅРµРїСЂРµСЂС‹РІРЅС‹Рµ 512 РљР‘. РџРѕСЌС‚РѕРјСѓ СѓСЃРєРѕСЂРµРЅРёРµ С‡РµС‚С‹СЂСЊРјСЏ С‡РёРїР°РјРё
 18   0000              ; РїСЂРѕСЏРІР»СЏРµС‚СЃСЏ РїСЂРё С‡РµСЂРµРґРѕРІР°РЅРёРё РѕР±СЂР°С‰РµРЅРёР№ Рє СЂР°Р·РЅС‹Рј 512-РљР‘ РѕР±Р»Р°СЃС‚СЏРј. Р”Р»СЏ СѓСЃРєРѕСЂРµРЅРёСЏ
 19   0000              ; РѕР±С‹С‡РЅРѕР№ РїРѕСЃР»РµРґРѕРІР°С‚РµР»СЊРЅРѕР№ Р·Р°РїРёСЃРё РЅСѓР¶РµРЅ РѕС‚РґРµР»СЊРЅС‹Р№ СЏРІРЅРѕ РјР°СЂРєРёСЂРѕРІР°РЅРЅС‹Р№ С„РѕСЂРјР°С‚
 20   0000              ; СЃ С‡РµСЂРµРґРѕРІР°РЅРёРµРј Р»РѕРіРёС‡РµСЃРєРёС… СЃРµРєС‚РѕСЂРѕРІ РјРµР¶РґСѓ РјРёРєСЂРѕСЃС…РµРјР°РјРё.
 21   0000              ;----------------------------------------------------------------------------
 22   0000
 23   0000                  INCLUDE "../include/mxos.inc"
# file opened: D:\Projects\Specialist-OS\source\flash\../include/mxos.inc
  1+  0000              ;-----------------------------------------------------------------------
  2+  0000              ; MXOS
  3+  0000              ; Точки входа и настройки сборки MXOS
  4+  0000              ;
  5+  0000              ; Новая карта памяти:
  6+  0000              ;   8FDF-8FFF - [  32 B] Переменные
  7+  0000              ;   9000-BFFF - [12  KB] Экран
  8+  0000              ;   C000-DBFF - [7168 B] DOS.SYS
  9+  0000              ;   DC00-DDFF - [ 512 B] драйверные расширения (например, FlashSys.com)
 10+  0000              ;   DE00-DFFF - [ 512 B] Драйвер флеш-диска
 11+  0000              ;   E000-E7FF - [2048 B] Шрифт
 12+  0000              ;   E800-FAFF - [4864 B] Системные программы (NC.COM, E.COM, DL-RED.COM, FORMAT.COM, MON2.COM, ...)
 13+  0000              ;   FB00-FEFF - [1024 B] Дисковый кэш (fat + каталог)
 14+  0000              ;   FF00-FF81 - [ 130 B] Командная строка
 15+  0000              ;   FF82-FFBF - [  62 B] Стек
 16+  0000              ;   FFC0-FFEF - [  32 B] Непереключаемое ОЗУ, драйвер обмена с RAM диском
 17+  0000              ;   FFE0-FFFF - [  32 B] Оборудование
 18+  0000              ;
 19+  0000              ; Старая карта памяти:
 20+  0000              ;   8FDF-8FFF - [  32 B] Переменные
 21+  0000              ;   9000-BFFF - [12  KB] Экран
 22+  0000              ;   C000-CFFF - [4096 B] DOS.SYS
 23+  0000              ;   D000-E1FF - [4607 B] Системные программы (NC.COM, E.COM, DL-RED.COM)
 24+  0000              ;   E200-E5FF - [1024 B] Свободно (1024 байт)
 25+  0000              ;   E600-E7FF - [ 512 B] Драйвер магнитофона
 26+  0000              ;   E800-E8FF - [ 256 B] Свободно (256 байт)
 27+  0000              ;   E900-F0FF - [2048 B] Шрифт (можно отключить запуском ROMFNT.COM или опцией LOAD_FONT=0)
 28+  0000              ;   F100-F8FF - [2048 B] Системные программы (FORMAT.COM, MON2.COM, ...)
 29+  0000              ;   F900-F9FF - [ 256 B] Свободно (256 байт)
 30+  0000              ;   FA00-FAFF - [ 256 B] Драйвер флеш-диска
 31+  0000              ;   FB00-FEFF - [1024 B] Дисковый буфер (fat + каталог)
 32+  0000              ;   FF00-FF81 - [ 130 B] Командная строка
 33+  0000              ;   FF82-FFBF - [  62 B] Стек
 34+  0000              ;   FFC0-FFEF - [  32 B] Непереключаемое ОЗУ, драйвер обмена с RAM диском
 35+  0000              ;   FFE0-FFFF - [  32 B] Оборудование
 36+  0000              ;-----------------------------------------------------------------------
 37+  0000
 38+  0000
 39+  0000              ;-----------------------------------------------------------------------
 40+  0000              ; Конфигурация сборки
 41+  0000              ;-----------------------------------------------------------------------
 42+  0000
 43+  0000              NEW_MEMORY_MAP       =  1       ; Новая карта памяти
 44+  0000              RAMD_MAX_PAGE        =  16      ; Максимальное количество страниц RAM диска
 45+  0000              RAMD_PAGE_END        =  0FFBBh  ; Включить поддержку ДОЗУ большего чем 64 Кб
 46+  0000              ROM_64K              =  1       ; Включить поддержку ПЗУ 64 Кб Специалиста МХ2
 47+  0000              ENABLE_COLOR         =  1       ; Включить поддержку цвета
 48+  0000              EMBED_FONT           =  0       ; Встроить шрифт в программу (при запуске шрифт копируется на FONT_ADDR)
 49+  0000              LOAD_FONT            =  1       ; Загружать шрифт в ОЗУ
 50+  0000              COLOR_BIOS           =  0F0h    ; Цвет командной строки
 51+  0000              RAMFOS_COMPATIBILITY =  1       ; Совместимость с RAMFOS (WIP)
 52+  0000              BOOT_FROM_TAPE       =  0       ; Включить загрузку с ленты при нажатой клавише после сброса
 53+  0000
 54+  0000                  IF  NEW_MEMORY_MAP
 55+  0000              FONT_ADDR = 0E000h  ; Адрес шрфита
 56+  0000                  ELSE
 57+  0000 ~            FONT_ADDR = 0E900h  ; Адрес шрфита
 58+  0000                  ENDIF
 59+  0000
 60+  0000                  IF  LOAD_FONT
 61+  0000              FONT_ADDR_DIV_8 = FONT_ADDR/8
 62+  0000                  ELSE
 63+  0000 ~            FONT_ADDR_DIV_8 = -1
 64+  0000                  ENDIF
 65+  0000
 66+  0000              ;-----------------------------------------------------------------------
 67+  0000              ; Переменные ОС в подэкранном пространстве и их начальные значения
 68+  0000              ; Доступ к переменным из программ польователя:
 69+  0000              ; ld a, bios_vars.lastKey
 70+  0000              ;-----------------------------------------------------------------------
 71+  0000
 72+  0000                  STRUCT BIOS_VARIABLES
 73+  0000 ~            _reserv_1     DW      -1              ; 8FDFh -
 74+  0000 ~            tapeError     DW      0C800h          ; 8FE1h - Адрес, куда происходит переход при ошибке чтения с ленты
 75+  0000 ~            tapeAddr      DW      -1              ; 8FE3h - Адрес программы, загруженной с ленты
 76+  0000 ~            _reserv_2     DW      -1              ; 8FE5h -
 77+  0000 ~            charGen       DW      FONT_ADDR_DIV_8 ; 8FE7h - Адрес альтернативного знакогенератора / 8
 78+  0000 ~            cursorCfg     DB       21h ; 0A9h     ; 8FE9h - Внешний вид курсора (биты: 7 - мигание (если 0), 654 - положение (Y) от низа строки, 3210 - размер по высоте)
 79+  0000 ~            koi7          DB       0   ; 0FFh     ; 8FEAh - 0FFh = включен KOI-7, 0 = включен KOI-8
 80+  0000 ~            escMode       DB      -1              ; 8FEBh - Обработка ESC-последовательности
 81+  0000 ~            keyLocks      DB      0BAh ; 3Ah      ; 8FECh - Caps Lock или Рус/Lat (3A - прописные анг, BA - строчные анг, BB - прописные рус, 3B - строчные рус)
 82+  0000 ~            _reserv_3     DW      -1              ; 8FEDh -
 83+  0000 ~            lastLastKey   DB      -1              ; 8FEFh - Предпоследняя нажатая клавиша
 84+  0000 ~            lastKey       DB      -1              ; 8FF0h - Последняя нажатая клавиша
 85+  0000 ~            beepFreq      DB       5Fh            ; 8FF1h - Частота звукового сигнала (также влияет на длительность)
 86+  0000 ~            beepDuration  DB       20h            ; 8FF2h - Длительность звукового сигнала (сколько раз повторять посылку)
 87+  0000 ~            tapeInverse   DB      0FFh            ; 8FF3h - Признак инверсии данных с ленты
 88+  0000 ~            cursorDelay   DB       20h            ; 8FF4h - Задержка мигания курсора
 89+  0000 ~            antiBsDelay   DB      0E0h            ; 8FF5h - Задержка защиты от дребезга контактов клавиш
 90+  0000 ~            oldSP         DW      -1              ; 8FF6h - Используется для сохранения SP некоторыми функциями
 91+  0000 ~            ramPageCount  DB      RAMD_MAX_PAGE   ; 8FF8h - Количество детектированных 64кб страниц RAM-диска
 92+  0000 ~            diskWriteErr  DB       0              ; 8FF9h - Признак ошибки записи диска
 93+  0000 ~            inverse       DW       0              ; 8FFAh - Инвертирование текста (0=нормальный текст, 0FFFFh=инверсный)
 94+  0000 ~            cursorY       DB      -1              ; 8FFCh - Положение курсора по вертикали в пикселях
 95+  0000 ~            cursorX       DB      -1              ; 8FFDh - Положение курсора по горизонтали в пикселях / 2
 96+  0000 ~            writeDelay    DB      28h             ; 8FFEh - Скорость при записи на ленту
 97+  0000 ~            readDelay     DB      3Ch             ; 8FFFh - Скорость при чтении с ленты
 98+  0000                  ENDS
 99+  0000
100+  0000              ; Блок переменных BIOS начинается с адреса 8FDFh
101+  0000              bios_vars   BIOS_VARIABLES = 8FDFh
102+  0000
103+  0000              ;-----------------------------------------------------------------------
104+  0000              ; Стандартные точки входа ОС
105+  0000              ; Отмеченные [OLD] применять не рекомендуется
106+  0000              ; Отмеченные [MXOS2] - новые в MXOS 2
107+  0000              ;-----------------------------------------------------------------------
108+  0000
109+  0000              bios_init               = 0C000h ; Теплая перезагрузка
110+  0000
111+  0000              ; Устаревшие точки, лечше не применять
112+  0000              bios_keyScanOld         = 0C003h ; [OLD] Получить код нажатой клавиши, = bios_keyScan
113+  0000              bios_drawCursorOld      = 0C006h ; [OLD] Нарисовать/стереть курсор
114+  0000              bios_clearScreenOld     = 0C010h ; [OLD] Оистка экрана
115+  0000              bios_printCharOld       = 0C037h ; [OLD] Вывод символа на экран
116+  0000              bios_beep_Old           = 0C170h ; [OLD] Звуковой сигнал
117+  0000              bios_delay_l            = 0C18Fh ; [OLD] Задержка l циклов
118+  0000              bios_delay_b            = 0C190h ; [OLD] Задержка b циклов
119+  0000              bios_getchOld           = 0C337h ; [OLD] Ожидание ввода с клавиатуры
120+  0000              bios_tapeReadOld        = 0C377h ; [OLD] Чтение байта с магнитофона
121+  0000              bios_tapeWriteOld       = 0C3D0h ; [OLD] Запись байта на магнитофон
122+  0000              bios_cmp_hl_de          = 0C427h ; [OLD] Сравнить hl и de
123+  0000              bios_memcpy_bc_hl       = 0C42Dh ; [OLD] Скопировать блок памяти
124+  0000              bios_printStringOld     = 0C438h ; [OLD] Вывод строки на экран
125+  0000
126+  0000              ; Стандартные точки C800h
127+  0000              bios_reboot             = 0C800h ; Запустить NC.COM
128+  0000              bios_getch              = 0C803h ; Ожидание ввода с клавиатуры
129+  0000              bios_tapeRead           = 0C806h ; Чтение байта с магнитофона
130+  0000              bios_printChar          = 0C809h ; Вывод символа на экран
131+  0000              bios_tapeWrite          = 0C80Ch ; Запись байта на магнитофон
132+  0000              bios_input              = 0C80Fh ; Ввод строки с клавиатуры
133+  0000              bios_keyCheck           = 0C812h ; Получить код нажатой клавиши, = bios_keyScan
134+  0000              bios_printHexByte       = 0C815h ; Вывод HEX числа на экран (байт)
135+  0000              bios_printString        = 0C818h ; Вывод строки на экран
136+  0000              bios_keyScan            = 0C81Bh ; Получить код нажатой клавиши
137+  0000              bios_getCursorPos       = 0C81Eh ; Получить координаты курсора в hl (координаты в пикселях)
138+  0000              bios_setCursorPos       = 0C821h ; Установить координаты курсора из hl (координаты в пикселях)
139+  0000              bios_tapeLoad           = 0C824h ; Загрузить программу с магнитофона
140+  0000              bios_tapeSave           = 0C827h ; Сохранить программу на магнитофон
141+  0000              bios_calcCS             = 0C82Ah ; Расчет контрольной суммы
142+  0000              bios_printHexWord       = 0C82Dh ; Вывод HEX числа на экран (слово)
143+  0000              bios_getMemTop          = 0C830h ; Получить объем доступной памяти
144+  0000              bios_setMemTop          = 0C833h ; Установить объем доступной памяти
145+  0000              bios_printer            = 0C836h ; Напечатать байт на принтере
146+  0000                  IF RAMFOS_COMPATIBILITY
147+  0000              bios_strToHex           = 0C839h ; [MXOS2] Преобразвоние строки в HEX формате в число
148+  0000                  ELSE
149+  0000 ~            bios_rebootAlt          = 0C839h ; Запустить NC.COM
150+  0000                  ENDIF
151+  0000              bios_rebootAlt2         = 0C83Ch ; Запустить NC.COM
152+  0000              bios_fileList           = 0C83Fh ; Получить список файлов
153+  0000              bios_fileGetSetDrive    = 0C842h ; Получить/установить активное устройство
154+  0000              bios_fileCreate         = 0C845h ; Создать файл
155+  0000              bios_fileLoad           = 0C848h ; Загрузить файл по адресу из заголовка этого файла
156+  0000              bios_fileDelete         = 0C84Bh ; Удалить файл
157+  0000              bios_fileRename         = 0C84Eh ; Переименовать файл
158+  0000              bios_fileLoadInfo       = 0C851h ; Загрузить информацию о файле
159+  0000              bios_fileGetSetAddr     = 0C854h ; Получить/установить адрес загрузки файла
160+  0000              bios_fileGetSetAttr     = 0C857h ; Получить/установить атрибуты файла
161+  0000              bios_fileNamePrepare    = 0C85Ah ; Преобразовать имя файла во внутренний формат
162+  0000              bios_fileExec           = 0C85Dh ; Запустить файл
163+  0000              bios_installDriver      = 0C860h ; Установить драйвер накопителя
164+  0000              bios_diskDriver         = 0C863h ; Драйвер выбранного диска
165+  0000              bios_fileLoad2          = 0C866h ; Загрузить файл по адресу de
166+  0000
167+  0000              ; Новые точки C800h MXOS2
168+  0000              bios_printCharReal      = 0C869h ; [MXOS2] Вывод символа на экран (только реальные символы)
169+  0000              bios_printDecWord       = 0C86Ch ; [MXOS2] Вывод числа экран в десятичной форме
170+  0000              bios_setRAMDDriver      = 0C86Fh ; [MXOS2] Установить драйвр рам-диска
171+  0000              bios_getDriveFreeSpace  = 0C872h ; [MXOS2] Получить оставшийся свободный объем диска
172+  0000              bios_upperCase          = 0C875h ; [MXOS2] Перевод кода символа КОИ-8 в верхний регистр
173+  0000              bios_strcmp             = 0C878h ; [MXOS2] Сравнение строк, чувствительное к регистру
174+  0000              bios_stricmp            = 0C87Bh ; [MXOS2] Сравнение строк, нечувствительное к регистру
175+  0000              bios_sub_hl_de          = 0C87Eh ; [MXOS2] Вычитание hl и de: hl = hl - de
176+  0000              bios_div_hl_2           = 0C881h ; [MXOS2] Деление hl на 2: hl = hl / 2
177+  0000              bios_mul_hl_de          = 0C884h ; [MXOS2] Умножение hl на de: hl = hl * de
178+  0000              bios_div_hl_de          = 0C887h ; [MXOS2] Деление hl на de: hl = hl / de, de = hl % de
179+  0000              bios_fileCreatePrepare  = 0C88Ah ; [MXOS2] Создать файл и выделить цепочку FAT без записи данных
180+  0000              bios_fileTransfer       = 0C88Dh ; [MXOS2] Передать последовательные кластеры на выбранном диске
181+  0000
182+  0000              ;-----------------------------------------------------------------------
183+  0000              ; Адрес таблицы переходов драйвера магнитофона
184+  0000              ;-----------------------------------------------------------------------
185+  0000
186+  0000              TAPE_DRIVER_JUMPS = bios_tapeReadOld    ; старая таблица переходов магнитофона, сохранена для ABI
187+  0000
188+  0000              ;-----------------------------------------------------------------------
189+  0000              ; Непереключаемое ОЗУ ПК "Специалист-MX" (0FFC0h-0FFDF, 32 байта)
190+  0000              ;-----------------------------------------------------------------------
191+  0000
192+  0000              bios_RAMDRead   = 0FFC0h ; п/п чтения из ДОЗУ
193+  0000              bios_RAMDWrite  = 0FFD0h ; п/п записи в  ДОЗУ
194+  0000
195+  0000              ;-----------------------------------------------------------------------
196+  0000              ; Порты устройств ПК "Специалист-MX2" (0FFE0h-0FFFF, 32 байта)
197+  0000              ;-----------------------------------------------------------------------
198+  0000
199+  0000              IO_KEYB_A       =  0FFE0h   ; ВВ55 клавиатуры
200+  0000              IO_KEYB_B       =  0FFE1h
201+  0000              IO_KEYB_C       =  0FFE2h
202+  0000              IO_KEYB_MODE    =  0FFE3h
203+  0000              IO_PROG_A       =  0FFE4h   ; ВВ55 программатора/флеш диска
204+  0000              IO_PROG_B       =  0FFE5h
205+  0000              IO_PROG_C       =  0FFE6h
206+  0000              IO_PROG_MODE    =  0FFE7h
207+  0000              IO_FDD_CMD      =  0FFE8h   ; контроллер дисковода ВГ93
208+  0000              IO_FDD_TRACK    =  0FFE9h
209+  0000              IO_FDD_SECTOR   =  0FFEAh
210+  0000              IO_FDD_DATA     =  0FFEBh
211+  0000              IO_TIMER_CH0    =  0FFECh   ; таймер ВИ53
212+  0000              IO_TIMER_CH1    =  0FFEDh
213+  0000              IO_TIMER_CH2    =  0FFEEh
214+  0000              IO_TIMER_MODE   =  0FFEFh
215+  0000              IO_FDD_REQ      =  0FFF0h   ; контроллер дисковода
216+  0000              IO_FDD_MOTOR    =  0FFF1h
217+  0000              IO_FDD_SIDE     =  0FFF2h
218+  0000              IO_FDD_DRIVE    =  0FFF3h
219+  0000              IO_COLOR        =  0FFF8h   ; регистр цвета
220+  0000              IO_PAGE_RAM     =  0FFFCh   ; порт включения основного ОЗУ
221+  0000              IO_PAGE_RAMD    =  0FFFDh   ; порт включения ОЗУ RAM-дисков
222+  0000              IO_PAGE_ROM     =  0FFFEh   ; порт включения ПЗУ
223+  0000              IO_PAGE_STD     =  0FFFFh   ; порт включения STD режима
224+  0000
225+  0000              ;-----------------------------------------------------------------------
226+  0000              ; Структура файловой системы
227+  0000              ;-----------------------------------------------------------------------
228+  0000
229+  0000              ; Структура каталога
230+  0000              FILE_DESCR_SIZE  = 32   ; размер дескриптора файла в каталоге (байт)
231+  0000              FILE_NAME_LENGTH = 8    ; длина имени файла  (байт)
232+  0000              FAT_ITEM_SIZE    = 2    ; размер записи в таблице FAT (байт)
233+  0000
234+  0000              SECTOR_SIZE  = 00100h   ; размер сектора 256 байт
235+  0000              CLUSTER_SIZE = 00100h   ; размер кластера 256 байт
236+  0000
237+  0000              ; Специальные коды кластеров FAT
238+  0000              FAT12_BAD = 00FF7h  ; плохой кластер
239+  0000              FAT16_BAD = 0FFF7h
240+  0000              FAT12_EOC = 00FFFh  ; последний кластер файла
241+  0000              FAT16_EOC = 0FFFFh
242+  0000              FAT12_RES = 00FFFh  ; зарезервированный кластер
243+  0000              FAT16_RES = 0FFFFh
244+  0000
245+  0000              ;-----------------------------------------------------------------------
246+  0000              ; Десткриптор файла (одна запись в каталоге) FAT12/16/32
247+  0000              ;-----------------------------------------------------------------------
248+  0000
249+  0000                  STRUCT FILE_DESCRIPTOR  ; 32 байта
250+  0000 ~            name            BLOCK   FILE_NAME_LENGTH    ; смещение 00h, 8 байт  - имя файла
251+  0000 ~            ext             BLOCK   3                   ; смещение 08h, 3 байта - расширение имени файла
252+  0000 ~            attrib          BLOCK   1                   ; смещение 0Bh, 1 байт  - атрибуты файла
253+  0000 ~            ntReserved      BLOCK   1                   ; смещение 0Ch, 1 байт  - используются в Windows NT
254+  0000 ~            createTimeTenth BLOCK   1                   ; смещение 0Dh, 1 байт  - (только FAT32) время создания файла, десятки миллисекунд (0-199)
255+  0000 ~            createTime      BLOCK   2                   ; смещение 0Eh, 2 байта - (только FAT32) время создания файла, секунды*2 (0-43200)
256+  0000 ~            createDate      BLOCK   2                   ; смещение 10h, 2 байта - (только FAT32) дата  создания файла
257+  0000 ~            loadAddress     BLOCK   2  ; accDate        ; смещение 12h, 2 байта - начальный адрес загрузки в ОЗУ, он же и стартовый (!!! временный костыль, в FAT32 это accDate - дата доступа к файлу !!!)
258+  0000 ~            firstClusterHi  BLOCK   2                   ; смещение 14h, 2 байта - номер первого кластера в FAT, старшее слово
259+  0000 ~            writeTime       BLOCK   2                   ; смещение 16h, 2 байта - время модификации файла, секунды*2 (0-43200)
260+  0000 ~            writeDate       BLOCK   2                   ; смещение 18h, 2 байта - дата  модификации файла
261+  0000 ~            firstCluster    BLOCK   2                   ; смещение 1Ah, 2 байта - номер первого кластера в FAT, младшее слово
262+  0000 ~            size            BLOCK   4                   ; смещение 1Ch, 4 байта - размер файла в байтах
263+  0000                  ENDS
264+  0000
265+  0000              ;-----------------------------------------------------------------------
266+  0000              ; Информация о файле (компактный вариант дескриптора)
267+  0000              ; Почти совместимо с дескриптором оригинального Коммандера
268+  0000              ;-----------------------------------------------------------------------
269+  0000
270+  0000              FILE_INFO_SIZE = 16     ; размер структуры (байт)
271+  0000
272+  0000                  STRUCT FILE_INFO    ; 16 байт
273+  0000 ~            name            BLOCK   FILE_NAME_LENGTH    ; смещение 00h, 8 байт  - имя файла
274+  0000 ~            ext             BLOCK   3                   ; смещение 08h, 3 байта - расширение имени файла
275+  0000 ~            attrib          BLOCK   1                   ; смещение 0Bh, 1 байт  - атрибуты файла
276+  0000 ~            loadAddress     BLOCK   2                   ; смещение 0Eh, 2 байта - начальный адрес загрузки в ОЗУ, он же и стартовый
277+  0000 ~            size            BLOCK   2                   ; смещение 0Ch, 2 байта - размер файла в байтах
278+  0000                  ENDS
279+  0000
280+  0000              ;-----------------------------------------------------------------------
281+  0000              ; Информация об активном накопителе (диске)
282+  0000              ;-----------------------------------------------------------------------
283+  0000
284+  0000                  STRUCT DISK_INFO
285+  0000 ~            sectorSize          BLOCK   2   ; размер сектора, байт (256, 512, 1024)
286+  0000 ~            sectorsPerCluster   BLOCK   2   ; размер кластера, секторов (1, 2, 4, 8)
287+  0000 ~            resSectors          BLOCK   2   ; сколько секторов занимает зарезервированная область = первый сектор таблицы fat
288+  0000 ~            fatSectors          BLOCK   2   ; сколько секторов занимает таблица fat
289+  0000 ~            dirSectors          BLOCK   2   ; сколько секторов занимает корневой каталог
290+  0000 ~            totalSectors        BLOCK   2   ; сколько всего секторов на диске
291+  0000 ~            rootDirMaxFiles     BLOCK   2   ; максимум файлов в корневом каталоге
292+  0000 ~            descrPerSector      BLOCK   2   ; сколько дескрипторов файлов вмещается в один сектор
293+  0000 ~            fatNumCells         BLOCK   2   ; количество ячеек в таблице fat (= fatSectors * sectorSize / 2)
294+  0000 ~            dirStartSector      BLOCK   2   ; первый сектор корневого каталога
295+  0000 ~            dataStartSector     BLOCK   2   ; первый сектор области данных
296+  0000 ~            volumeLabel         BLOCK  12   ; метка тома и 0 в конце
297+  0000 ~            isValid             BLOCK   1   ; 0 = нет драйвера, 1 = диск не распознан, 2 = диск распознан, корректно отформатирован
298+  0000                  ENDS
299+  0000
300+  0000              DISK_NO_DRIVER = 0
301+  0000              DISK_INVALID   = 1
302+  0000              DISK_VALID     = 2
303+  0000
304+  0000              ;-----------------------------------------------------------------------
305+  0000              ; Буферы в памяти
306+  0000              ;-----------------------------------------------------------------------
307+  0000
308+  0000              ; Дисковый кэш
309+  0000              FAT_CACHE_ADDR = 0FB00h ; адрес кэша секторов fat в памяти
310+  0000              FAT_CACHE_SIZE = 1024   ; размер кэша в байтах
311+  0000              FAT_CACHE_CAPACITY = FAT_CACHE_SIZE / SECTOR_SIZE   ; сколько секторов вмещается в кэш
312+  0000
313+  0000              ; Буфер для загрузки BAT файла
314+  0000                  IF NEW_MEMORY_MAP
315+  0000              BAT_BUFFER = 0E800h
316+  0000                  ELSE
317+  0000 ~            BAT_BUFFER = 0FC00h
318+  0000                  ENDIF
319+  0000
320+  0000              ; Командная строка и стек
321+  0000              CMD_LINE   = 0FF00h  ; 192 байта, но в конце стек
322+  0000              STACK_ADDR = 0FFC0h  ; стек
323+  0000
324+  0000              ;-----------------------------------------------------------------------
325+  0000              ; Всякие полезности
326+  0000              ;-----------------------------------------------------------------------
327+  0000
328+  0000              ; Макрос для заполнения памяти от текущего адреса до указанного
329+  0000                  MACRO ORG_PAD adr
330+  0000 ~                     IF $ > adr
331+  0000 ~                       ; вывод сообщения об ошибке
332+  0000 ~                       ASSERT 0
333+  0000 ~                       DISPLAY /l, "Error! ORG_PAD failed! ", $, " is more than ", adr
334+  0000 ~                     ELSE
335+  0000 ~                       ; заполнение памяти
336+  0000 ~                       BLOCK adr-$, 0FFh
337+  0000 ~                     ENDIF
338+  0000 ~                     ORG adr
339+  0000                  ENDM
340+  0000
341+  0000                  MACRO ORG_PAD0 adr
342+  0000 ~                     IF $ > adr
343+  0000 ~                       ; вывод сообщения об ошибке
344+  0000 ~                       ASSERT 0
345+  0000 ~                       DISPLAY /l, "Error! ORG_PAD0 failed! ", $, " is more than ", adr
346+  0000 ~                     ELSE
347+  0000 ~                       ; заполнение памяти
348+  0000 ~                       BLOCK adr-$, 0
349+  0000 ~                     ENDIF
350+  0000 ~                     ORG adr
351+  0000                  ENDM
352+  0000
353+  0000              ; Макросы для проверки текущего адреса
354+  0000                  MACRO ASSERT_EQUAL adr
355+  0000 ~                     IF $ != adr
356+  0000 ~                       ASSERT 0
357+  0000 ~                       DISPLAY /l, "Error! Entry point has been shifted (", $, " != ", adr, ")"
358+  0000 ~                     ENDIF
359+  0000                  ENDM
360+  0000
361+  0000                  MACRO ASSERT_DONT_FIT adr
362+  0000 ~                     IF $ > adr
363+  0000 ~                       ASSERT 0
364+  0000 ~                       DISPLAY /l, "Error! Image did not fit (", $, " > ", adr, ")"
365+  0000 ~                     ENDIF
366+  0000                  ENDM
367+  0000
368+  0000              ;-----------------------------------------------------------------------
369+  0000              ; Конец
370+  0000              ;-----------------------------------------------------------------------
371+  0000
# file closed: D:\Projects\Specialist-OS\source\flash\../include/mxos.inc
 24   0000
 25   0000              ; РљРѕРјР°РЅРґС‹ bit set/reset СѓРїСЂР°РІР»СЏСЋС‰РµРіРѕ СЂРµРіРёСЃС‚СЂР° РљР 580Р’Р’55
 26   0000              LATCH_0 = 0Ah   ; РІС‹С…РѕРґ Р·Р°С‰С‘Р»РєРё РљР 580РР 22 = 0
 27   0000              LATCH_1 = 0Bh   ; РІС‹С…РѕРґ Р·Р°С‰С‘Р»РєРё РљР 580РР 22 = 1
 28   0000              WRITE_0 = 0Ch   ; СЃРёРіРЅР°Р» Р·Р°РїРёСЃРё = 0
 29   0000              WRITE_1 = 0Dh   ; СЃРёРіРЅР°Р» Р·Р°РїРёСЃРё = 1
 30   0000
 31   0000              ; РњР°СЃРєРё РїРѕСЂС‚Р° C
 32   0000              MASK_STANDBY = 0C0h ; Р·Р°С‰С‘Р»РєР° = 0, Р·Р°РїРёСЃСЊ = 1, С‡С‚РµРЅРёРµ = 1
 33   0000              MASK_READ    = 040h ; Р·Р°С‰С‘Р»РєР° = 0, Р·Р°РїРёСЃСЊ = 1, С‡С‚РµРЅРёРµ = 0
 34   0000
 35   0000              PPI_MODE_WRITE = 080h ; РїРѕСЂС‚С‹ A, B Рё C - РІС‹С…РѕРґС‹
 36   0000              PPI_MODE_READ  = 090h ; РїРѕСЂС‚ A - РІС…РѕРґ, РїРѕСЂС‚С‹ B Рё C - РІС‹С…РѕРґС‹
 37   0000
 38   0000              DRIVE = 7             ; H:
 39   0000              DISK_SECTORS = 4 * 512 * 4
 40   0000
 41   0000              CHIP_STATE_SIZE  = 4
 42   0000              CHIP_STATE_COUNT = 4
 43   0000
 44   0000              CHIP_STATE.busy       = 0
 45   0000              CHIP_STATE.pageSelect = 1
 46   0000              CHIP_STATE.addrHi     = 2
 47   0000              CHIP_STATE.data       = 3
 48   0000
 49   0000              ;----------------------------------------------------------------------------
 50   0000
 51   0000                  ORG     0DE00h
 52   DE00
 53   DE00                  ; РЎР±СЂР°СЃС‹РІР°РµРј СЃРѕСЃС‚РѕСЏРЅРёРµ, РѕСЃС‚Р°РІС€РµРµСЃСЏ РІ РїР°РјСЏС‚Рё РѕС‚ РїСЂРµРґС‹РґСѓС‰РµРіРѕ РґСЂР°Р№РІРµСЂР°.
 54   DE00 AF               xor     a
 55   DE01 32 AC DF         ld      (v_ppiMode), a
 56   DE04 21 AF DF         ld      hl, v_chipStates
 57   DE07 06 10            ld      b, CHIP_STATE_SIZE * CHIP_STATE_COUNT
 58   DE09              InitState:
 59   DE09 77               ld      (hl), a
 60   DE0A 23               inc     hl
 61   DE0B 05               dec     b
 62   DE0C C2 09 DE         jp nz,   InitState
 63   DE0F
 64   DE0F                  ; РЈСЃС‚Р°РЅР°РІР»РёРІР°РµРј РґСЂР°Р№РІРµСЂ РґРёСЃРєР° H:.
 65   DE0F 3E 07            ld      a, DRIVE
 66   DE11 21 1B DE         ld      hl, Driver
 67   DE14 CD 60 C8         call    bios_installDriver
 68   DE17 22 A8 DF         ld      (v_diskInfo), hl
 69   DE1A C9               ret
 70   DE1B
 71   DE1B              ;----------------------------------------------------------------------------
 72   DE1B
 73   DE1B              Driver:
 74   DE1B 78               ld      a, b
 75   DE1C FE 03            cp      3
 76   DE1E CA 3C DE         jp z,   FuncSize
 77   DE21
 78   DE21 E5               push    hl
 79   DE22 D5               push    de
 80   DE23 C5               push    bc
 81   DE24
 82   DE24 3D               dec     a
 83   DE25 CA 84 DE         jp z,   FuncWrite
 84   DE28 3D               dec     a
 85   DE29 CA 5A DE         jp z,   FuncRead
 86   DE2C 3D               dec     a
 87   DE2D 3D               dec     a
 88   DE2E CA DE DE         jp z,   FuncFlush
 89   DE31
 90   DE31              Exit:
 91   DE31 F5               push    af
 92   DE32 3E C0            ld      a, MASK_STANDBY
 93   DE34 32 E6 FF         ld      (IO_PROG_C), a
 94   DE37 F1               pop     af
 95   DE38 C1               pop     bc
 96   DE39 D1               pop     de
 97   DE3A E1               pop     hl
 98   DE3B C9               ret
 99   DE3C
100   DE3C              ;----------------------------------------------------------------------------
101   DE3C              ; Р¤СѓРЅРєС†РёСЏ 3 - СЂР°Р·РјРµСЂ РЅР°РєРѕРїРёС‚РµР»СЏ
102   DE3C              ;
103   DE3C              ; Р’С‹С…РѕРґ:
104   DE3C              ;   de = С‡РёСЃР»Рѕ СЃРµРєС‚РѕСЂРѕРІ;
105   DE3C              ;   hl = Р°РґСЂРµСЃ DISK_INFO.
106   DE3C
107   DE3C              FuncSize:
108   DE3C 2A A8 DF         ld      hl, (v_diskInfo)
109   DE3F 11 22 00         ld      de, DISK_INFO.isValid
110   DE42 19               add     hl, de
111   DE43 7E               ld      a, (hl)
112   DE44
113   DE44 11 00 20         ld      de, DISK_SECTORS
114   DE47 FE 02            cp      DISK_VALID
115   DE49 C2 56 DE         jp nz,  fsExit
116   DE4C
117   DE4C 2A A8 DF         ld      hl, (v_diskInfo)
118   DE4F 11 0A 00         ld      de, DISK_INFO.totalSectors
119   DE52 19               add     hl, de
120   DE53 5E               ld      e, (hl)
121   DE54 23               inc     hl
122   DE55 56               ld      d, (hl)
123   DE56
124   DE56              fsExit:
125   DE56 2A A8 DF         ld      hl, (v_diskInfo)
126   DE59 C9               ret
127   DE5A
128   DE5A              ;----------------------------------------------------------------------------
129   DE5A              ; Р¤СѓРЅРєС†РёСЏ 2 - С‡С‚РµРЅРёРµ СЃРµРєС‚РѕСЂР°
130   DE5A              ;
131   DE5A              ; Р’С…РѕРґ:
132   DE5A              ;   de = РЅРѕРјРµСЂ СЃРµРєС‚РѕСЂР°;
133   DE5A              ;   hl = Р°РґСЂРµСЃ Р±СѓС„РµСЂР°.
134   DE5A
135   DE5A              FuncRead:
136   DE5A                  ; Р§С‚РµРЅРёРµ РґРѕРїСѓСЃС‚РёРјРѕ СЃСЂР°Р·Сѓ, РµСЃР»Рё РїСЂРѕРіСЂР°РјРјРёСЂСѓРµС‚СЃСЏ РґСЂСѓРіР°СЏ РјРёРєСЂРѕСЃС…РµРјР°.
137   DE5A E5               push    hl
138   DE5B 7A               ld      a, d
139   DE5C CD 34 DF         call    GetChipState
140   DE5F CD F7 DE         call    WaitChip
141   DE62 E1               pop     hl
142   DE63 CD 54 DF         call    SetReadMode
143   DE66
144   DE66                  ; D[4:0] Р·Р°РґР°С‘С‚ A20:A16 flash-РґРёСЃРєР°.
145   DE66 7A               ld      a, d
146   DE67 E6 1F            and     01Fh
147   DE69 F6 40            or      MASK_READ
148   DE6B 32 E6 FF         ld      (IO_PROG_C), a
149   DE6E
150   DE6E                  ; E Р·Р°РґР°С‘С‚ A15:A8, СЃС‡С‘С‚С‡РёРє E - A7:A0.
151   DE6E 53               ld      d, e
152   DE6F 1E 00            ld      e, 0
153   DE71 CD 7E DF         call    LatchHiAddr
154   DE74
155   DE74              ; Р“РѕСЂСЏС‡РёР№ С†РёРєР»: 13 Р±Р°Р№С‚, 58 С‚Р°РєС‚РѕРІ/Р±Р°Р№С‚, 7424 РјРєСЃ РЅР° СЃРµРєС‚РѕСЂ РїСЂРё 2 РњР“С†.
156   DE74              ; РќР° Р±Р°Р№С‚: 1 Р·Р°РїРёСЃСЊ Рё 1 С‡С‚РµРЅРёРµ РљР 580Р’Р’55, 1 Р·Р°РїРёСЃСЊ РІ РћР—РЈ.
157   DE74              ReadLoop:
158   DE74 7B               ld      a, e
159   DE75 32 E5 FF         ld      (IO_PROG_B), a
160   DE78 3A E4 FF         ld      a, (IO_PROG_A)
161   DE7B 77               ld      (hl), a
162   DE7C 23               inc     hl
163   DE7D 1C               inc     e
164   DE7E C2 74 DE         jp nz,  ReadLoop
165   DE81
166   DE81 C3 31 DE         jp      Exit
167   DE84
168   DE84              ;----------------------------------------------------------------------------
169   DE84              ; Р¤СѓРЅРєС†РёСЏ 1 - Р·Р°РїРёСЃСЊ СЃРµРєС‚РѕСЂР°
170   DE84              ;
171   DE84              ; Р’С…РѕРґ:
172   DE84              ;   de = РЅРѕРјРµСЂ СЃРµРєС‚РѕСЂР°;
173   DE84              ;   hl = Р°РґСЂРµСЃ Р±СѓС„РµСЂР°.
174   DE84              ;
175   DE84              ; Р’С‹С…РѕРґ:
176   DE84              ;   СЃС‚СЂР°РЅРёС†Р° РїСЂРёРЅСЏС‚Р° РІС‹Р±СЂР°РЅРЅРѕР№ AT29C040A; РІРЅСѓС‚СЂРµРЅРЅРёР№ С†РёРєР» erase/program РјРѕР¶РµС‚
177   DE84              ;   РµС‰С‘ РїСЂРѕРґРѕР»Р¶Р°С‚СЊСЃСЏ. Р›СЋР±РѕРµ СЃР»РµРґСѓСЋС‰РµРµ РѕР±СЂР°С‰РµРЅРёРµ Рє СЌС‚РѕРјСѓ С‡РёРїСѓ СЃРёРЅС…СЂРѕРЅРёР·РёСЂСѓРµС‚СЃСЏ
178   DE84              ;   РІ WaitChip.
179   DE84
180   DE84              FuncWrite:
181   DE84                  ; Р—Р°РїРѕРјРёРЅР°РµРј РїРѕР»РЅС‹Р№ РІС‹Р±РѕСЂ СЃС‚СЂР°РЅРёС†С‹ Рё РЅР°С…РѕРґРёРј СЃРѕСЃС‚РѕСЏРЅРёРµ РІС‹Р±СЂР°РЅРЅРѕРіРѕ С‡РёРїР°.
182   DE84 7A               ld      a, d
183   DE85 E6 1F            and     01Fh
184   DE87 32 AD DF         ld      (v_pageSelect), a
185   DE8A
186   DE8A E5               push    hl
187   DE8B 7A               ld      a, d
188   DE8C CD 34 DF         call    GetChipState
189   DE8F 22 AA DF         ld      (v_statePtr), hl
190   DE92
191   DE92                  ; РќРµР»СЊР·СЏ Р·Р°РіСЂСѓР¶Р°С‚СЊ РЅРѕРІСѓСЋ СЃС‚СЂР°РЅРёС†Сѓ, РїРѕРєР° СЌС‚РѕС‚ Р¶Рµ С‡РёРї РїСЂРѕРіСЂР°РјРјРёСЂСѓРµС‚ СЃС‚Р°СЂСѓСЋ.
192   DE92 CD F7 DE         call    WaitChip
193   DE95 E1               pop     hl
194   DE96 CD 45 DF         call    SetWriteMode
195   DE99
196   DE99                  ; C4:C3 РІС‹Р±РёСЂР°СЋС‚ РѕРґРЅСѓ РёР· С‡РµС‚С‹СЂС‘С… РјРёРєСЂРѕСЃС…РµРј.
197   DE99 0E 0D            ld      c, WRITE_1
198   DE9B 7A               ld      a, d
199   DE9C E6 18            and     018h
200   DE9E 47               ld      b, a
201   DE9F CD 63 DF         call    DisableWriteProtection
202   DEA2
203   DEA2                  ; РџРѕСЃР»Рµ РїРѕСЃР»РµРґРЅРµРіРѕ Р±Р°Р№С‚Р° РєРѕРјР°РЅРґС‹ SDP РЅРµР»СЊР·СЏ РїСЂРµРІС‹С€Р°С‚СЊ tBLC = 150 РјРєСЃ.
204   DEA2                  ; Р”Рѕ РїРµСЂРІРѕРіРѕ РёРјРїСѓР»СЊСЃР° РґР°РЅРЅС‹С…: 223 С‚Р°РєС‚Р° = 111,5 РјРєСЃ РїСЂРё 2 РњР“С†.
205   DEA2 3A AD DF         ld      a, (v_pageSelect)
206   DEA5 F6 C0            or      MASK_STANDBY
207   DEA7 32 E6 FF         ld      (IO_PROG_C), a
208   DEAA
209   DEAA                  ; B Рё C СЃРѕРґРµСЂР¶Р°С‚ Р±С‹СЃС‚СЂС‹Рµ РєРѕРјР°РЅРґС‹ РёРјРїСѓР»СЊСЃР° /WE РґР»СЏ С†РёРєР»Р° Р·Р°РіСЂСѓР·РєРё.
210   DEAA 06 0C            ld      b, WRITE_0
211   DEAC
212   DEAC 53               ld      d, e
213   DEAD 1E 00            ld      e, 0
214   DEAF CD 7E DF         call    LatchHiAddr
215   DEB2
216   DEB2              ; Р“РѕСЂСЏС‡РёР№ С†РёРєР»: 21 Р±Р°Р№С‚, 89 С‚Р°РєС‚РѕРІ/Р±Р°Р№С‚, 11392 РјРєСЃ РЅР° СЃРµРєС‚РѕСЂ РїСЂРё 2 РњР“С†.
217   DEB2              ; РћР±С‹С‡РЅС‹Р№ Рё С…СѓРґС€РёР№ РїСѓС‚СЊ СЃРѕРІРїР°РґР°СЋС‚. РќР° Р±Р°Р№С‚: 4 Р·Р°РїРёСЃРё РљР 580Р’Р’55 Рё 1 С‡С‚РµРЅРёРµ РћР—РЈ.
218   DEB2              WriteLoop:
219   DEB2 7B               ld      a, e
220   DEB3 32 E5 FF         ld      (IO_PROG_B), a
221   DEB6 7E               ld      a, (hl)
222   DEB7 32 E4 FF         ld      (IO_PROG_A), a
223   DEBA 78               ld      a, b
224   DEBB 32 E7 FF         ld      (IO_PROG_MODE), a
225   DEBE 79               ld      a, c
226   DEBF 32 E7 FF         ld      (IO_PROG_MODE), a
227   DEC2 23               inc     hl
228   DEC3 1C               inc     e
229   DEC4 C2 B2 DE         jp nz,  WriteLoop
230   DEC7
231   DEC7                  ; РЎРѕС…СЂР°РЅСЏРµРј Р°РґСЂРµСЃ РїРѕСЃР»РµРґРЅРµРіРѕ Р±Р°Р№С‚Р° Рё РѕР¶РёРґР°РµРјРѕРµ Р·РЅР°С‡РµРЅРёРµ DQ7.
232   DEC7 2B               dec     hl
233   DEC8 4E               ld      c, (hl)
234   DEC9 1D               dec     e                       ; E = 0FFh
235   DECA
236   DECA 2A AA DF         ld      hl, (v_statePtr)
237   DECD 23               inc     hl
238   DECE 3A AD DF         ld      a, (v_pageSelect)
239   DED1 77               ld      (hl), a                 ; pageSelect
240   DED2 23               inc     hl
241   DED3 72               ld      (hl), d                 ; addrHi
242   DED4 23               inc     hl
243   DED5 71               ld      (hl), c                 ; data
244   DED6
245   DED6 2A AA DF         ld      hl, (v_statePtr)
246   DED9 36 01            ld      (hl), 1                 ; busy, Р·Р°РїРёСЃС‹РІР°РµС‚СЃСЏ РїРѕСЃР»РµРґРЅРёРј
247   DEDB
248   DEDB C3 31 DE         jp      Exit
249   DEDE
250   DEDE              ;----------------------------------------------------------------------------
251   DEDE              ; Р¤СѓРЅРєС†РёСЏ 4 - Р±Р°СЂСЊРµСЂ Р·Р°РїРёСЃРё.
252   DEDE              ;
253   DEDE              ; Р”РѕР¶РёРґР°РµС‚СЃСЏ РІСЃРµС… С‡РµС‚С‹СЂС‘С… РјРёРєСЂРѕСЃС…РµРј. Р­С‚Рѕ СЂР°СЃС€РёСЂРµРЅРёРµ ABI РїСЂРµРґРЅР°Р·РЅР°С‡РµРЅРѕ РґР»СЏ
254   DEDE              ; С‚РµСЃС‚РѕРІ, Р±РµР·РѕРїР°СЃРЅРѕРіРѕ РІС‹РєР»СЋС‡РµРЅРёСЏ Рё РїСЂРѕРіСЂР°РјРј, РєРѕС‚РѕСЂС‹Рј РЅСѓР¶РµРЅ СЏРІРЅС‹Р№ flush.
255   DEDE
256   DEDE              FuncFlush:
257   DEDE CD E4 DE         call    WaitAll
258   DEE1 C3 31 DE         jp      Exit
259   DEE4
260   DEE4              ;----------------------------------------------------------------------------
261   DEE4              ; РћР¶РёРґР°РЅРёРµ РІСЃРµС… РЅРµР·Р°РІРµСЂС€С‘РЅРЅС‹С… РѕРїРµСЂР°С†РёР№.
262   DEE4              ;
263   DEE4              ; Р Р°Р·СЂСѓС€Р°РµС‚:
264   DEE4              ;   af, de, hl.
265   DEE4
266   DEE4              WaitAll:
267   DEE4 21 AF DF         ld      hl, v_chipStates
268   DEE7 3E 04            ld      a, CHIP_STATE_COUNT
269   DEE9              waLoop:
270   DEE9 F5               push    af
271   DEEA CD F7 DE         call    WaitChip
272   DEED F1               pop     af
273   DEEE 11 04 00         ld      de, CHIP_STATE_SIZE
274   DEF1 19               add     hl, de
275   DEF2 3D               dec     a
276   DEF3 C2 E9 DE         jp nz,  waLoop
277   DEF6 C9               ret
278   DEF7
279   DEF7              ;----------------------------------------------------------------------------
280   DEF7              ; РћР¶РёРґР°РЅРёРµ РІС‹Р±СЂР°РЅРЅРѕР№ РјРёРєСЂРѕСЃС…РµРјС‹ РїРѕ DATA polling.
281   DEF7              ;
282   DEF7              ; Р’С…РѕРґ:
283   DEF7              ;   hl = Р°РґСЂРµСЃ CHIP_STATE.
284   DEF7              ;
285   DEF7              ; Р’С‹С…РѕРґ:
286   DEF7              ;   busy = 0.
287   DEF7              ;
288   DEF7              ; РЎРѕС…СЂР°РЅСЏРµС‚:
289   DEF7              ;   bc, de, hl.
290   DEF7              ;
291   DEF7              ; Р Р°Р·СЂСѓС€Р°РµС‚:
292   DEF7              ;   af.
293   DEF7              ;
294   DEF7              ; РўР°Р№Рј-Р°СѓС‚ РїСЂРµРІС‹С€Р°РµС‚ РјР°РєСЃРёРјР°Р»СЊРЅС‹Р№ tWC = 10 РјСЃ. ABI РґРёСЃРєРѕРІРѕРіРѕ РґСЂР°Р№РІРµСЂР° РЅРµ
295   DEF7              ; РїСЂРµРґСѓСЃРјР°С‚СЂРёРІР°РµС‚ РІРѕР·РІСЂР°С‚ РѕС€РёР±РєРё; РїРѕСЃР»Рµ С‚Р°Р№Рј-Р°СѓС‚Р° РїРѕРІРµРґРµРЅРёРµ СЃРѕРІРїР°РґР°РµС‚ СЃ
296   DEF7              ; РёСЃС‚РѕСЂРёС‡РµСЃРєРёРј Flash.asm - СѓРїСЂР°РІР»РµРЅРёРµ РІРѕР·РІСЂР°С‰Р°РµС‚СЃСЏ РІС‹Р·С‹РІР°СЋС‰РµР№ РїСЂРѕРіСЂР°РјРјРµ.
297   DEF7
298   DEF7              WaitChip:
299   DEF7 7E               ld      a, (hl)
300   DEF8 B7               or      a
301   DEF9 C8               ret z
302   DEFA
303   DEFA E5               push    hl
304   DEFB D5               push    de
305   DEFC C5               push    bc
306   DEFD
307   DEFD 23               inc     hl
308   DEFE 7E               ld      a, (hl)
309   DEFF 32 AE DF         ld      (v_waitSelect), a
310   DF02 23               inc     hl
311   DF03 56               ld      d, (hl)
312   DF04 23               inc     hl
313   DF05 4E               ld      c, (hl)
314   DF06
315   DF06 CD 54 DF         call    SetReadMode
316   DF09 CD 7E DF         call    LatchHiAddr
317   DF0C
318   DF0C 3E FF            ld      a, 0FFh
319   DF0E 32 E5 FF         ld      (IO_PROG_B), a
320   DF11 3A AE DF         ld      a, (v_waitSelect)
321   DF14 F6 40            or      MASK_READ
322   DF16 32 E6 FF         ld      (IO_PROG_C), a
323   DF19
324   DF19                  ; Р“РѕСЂСЏС‡РёР№ С†РёРєР»: РіРѕС‚РѕРІРЅРѕСЃС‚СЊ Р·Р° 34 С‚Р°РєС‚Р°; Р·Р°РЅСЏС‚РѕСЃС‚СЊ - 49 С‚Р°РєС‚РѕРІ РЅР° РїСЂРѕРІРµСЂРєСѓ.
325   DF19                  ; РҐСѓРґС€РёР№ РїСѓС‚СЊ (512 С‡С‚РµРЅРёР№ РљР 580Р’Р’55) Р·Р°РЅРёРјР°РµС‚ РѕРєРѕР»Рѕ 12,6 РјСЃ РїСЂРё 2 РњР“С†.
326   DF19 06 02            ld      b, 2
327   DF1B 2E 00            ld      l, 0
328   DF1D              wcPoll:
329   DF1D 3A E4 FF         ld      a, (IO_PROG_A)
330   DF20 A9               xor     c
331   DF21 E6 80            and     080h
332   DF23 CA 2E DF         jp z,   wcDone
333   DF26 2D               dec     l
334   DF27 C2 1D DF         jp nz,  wcPoll
335   DF2A 05               dec     b
336   DF2B C2 1D DF         jp nz,  wcPoll
337   DF2E
338   DF2E              wcDone:
339   DF2E C1               pop     bc
340   DF2F D1               pop     de
341   DF30 E1               pop     hl
342   DF31 AF               xor     a
343   DF32 77               ld      (hl), a
344   DF33 C9               ret
345   DF34
346   DF34              ;----------------------------------------------------------------------------
347   DF34              ; РџРѕР»СѓС‡РµРЅРёРµ Р°РґСЂРµСЃР° СЃРѕСЃС‚РѕСЏРЅРёСЏ РјРёРєСЂРѕСЃС…РµРјС‹.
348   DF34              ;
349   DF34              ; Р’С…РѕРґ:
350   DF34              ;   a = СЃС‚Р°СЂС€РёР№ Р±Р°Р№С‚ Р»РѕРіРёС‡РµСЃРєРѕРіРѕ РЅРѕРјРµСЂР° СЃРµРєС‚РѕСЂР°.
351   DF34              ;
352   DF34              ; Р’С‹С…РѕРґ:
353   DF34              ;   hl = Р°РґСЂРµСЃ CHIP_STATE.
354   DF34              ;
355   DF34              ; РЎРѕС…СЂР°РЅСЏРµС‚:
356   DF34              ;   de.
357   DF34              ;
358   DF34              ; Р Р°Р·СЂСѓС€Р°РµС‚:
359   DF34              ;   af.
360   DF34
361   DF34              GetChipState:
362   DF34 E6 18            and     018h
363   DF36 0F               rrca
364   DF37 0F               rrca
365   DF38 0F               rrca
366   DF39 87               add     a, a
367   DF3A 87               add     a, a
368   DF3B 6F               ld      l, a
369   DF3C 26 00            ld      h, 0
370   DF3E D5               push    de
371   DF3F 11 AF DF         ld      de, v_chipStates
372   DF42 19               add     hl, de
373   DF43 D1               pop     de
374   DF44 C9               ret
375   DF45
376   DF45              ;----------------------------------------------------------------------------
377   DF45
378   DF45              SetWriteMode:
379   DF45 3A AC DF         ld      a, (v_ppiMode)
380   DF48 FE 80            cp      PPI_MODE_WRITE
381   DF4A C8               ret z
382   DF4B 3E 80            ld      a, PPI_MODE_WRITE
383   DF4D 32 E7 FF         ld      (IO_PROG_MODE), a
384   DF50 32 AC DF         ld      (v_ppiMode), a
385   DF53 C9               ret
386   DF54
387   DF54              SetReadMode:
388   DF54 3A AC DF         ld      a, (v_ppiMode)
389   DF57 FE 90            cp      PPI_MODE_READ
390   DF59 C8               ret z
391   DF5A 3E 90            ld      a, PPI_MODE_READ
392   DF5C 32 E7 FF         ld      (IO_PROG_MODE), a
393   DF5F 32 AC DF         ld      (v_ppiMode), a
394   DF62 C9               ret
395   DF63
396   DF63              ;----------------------------------------------------------------------------
397   DF63              ; РљРѕРјР°РЅРґР° Software Data Protection РїРµСЂРµРґ Р·Р°РіСЂСѓР·РєРѕР№ СЃС‚СЂР°РЅРёС†С‹.
398   DF63              ;
399   DF63              ; Р’С…РѕРґ:
400   DF63              ;   b = C4:C3 РІС‹Р±РѕСЂР° РјРёРєСЂРѕСЃС…РµРјС‹ (0, 8, 16 РёР»Рё 24).
401   DF63              ;
402   DF63              ; РЎРѕС…СЂР°РЅСЏРµС‚:
403   DF63              ;   de.
404   DF63              ;
405   DF63              ; Р Р°Р·СЂСѓС€Р°РµС‚:
406   DF63              ;   af.
407   DF63
408   DF63              DisableWriteProtection:
409   DF63 D5               push    de
410   DF64 3E AA            ld      a, 0AAh
411   DF66 11 55 55         ld      de, 5555h
412   DF69 CD 8D DF         call    WriteByteToChip
413   DF6C 3E 55            ld      a, 055h
414   DF6E 11 AA 2A         ld      de, 2AAAh
415   DF71 CD 8D DF         call    WriteByteToChip
416   DF74 3E A0            ld      a, 0A0h
417   DF76 11 55 55         ld      de, 5555h
418   DF79 CD 8D DF         call    WriteByteToChip
419   DF7C D1               pop     de
420   DF7D C9               ret
421   DF7E
422   DF7E              ;----------------------------------------------------------------------------
423   DF7E              ; Р—Р°С‰С‘Р»РєРёРІР°РЅРёРµ A15:A8.
424   DF7E              ;
425   DF7E              ; Р’С…РѕРґ:
426   DF7E              ;   d = A15:A8.
427   DF7E              ;
428   DF7E              ; РЎРѕС…СЂР°РЅСЏРµС‚:
429   DF7E              ;   bc, de, hl.
430   DF7E              ;
431   DF7E              ; Р Р°Р·СЂСѓС€Р°РµС‚:
432   DF7E              ;   af.
433   DF7E
434   DF7E              LatchHiAddr:
435   DF7E 3E 0B            ld      a, LATCH_1
436   DF80 32 E7 FF         ld      (IO_PROG_MODE), a
437   DF83 7A               ld      a, d
438   DF84 32 E5 FF         ld      (IO_PROG_B), a
439   DF87 3E 0A            ld      a, LATCH_0
440   DF89 32 E7 FF         ld      (IO_PROG_MODE), a
441   DF8C C9               ret
442   DF8D
443   DF8D              ;----------------------------------------------------------------------------
444   DF8D              ; Р—Р°РїРёСЃСЊ РѕРґРЅРѕРіРѕ РєРѕРјР°РЅРґРЅРѕРіРѕ Р±Р°Р№С‚Р° РІ РІС‹Р±СЂР°РЅРЅСѓСЋ РјРёРєСЂРѕСЃС…РµРјСѓ.
445   DF8D              ;
446   DF8D              ; Р’С…РѕРґ:
447   DF8D              ;   de = Р°РґСЂРµСЃ РІРЅСѓС‚СЂРё РјРёРєСЂРѕСЃС…РµРјС‹;
448   DF8D              ;   b  = C4:C3 РІС‹Р±РѕСЂР° РјРёРєСЂРѕСЃС…РµРјС‹;
449   DF8D              ;   a  = Р±Р°Р№С‚ РєРѕРјР°РЅРґС‹.
450   DF8D              ;
451   DF8D              ; Р Р°Р·СЂСѓС€Р°РµС‚:
452   DF8D              ;   af.
453   DF8D
454   DF8D              WriteByteToChip:
455   DF8D 32 E4 FF         ld      (IO_PROG_A), a
456   DF90 CD 7E DF         call    LatchHiAddr
457   DF93 7B               ld      a, e
458   DF94 32 E5 FF         ld      (IO_PROG_B), a
459   DF97 78               ld      a, b
460   DF98 F6 C0            or      MASK_STANDBY
461   DF9A 32 E6 FF         ld      (IO_PROG_C), a
462   DF9D 3E 0C            ld      a, WRITE_0
463   DF9F 32 E7 FF         ld      (IO_PROG_MODE), a
464   DFA2 3E 0D            ld      a, WRITE_1
465   DFA4 32 E7 FF         ld      (IO_PROG_MODE), a
466   DFA7 C9               ret
467   DFA8
468   DFA8              ;----------------------------------------------------------------------------
469   DFA8
470   DFA8 00 00        v_diskInfo:   DW 0
471   DFAA 00 00        v_statePtr:   DW 0
472   DFAC 00           v_ppiMode:    DB 0
473   DFAD 00           v_pageSelect: DB 0
474   DFAE 00           v_waitSelect: DB 0
475   DFAF
476   DFAF              v_chipStates:
477   DFAF 00 00 00...      BLOCK CHIP_STATE_SIZE * CHIP_STATE_COUNT, 0
478   DFBF
479   DFBF              ;----------------------------------------------------------------------------
480   DFBF
481   DFBF                  ASSERT_DONT_FIT 0E000h
481   DFBF             >         IF $ > 0E000h
481   DFBF ~           >           ASSERT 0
481   DFBF ~           >           DISPLAY /l, "Error! Image did not fit (", $, " > ", adr, ")"
481   DFBF             >         ENDIF
482   DFBF
483   DFBF                  END
# file closed: D:\Projects\Specialist-OS\source\flash\FlashFst.asm
