# file opened: D:\Projects\Specialist-OS\source\flash\FlashSys.asm
  1   0000              ;----------------------------------------------------------------------------
  2   0000              ; MXOS
  3   0000              ; FLASHSYS.COM - РґСЂР°Р№РІРµСЂ РїРµСЂРµР·Р°РїРёСЃС‹РІР°РµРјРѕРіРѕ СЃРёСЃС‚РµРјРЅРѕРіРѕ ROM-РґРёСЃРєР°
  4   0000              ;
  5   0000              ; Р¤СѓРЅРєС†РёРё РґСЂР°Р№РІРµСЂР° (РЅРѕРјРµСЂ РІ СЂРµРіРёСЃС‚СЂРµ b):
  6   0000              ;   b == 1 - Р·Р°РїРёСЃР°С‚СЊ СЃРµРєС‚РѕСЂ (256 Р±Р°Р№С‚, РЅРѕРјРµСЂ СЃРµРєС‚РѕСЂР° РІ de, Р±СѓС„РµСЂ РІ hl);
  7   0000              ;   b == 2 - РїСЂРѕС‡РёС‚Р°С‚СЊ СЃРµРєС‚РѕСЂ (256 Р±Р°Р№С‚, РЅРѕРјРµСЂ СЃРµРєС‚РѕСЂР° РІ de, Р±СѓС„РµСЂ РІ hl);
  8   0000              ;   b == 3 - РїРѕР»СѓС‡РёС‚СЊ СЂР°Р·РјРµСЂ РґРёСЃРєР° РІ СЃРµРєС‚РѕСЂР°С… (de) Рё DISK_INFO (hl).
  9   0000              ;
 10   0000              ; РЎРёСЃС‚РµРјРЅР°СЏ РџР—РЈ РѕС‚РѕР±СЂР°Р¶Р°РµС‚СЃСЏ РІ 0000h-7FFFh СЃС‚СЂР°РЅРёС†Р°РјРё РїРѕ 32 РљР‘:
 11   0000              ;   FFFCh - РІРµСЂРЅСѓС‚СЊ РѕСЃРЅРѕРІРЅРѕРµ РћР—РЈ;
 12   0000              ;   FFFEh - РїРѕРґРєР»СЋС‡РёС‚СЊ СЃС‚СЂР°РЅРёС†Сѓ ROM-РґРёСЃРєР°, D0-D3 = РЅРѕРјРµСЂ СЃС‚СЂР°РЅРёС†С‹.
 13   0000              ; Р РµРіРёСЃС‚СЂ FFF8h Р·РґРµСЃСЊ РЅРµ РёСЃРїРѕР»СЊР·СѓРµС‚СЃСЏ: РµРіРѕ D0 РІС‹Р±РёСЂР°РµС‚ ROM/RAM С‚РѕР»СЊРєРѕ РІ
 14   0000              ; СЃС‚Р°РЅРґР°СЂС‚РЅРѕРј СЂРµР¶РёРјРµ "РЎРїРµС†РёР°Р»РёСЃС‚Р°", Р° D1 РїРµСЂРµРєР»СЋС‡Р°РµС‚ 4/8 С†РІРµС‚РѕРІ.
 15   0000              ;
 16   0000              ; РџРѕРґРґРµСЂР¶РёРІР°СЋС‚СЃСЏ AT29C010A (128 РљР‘, С„РёР·РёС‡РµСЃРєР°СЏ СЃС‚СЂР°РЅРёС†Р° Р·Р°РїРёСЃРё 128 Р±Р°Р№С‚),
 17   0000              ; AT29C020 Рё AT29C040A (256/512 РљР‘, СЃС‚СЂР°РЅРёС†Р° Р·Р°РїРёСЃРё 256 Р±Р°Р№С‚).
 18   0000              ; Р Р°Р·РјРµСЂ С„РёР·РёС‡РµСЃРєРѕР№ СЃС‚СЂР°РЅРёС†С‹ РѕРїСЂРµРґРµР»СЏРµС‚СЃСЏ РїРѕ BPB СѓР¶Рµ Р·Р°РіСЂСѓР¶РµРЅРЅРѕРіРѕ СЃРёСЃС‚РµРјРЅРѕРіРѕ
 19   0000              ; РґРёСЃРєР°: С‚РѕРј 128 РљР‘ СЃРѕРґРµСЂР¶РёС‚ 0200h Р»РѕРіРёС‡РµСЃРєРёС… СЃРµРєС‚РѕСЂРѕРІ.
 20   0000              ;----------------------------------------------------------------------------
 21   0000
 22   0000                  INCLUDE "../include/mxos.inc"
# file opened: D:\Projects\Specialist-OS\source\flash\../include/mxos.inc
  1+  0000              ;-----------------------------------------------------------------------
  2+  0000              ; MXOS
  3+  0000              ; Точки входа и настройки сборки MXOS
  4+  0000              ;
  5+  0000              ; Новая карта памяти:
  6+  0000              ;   8FDF-8FFF - [  32 B] Переменные
  7+  0000              ;   9000-BFFF - [12  KB] Экран
  8+  0000              ;   C000-DBFF - [7168 B] DOS.SYS
  9+  0000              ;   DC00-DDFF - [ 512 B] драйверные расширения (например, FlashSys.com)
 10+  0000              ;   DE00-DFFF - [ 512 B] Драйвер флеш-диска
 11+  0000              ;   E000-E7FF - [2048 B] Шрифт
 12+  0000              ;   E800-FAFF - [4864 B] Системные программы (NC.COM, E.COM, DL-RED.COM, FORMAT.COM, MON2.COM, ...)
 13+  0000              ;   FB00-FEFF - [1024 B] Дисковый кэш (fat + каталог)
 14+  0000              ;   FF00-FF81 - [ 130 B] Командная строка
 15+  0000              ;   FF82-FFBF - [  62 B] Стек
 16+  0000              ;   FFC0-FFEF - [  32 B] Непереключаемое ОЗУ, драйвер обмена с RAM диском
 17+  0000              ;   FFE0-FFFF - [  32 B] Оборудование
 18+  0000              ;
 19+  0000              ; Старая карта памяти:
 20+  0000              ;   8FDF-8FFF - [  32 B] Переменные
 21+  0000              ;   9000-BFFF - [12  KB] Экран
 22+  0000              ;   C000-CFFF - [4096 B] DOS.SYS
 23+  0000              ;   D000-E1FF - [4607 B] Системные программы (NC.COM, E.COM, DL-RED.COM)
 24+  0000              ;   E200-E5FF - [1024 B] Свободно (1024 байт)
 25+  0000              ;   E600-E7FF - [ 512 B] Драйвер магнитофона
 26+  0000              ;   E800-E8FF - [ 256 B] Свободно (256 байт)
 27+  0000              ;   E900-F0FF - [2048 B] Шрифт (можно отключить запуском ROMFNT.COM или опцией LOAD_FONT=0)
 28+  0000              ;   F100-F8FF - [2048 B] Системные программы (FORMAT.COM, MON2.COM, ...)
 29+  0000              ;   F900-F9FF - [ 256 B] Свободно (256 байт)
 30+  0000              ;   FA00-FAFF - [ 256 B] Драйвер флеш-диска
 31+  0000              ;   FB00-FEFF - [1024 B] Дисковый буфер (fat + каталог)
 32+  0000              ;   FF00-FF81 - [ 130 B] Командная строка
 33+  0000              ;   FF82-FFBF - [  62 B] Стек
 34+  0000              ;   FFC0-FFEF - [  32 B] Непереключаемое ОЗУ, драйвер обмена с RAM диском
 35+  0000              ;   FFE0-FFFF - [  32 B] Оборудование
 36+  0000              ;-----------------------------------------------------------------------
 37+  0000
 38+  0000
 39+  0000              ;-----------------------------------------------------------------------
 40+  0000              ; Конфигурация сборки
 41+  0000              ;-----------------------------------------------------------------------
 42+  0000
 43+  0000              NEW_MEMORY_MAP       =  1       ; Новая карта памяти
 44+  0000              RAMD_MAX_PAGE        =  16      ; Максимальное количество страниц RAM диска
 45+  0000              RAMD_PAGE_END        =  0FFBBh  ; Включить поддержку ДОЗУ большего чем 64 Кб
 46+  0000              ROM_64K              =  1       ; Включить поддержку ПЗУ 64 Кб Специалиста МХ2
 47+  0000              ENABLE_COLOR         =  1       ; Включить поддержку цвета
 48+  0000              EMBED_FONT           =  0       ; Встроить шрифт в программу (при запуске шрифт копируется на FONT_ADDR)
 49+  0000              LOAD_FONT            =  1       ; Загружать шрифт в ОЗУ
 50+  0000              COLOR_BIOS           =  0F0h    ; Цвет командной строки
 51+  0000              RAMFOS_COMPATIBILITY =  1       ; Совместимость с RAMFOS (WIP)
 52+  0000              BOOT_FROM_TAPE       =  0       ; Включить загрузку с ленты при нажатой клавише после сброса
 53+  0000
 54+  0000                  IF  NEW_MEMORY_MAP
 55+  0000              FONT_ADDR = 0E000h  ; Адрес шрфита
 56+  0000                  ELSE
 57+  0000 ~            FONT_ADDR = 0E900h  ; Адрес шрфита
 58+  0000                  ENDIF
 59+  0000
 60+  0000                  IF  LOAD_FONT
 61+  0000              FONT_ADDR_DIV_8 = FONT_ADDR/8
 62+  0000                  ELSE
 63+  0000 ~            FONT_ADDR_DIV_8 = -1
 64+  0000                  ENDIF
 65+  0000
 66+  0000              ;-----------------------------------------------------------------------
 67+  0000              ; Переменные ОС в подэкранном пространстве и их начальные значения
 68+  0000              ; Доступ к переменным из программ польователя:
 69+  0000              ; ld a, bios_vars.lastKey
 70+  0000              ;-----------------------------------------------------------------------
 71+  0000
 72+  0000                  STRUCT BIOS_VARIABLES
 73+  0000 ~            _reserv_1     DW      -1              ; 8FDFh -
 74+  0000 ~            tapeError     DW      0C800h          ; 8FE1h - Адрес, куда происходит переход при ошибке чтения с ленты
 75+  0000 ~            tapeAddr      DW      -1              ; 8FE3h - Адрес программы, загруженной с ленты
 76+  0000 ~            _reserv_2     DW      -1              ; 8FE5h -
 77+  0000 ~            charGen       DW      FONT_ADDR_DIV_8 ; 8FE7h - Адрес альтернативного знакогенератора / 8
 78+  0000 ~            cursorCfg     DB       21h ; 0A9h     ; 8FE9h - Внешний вид курсора (биты: 7 - мигание (если 0), 654 - положение (Y) от низа строки, 3210 - размер по высоте)
 79+  0000 ~            koi7          DB       0   ; 0FFh     ; 8FEAh - 0FFh = включен KOI-7, 0 = включен KOI-8
 80+  0000 ~            escMode       DB      -1              ; 8FEBh - Обработка ESC-последовательности
 81+  0000 ~            keyLocks      DB      0BAh ; 3Ah      ; 8FECh - Caps Lock или Рус/Lat (3A - прописные анг, BA - строчные анг, BB - прописные рус, 3B - строчные рус)
 82+  0000 ~            _reserv_3     DW      -1              ; 8FEDh -
 83+  0000 ~            lastLastKey   DB      -1              ; 8FEFh - Предпоследняя нажатая клавиша
 84+  0000 ~            lastKey       DB      -1              ; 8FF0h - Последняя нажатая клавиша
 85+  0000 ~            beepFreq      DB       5Fh            ; 8FF1h - Частота звукового сигнала (также влияет на длительность)
 86+  0000 ~            beepDuration  DB       20h            ; 8FF2h - Длительность звукового сигнала (сколько раз повторять посылку)
 87+  0000 ~            tapeInverse   DB      0FFh            ; 8FF3h - Признак инверсии данных с ленты
 88+  0000 ~            cursorDelay   DB       20h            ; 8FF4h - Задержка мигания курсора
 89+  0000 ~            antiBsDelay   DB      0E0h            ; 8FF5h - Задержка защиты от дребезга контактов клавиш
 90+  0000 ~            oldSP         DW      -1              ; 8FF6h - Используется для сохранения SP некоторыми функциями
 91+  0000 ~            ramPageCount  DB      RAMD_MAX_PAGE   ; 8FF8h - Количество детектированных 64кб страниц RAM-диска
 92+  0000 ~            diskWriteErr  DB       0              ; 8FF9h - Признак ошибки записи диска
 93+  0000 ~            inverse       DW       0              ; 8FFAh - Инвертирование текста (0=нормальный текст, 0FFFFh=инверсный)
 94+  0000 ~            cursorY       DB      -1              ; 8FFCh - Положение курсора по вертикали в пикселях
 95+  0000 ~            cursorX       DB      -1              ; 8FFDh - Положение курсора по горизонтали в пикселях / 2
 96+  0000 ~            writeDelay    DB      28h             ; 8FFEh - Скорость при записи на ленту
 97+  0000 ~            readDelay     DB      3Ch             ; 8FFFh - Скорость при чтении с ленты
 98+  0000                  ENDS
 99+  0000
100+  0000              ; Блок переменных BIOS начинается с адреса 8FDFh
101+  0000              bios_vars   BIOS_VARIABLES = 8FDFh
102+  0000
103+  0000              ;-----------------------------------------------------------------------
104+  0000              ; Стандартные точки входа ОС
105+  0000              ; Отмеченные [OLD] применять не рекомендуется
106+  0000              ; Отмеченные [MXOS2] - новые в MXOS 2
107+  0000              ;-----------------------------------------------------------------------
108+  0000
109+  0000              bios_init               = 0C000h ; Теплая перезагрузка
110+  0000
111+  0000              ; Устаревшие точки, лечше не применять
112+  0000              bios_keyScanOld         = 0C003h ; [OLD] Получить код нажатой клавиши, = bios_keyScan
113+  0000              bios_drawCursorOld      = 0C006h ; [OLD] Нарисовать/стереть курсор
114+  0000              bios_clearScreenOld     = 0C010h ; [OLD] Оистка экрана
115+  0000              bios_printCharOld       = 0C037h ; [OLD] Вывод символа на экран
116+  0000              bios_beep_Old           = 0C170h ; [OLD] Звуковой сигнал
117+  0000              bios_delay_l            = 0C18Fh ; [OLD] Задержка l циклов
118+  0000              bios_delay_b            = 0C190h ; [OLD] Задержка b циклов
119+  0000              bios_getchOld           = 0C337h ; [OLD] Ожидание ввода с клавиатуры
120+  0000              bios_tapeReadOld        = 0C377h ; [OLD] Чтение байта с магнитофона
121+  0000              bios_tapeWriteOld       = 0C3D0h ; [OLD] Запись байта на магнитофон
122+  0000              bios_cmp_hl_de          = 0C427h ; [OLD] Сравнить hl и de
123+  0000              bios_memcpy_bc_hl       = 0C42Dh ; [OLD] Скопировать блок памяти
124+  0000              bios_printStringOld     = 0C438h ; [OLD] Вывод строки на экран
125+  0000
126+  0000              ; Стандартные точки C800h
127+  0000              bios_reboot             = 0C800h ; Запустить NC.COM
128+  0000              bios_getch              = 0C803h ; Ожидание ввода с клавиатуры
129+  0000              bios_tapeRead           = 0C806h ; Чтение байта с магнитофона
130+  0000              bios_printChar          = 0C809h ; Вывод символа на экран
131+  0000              bios_tapeWrite          = 0C80Ch ; Запись байта на магнитофон
132+  0000              bios_input              = 0C80Fh ; Ввод строки с клавиатуры
133+  0000              bios_keyCheck           = 0C812h ; Получить код нажатой клавиши, = bios_keyScan
134+  0000              bios_printHexByte       = 0C815h ; Вывод HEX числа на экран (байт)
135+  0000              bios_printString        = 0C818h ; Вывод строки на экран
136+  0000              bios_keyScan            = 0C81Bh ; Получить код нажатой клавиши
137+  0000              bios_getCursorPos       = 0C81Eh ; Получить координаты курсора в hl (координаты в пикселях)
138+  0000              bios_setCursorPos       = 0C821h ; Установить координаты курсора из hl (координаты в пикселях)
139+  0000              bios_tapeLoad           = 0C824h ; Загрузить программу с магнитофона
140+  0000              bios_tapeSave           = 0C827h ; Сохранить программу на магнитофон
141+  0000              bios_calcCS             = 0C82Ah ; Расчет контрольной суммы
142+  0000              bios_printHexWord       = 0C82Dh ; Вывод HEX числа на экран (слово)
143+  0000              bios_getMemTop          = 0C830h ; Получить объем доступной памяти
144+  0000              bios_setMemTop          = 0C833h ; Установить объем доступной памяти
145+  0000              bios_printer            = 0C836h ; Напечатать байт на принтере
146+  0000                  IF RAMFOS_COMPATIBILITY
147+  0000              bios_strToHex           = 0C839h ; [MXOS2] Преобразвоние строки в HEX формате в число
148+  0000                  ELSE
149+  0000 ~            bios_rebootAlt          = 0C839h ; Запустить NC.COM
150+  0000                  ENDIF
151+  0000              bios_rebootAlt2         = 0C83Ch ; Запустить NC.COM
152+  0000              bios_fileList           = 0C83Fh ; Получить список файлов
153+  0000              bios_fileGetSetDrive    = 0C842h ; Получить/установить активное устройство
154+  0000              bios_fileCreate         = 0C845h ; Создать файл
155+  0000              bios_fileLoad           = 0C848h ; Загрузить файл по адресу из заголовка этого файла
156+  0000              bios_fileDelete         = 0C84Bh ; Удалить файл
157+  0000              bios_fileRename         = 0C84Eh ; Переименовать файл
158+  0000              bios_fileLoadInfo       = 0C851h ; Загрузить информацию о файле
159+  0000              bios_fileGetSetAddr     = 0C854h ; Получить/установить адрес загрузки файла
160+  0000              bios_fileGetSetAttr     = 0C857h ; Получить/установить атрибуты файла
161+  0000              bios_fileNamePrepare    = 0C85Ah ; Преобразовать имя файла во внутренний формат
162+  0000              bios_fileExec           = 0C85Dh ; Запустить файл
163+  0000              bios_installDriver      = 0C860h ; Установить драйвер накопителя
164+  0000              bios_diskDriver         = 0C863h ; Драйвер выбранного диска
165+  0000              bios_fileLoad2          = 0C866h ; Загрузить файл по адресу de
166+  0000
167+  0000              ; Новые точки C800h MXOS2
168+  0000              bios_printCharReal      = 0C869h ; [MXOS2] Вывод символа на экран (только реальные символы)
169+  0000              bios_printDecWord       = 0C86Ch ; [MXOS2] Вывод числа экран в десятичной форме
170+  0000              bios_setRAMDDriver      = 0C86Fh ; [MXOS2] Установить драйвр рам-диска
171+  0000              bios_getDriveFreeSpace  = 0C872h ; [MXOS2] Получить оставшийся свободный объем диска
172+  0000              bios_upperCase          = 0C875h ; [MXOS2] Перевод кода символа КОИ-8 в верхний регистр
173+  0000              bios_strcmp             = 0C878h ; [MXOS2] Сравнение строк, чувствительное к регистру
174+  0000              bios_stricmp            = 0C87Bh ; [MXOS2] Сравнение строк, нечувствительное к регистру
175+  0000              bios_sub_hl_de          = 0C87Eh ; [MXOS2] Вычитание hl и de: hl = hl - de
176+  0000              bios_div_hl_2           = 0C881h ; [MXOS2] Деление hl на 2: hl = hl / 2
177+  0000              bios_mul_hl_de          = 0C884h ; [MXOS2] Умножение hl на de: hl = hl * de
178+  0000              bios_div_hl_de          = 0C887h ; [MXOS2] Деление hl на de: hl = hl / de, de = hl % de
179+  0000              bios_fileCreatePrepare  = 0C88Ah ; [MXOS2] Создать файл и выделить цепочку FAT без записи данных
180+  0000              bios_fileTransfer       = 0C88Dh ; [MXOS2] Передать последовательные кластеры на выбранном диске
181+  0000
182+  0000              ;-----------------------------------------------------------------------
183+  0000              ; Адрес таблицы переходов драйвера магнитофона
184+  0000              ;-----------------------------------------------------------------------
185+  0000
186+  0000              TAPE_DRIVER_JUMPS = bios_tapeReadOld    ; старая таблица переходов магнитофона, сохранена для ABI
187+  0000
188+  0000              ;-----------------------------------------------------------------------
189+  0000              ; Непереключаемое ОЗУ ПК "Специалист-MX" (0FFC0h-0FFDF, 32 байта)
190+  0000              ;-----------------------------------------------------------------------
191+  0000
192+  0000              bios_RAMDRead   = 0FFC0h ; п/п чтения из ДОЗУ
193+  0000              bios_RAMDWrite  = 0FFD0h ; п/п записи в  ДОЗУ
194+  0000
195+  0000              ;-----------------------------------------------------------------------
196+  0000              ; Порты устройств ПК "Специалист-MX2" (0FFE0h-0FFFF, 32 байта)
197+  0000              ;-----------------------------------------------------------------------
198+  0000
199+  0000              IO_KEYB_A       =  0FFE0h   ; ВВ55 клавиатуры
200+  0000              IO_KEYB_B       =  0FFE1h
201+  0000              IO_KEYB_C       =  0FFE2h
202+  0000              IO_KEYB_MODE    =  0FFE3h
203+  0000              IO_PROG_A       =  0FFE4h   ; ВВ55 программатора/флеш диска
204+  0000              IO_PROG_B       =  0FFE5h
205+  0000              IO_PROG_C       =  0FFE6h
206+  0000              IO_PROG_MODE    =  0FFE7h
207+  0000              IO_FDD_CMD      =  0FFE8h   ; контроллер дисковода ВГ93
208+  0000              IO_FDD_TRACK    =  0FFE9h
209+  0000              IO_FDD_SECTOR   =  0FFEAh
210+  0000              IO_FDD_DATA     =  0FFEBh
211+  0000              IO_TIMER_CH0    =  0FFECh   ; таймер ВИ53
212+  0000              IO_TIMER_CH1    =  0FFEDh
213+  0000              IO_TIMER_CH2    =  0FFEEh
214+  0000              IO_TIMER_MODE   =  0FFEFh
215+  0000              IO_FDD_REQ      =  0FFF0h   ; контроллер дисковода
216+  0000              IO_FDD_MOTOR    =  0FFF1h
217+  0000              IO_FDD_SIDE     =  0FFF2h
218+  0000              IO_FDD_DRIVE    =  0FFF3h
219+  0000              IO_COLOR        =  0FFF8h   ; регистр цвета
220+  0000              IO_PAGE_RAM     =  0FFFCh   ; порт включения основного ОЗУ
221+  0000              IO_PAGE_RAMD    =  0FFFDh   ; порт включения ОЗУ RAM-дисков
222+  0000              IO_PAGE_ROM     =  0FFFEh   ; порт включения ПЗУ
223+  0000              IO_PAGE_STD     =  0FFFFh   ; порт включения STD режима
224+  0000
225+  0000              ;-----------------------------------------------------------------------
226+  0000              ; Структура файловой системы
227+  0000              ;-----------------------------------------------------------------------
228+  0000
229+  0000              ; Структура каталога
230+  0000              FILE_DESCR_SIZE  = 32   ; размер дескриптора файла в каталоге (байт)
231+  0000              FILE_NAME_LENGTH = 8    ; длина имени файла  (байт)
232+  0000              FAT_ITEM_SIZE    = 2    ; размер записи в таблице FAT (байт)
233+  0000
234+  0000              SECTOR_SIZE  = 00100h   ; размер сектора 256 байт
235+  0000              CLUSTER_SIZE = 00100h   ; размер кластера 256 байт
236+  0000
237+  0000              ; Специальные коды кластеров FAT
238+  0000              FAT12_BAD = 00FF7h  ; плохой кластер
239+  0000              FAT16_BAD = 0FFF7h
240+  0000              FAT12_EOC = 00FFFh  ; последний кластер файла
241+  0000              FAT16_EOC = 0FFFFh
242+  0000              FAT12_RES = 00FFFh  ; зарезервированный кластер
243+  0000              FAT16_RES = 0FFFFh
244+  0000
245+  0000              ;-----------------------------------------------------------------------
246+  0000              ; Десткриптор файла (одна запись в каталоге) FAT12/16/32
247+  0000              ;-----------------------------------------------------------------------
248+  0000
249+  0000                  STRUCT FILE_DESCRIPTOR  ; 32 байта
250+  0000 ~            name            BLOCK   FILE_NAME_LENGTH    ; смещение 00h, 8 байт  - имя файла
251+  0000 ~            ext             BLOCK   3                   ; смещение 08h, 3 байта - расширение имени файла
252+  0000 ~            attrib          BLOCK   1                   ; смещение 0Bh, 1 байт  - атрибуты файла
253+  0000 ~            ntReserved      BLOCK   1                   ; смещение 0Ch, 1 байт  - используются в Windows NT
254+  0000 ~            createTimeTenth BLOCK   1                   ; смещение 0Dh, 1 байт  - (только FAT32) время создания файла, десятки миллисекунд (0-199)
255+  0000 ~            createTime      BLOCK   2                   ; смещение 0Eh, 2 байта - (только FAT32) время создания файла, секунды*2 (0-43200)
256+  0000 ~            createDate      BLOCK   2                   ; смещение 10h, 2 байта - (только FAT32) дата  создания файла
257+  0000 ~            loadAddress     BLOCK   2  ; accDate        ; смещение 12h, 2 байта - начальный адрес загрузки в ОЗУ, он же и стартовый (!!! временный костыль, в FAT32 это accDate - дата доступа к файлу !!!)
258+  0000 ~            firstClusterHi  BLOCK   2                   ; смещение 14h, 2 байта - номер первого кластера в FAT, старшее слово
259+  0000 ~            writeTime       BLOCK   2                   ; смещение 16h, 2 байта - время модификации файла, секунды*2 (0-43200)
260+  0000 ~            writeDate       BLOCK   2                   ; смещение 18h, 2 байта - дата  модификации файла
261+  0000 ~            firstCluster    BLOCK   2                   ; смещение 1Ah, 2 байта - номер первого кластера в FAT, младшее слово
262+  0000 ~            size            BLOCK   4                   ; смещение 1Ch, 4 байта - размер файла в байтах
263+  0000                  ENDS
264+  0000
265+  0000              ;-----------------------------------------------------------------------
266+  0000              ; Информация о файле (компактный вариант дескриптора)
267+  0000              ; Почти совместимо с дескриптором оригинального Коммандера
268+  0000              ;-----------------------------------------------------------------------
269+  0000
270+  0000              FILE_INFO_SIZE = 16     ; размер структуры (байт)
271+  0000
272+  0000                  STRUCT FILE_INFO    ; 16 байт
273+  0000 ~            name            BLOCK   FILE_NAME_LENGTH    ; смещение 00h, 8 байт  - имя файла
274+  0000 ~            ext             BLOCK   3                   ; смещение 08h, 3 байта - расширение имени файла
275+  0000 ~            attrib          BLOCK   1                   ; смещение 0Bh, 1 байт  - атрибуты файла
276+  0000 ~            loadAddress     BLOCK   2                   ; смещение 0Eh, 2 байта - начальный адрес загрузки в ОЗУ, он же и стартовый
277+  0000 ~            size            BLOCK   2                   ; смещение 0Ch, 2 байта - размер файла в байтах
278+  0000                  ENDS
279+  0000
280+  0000              ;-----------------------------------------------------------------------
281+  0000              ; Информация об активном накопителе (диске)
282+  0000              ;-----------------------------------------------------------------------
283+  0000
284+  0000                  STRUCT DISK_INFO
285+  0000 ~            sectorSize          BLOCK   2   ; размер сектора, байт (256, 512, 1024)
286+  0000 ~            sectorsPerCluster   BLOCK   2   ; размер кластера, секторов (1, 2, 4, 8)
287+  0000 ~            resSectors          BLOCK   2   ; сколько секторов занимает зарезервированная область = первый сектор таблицы fat
288+  0000 ~            fatSectors          BLOCK   2   ; сколько секторов занимает таблица fat
289+  0000 ~            dirSectors          BLOCK   2   ; сколько секторов занимает корневой каталог
290+  0000 ~            totalSectors        BLOCK   2   ; сколько всего секторов на диске
291+  0000 ~            rootDirMaxFiles     BLOCK   2   ; максимум файлов в корневом каталоге
292+  0000 ~            descrPerSector      BLOCK   2   ; сколько дескрипторов файлов вмещается в один сектор
293+  0000 ~            fatNumCells         BLOCK   2   ; количество ячеек в таблице fat (= fatSectors * sectorSize / 2)
294+  0000 ~            dirStartSector      BLOCK   2   ; первый сектор корневого каталога
295+  0000 ~            dataStartSector     BLOCK   2   ; первый сектор области данных
296+  0000 ~            volumeLabel         BLOCK  12   ; метка тома и 0 в конце
297+  0000 ~            isValid             BLOCK   1   ; 0 = нет драйвера, 1 = диск не распознан, 2 = диск распознан, корректно отформатирован
298+  0000                  ENDS
299+  0000
300+  0000              DISK_NO_DRIVER = 0
301+  0000              DISK_INVALID   = 1
302+  0000              DISK_VALID     = 2
303+  0000
304+  0000              ;-----------------------------------------------------------------------
305+  0000              ; Буферы в памяти
306+  0000              ;-----------------------------------------------------------------------
307+  0000
308+  0000              ; Дисковый кэш
309+  0000              FAT_CACHE_ADDR = 0FB00h ; адрес кэша секторов fat в памяти
310+  0000              FAT_CACHE_SIZE = 1024   ; размер кэша в байтах
311+  0000              FAT_CACHE_CAPACITY = FAT_CACHE_SIZE / SECTOR_SIZE   ; сколько секторов вмещается в кэш
312+  0000
313+  0000              ; Буфер для загрузки BAT файла
314+  0000                  IF NEW_MEMORY_MAP
315+  0000              BAT_BUFFER = 0E800h
316+  0000                  ELSE
317+  0000 ~            BAT_BUFFER = 0FC00h
318+  0000                  ENDIF
319+  0000
320+  0000              ; Командная строка и стек
321+  0000              CMD_LINE   = 0FF00h  ; 192 байта, но в конце стек
322+  0000              STACK_ADDR = 0FFC0h  ; стек
323+  0000
324+  0000              ;-----------------------------------------------------------------------
325+  0000              ; Всякие полезности
326+  0000              ;-----------------------------------------------------------------------
327+  0000
328+  0000              ; Макрос для заполнения памяти от текущего адреса до указанного
329+  0000                  MACRO ORG_PAD adr
330+  0000 ~                     IF $ > adr
331+  0000 ~                       ; вывод сообщения об ошибке
332+  0000 ~                       ASSERT 0
333+  0000 ~                       DISPLAY /l, "Error! ORG_PAD failed! ", $, " is more than ", adr
334+  0000 ~                     ELSE
335+  0000 ~                       ; заполнение памяти
336+  0000 ~                       BLOCK adr-$, 0FFh
337+  0000 ~                     ENDIF
338+  0000 ~                     ORG adr
339+  0000                  ENDM
340+  0000
341+  0000                  MACRO ORG_PAD0 adr
342+  0000 ~                     IF $ > adr
343+  0000 ~                       ; вывод сообщения об ошибке
344+  0000 ~                       ASSERT 0
345+  0000 ~                       DISPLAY /l, "Error! ORG_PAD0 failed! ", $, " is more than ", adr
346+  0000 ~                     ELSE
347+  0000 ~                       ; заполнение памяти
348+  0000 ~                       BLOCK adr-$, 0
349+  0000 ~                     ENDIF
350+  0000 ~                     ORG adr
351+  0000                  ENDM
352+  0000
353+  0000              ; Макросы для проверки текущего адреса
354+  0000                  MACRO ASSERT_EQUAL adr
355+  0000 ~                     IF $ != adr
356+  0000 ~                       ASSERT 0
357+  0000 ~                       DISPLAY /l, "Error! Entry point has been shifted (", $, " != ", adr, ")"
358+  0000 ~                     ENDIF
359+  0000                  ENDM
360+  0000
361+  0000                  MACRO ASSERT_DONT_FIT adr
362+  0000 ~                     IF $ > adr
363+  0000 ~                       ASSERT 0
364+  0000 ~                       DISPLAY /l, "Error! Image did not fit (", $, " > ", adr, ")"
365+  0000 ~                     ENDIF
366+  0000                  ENDM
367+  0000
368+  0000              ;-----------------------------------------------------------------------
369+  0000              ; Конец
370+  0000              ;-----------------------------------------------------------------------
371+  0000
# file closed: D:\Projects\Specialist-OS\source\flash\../include/mxos.inc
 23   0000
 24   0000              DRIVE             = 0       ; A:
 25   0000              DISK_SECTORS_MAX  = 2048    ; 512 РљР‘ / 256 Р±Р°Р№С‚
 26   0000              ROM_PAGE_MASK     = 00Fh
 27   0000              ROM_ADDR_HI_MASK  = 07Fh
 28   0000              ROM_128K_SECTORS_HI = 2     ; СЃС‚Р°СЂС€РёР№ Р±Р°Р№С‚ С‡РёСЃР»Р° СЃРµРєС‚РѕСЂРѕРІ 0200h
 29   0000
 30   0000              ;----------------------------------------------------------------------------
 31   0000
 32   0000                  ; РћС‚Р»Р°РґРѕС‡РЅРѕРµ СЂР°Р·РјРµС‰РµРЅРёРµ. РћРєРЅРѕ 0DC00h-0DDFFh С€С‚Р°С‚РЅРѕ Р·Р°СЂРµР·РµСЂРІРёСЂРѕРІР°РЅРѕ РґР»СЏ
 33   0000                  ; TAPE.COM, РїРѕСЌС‚РѕРјСѓ РґРѕ РІСЃС‚СЂР°РёРІР°РЅРёСЏ РґСЂР°Р№РІРµСЂР° РІ DOS РѕРґРЅРѕРІСЂРµРјРµРЅРЅРѕ РјРѕР¶РЅРѕ
 34   0000                  ; РёСЃРїРѕР»СЊР·РѕРІР°С‚СЊ FlashSys Рё Flash.com, РЅРѕ РЅРµ РІРЅРµС€РЅРёР№ РјР°РіРЅРёС‚РѕС„РѕРЅРЅС‹Р№ РґСЂР°Р№РІРµСЂ.
 35   0000                  ORG     0DC00h
 36   DC00
 37   DC00                  ; Р—Р°РјРµРЅСЏРµРј РІСЃС‚СЂРѕРµРЅРЅС‹Р№ РґСЂР°Р№РІРµСЂ СЃРёСЃС‚РµРјРЅРѕРіРѕ ROM-РґРёСЃРєР° A:.
 38   DC00 3E 00            ld      a, DRIVE
 39   DC02 21 E6 DC         ld      hl, Driver
 40   DC05 CD 60 C8         call    bios_installDriver
 41   DC08 22 FB DD         ld      (v_diskInfo), hl
 42   DC0B CD 0F DC         call    InstallProtection
 43   DC0E C9               ret
 44   DC0F
 45   DC0F              ;----------------------------------------------------------------------------
 46   DC0F
 47   DC0F              ; РЈСЃС‚Р°РЅР°РІР»РёРІР°РµРј Р·Р°С‰РёС‚РЅС‹Рµ РѕР±С‘СЂС‚РєРё СЃС‚Р°РЅРґР°СЂС‚РЅС‹С… С„Р°Р№Р»РѕРІС‹С… С„СѓРЅРєС†РёР№. Р‘Р»Р°РіРѕРґР°СЂСЏ
 48   DC0F              ; СЌС‚РѕРјСѓ РїРѕРґС‚РІРµСЂР¶РґРµРЅРёРµ СЂР°Р±РѕС‚Р°РµС‚ РЅРµ С‚РѕР»СЊРєРѕ РІ NC.COM, РЅРѕ Рё РІ Р»СЋР±РѕР№ РїСЂРѕРіСЂР°РјРјРµ,
 49   DC0F              ; РёСЃРїРѕР»СЊР·СѓСЋС‰РµР№ С€С‚Р°С‚РЅС‹Р№ BIOS ABI. РџРѕРІС‚РѕСЂРЅС‹Р№ Р·Р°РїСѓСЃРє РґСЂР°Р№РІРµСЂР° РЅРµ РїРѕРґРґРµСЂР¶РёРІР°РµС‚СЃСЏ,
 50   DC0F              ; РєР°Рє Рё Сѓ РѕСЃС‚Р°Р»СЊРЅС‹С… РґСЂР°Р№РІРµСЂРѕРІ, Р·Р°РіСЂСѓР¶Р°РµРјС‹С… РїРѕ Р°РґСЂРµСЃСѓ 0DE00h.
 51   DC0F
 52   DC0F              InstallProtection:
 53   DC0F 2A 46 C8         ld      hl, (bios_fileCreate + 1)
 54   DC12 22 73 DC         ld      (CallFileCreate + 1), hl
 55   DC15 2A 4C C8         ld      hl, (bios_fileDelete + 1)
 56   DC18 22 81 DC         ld      (CallFileDelete + 1), hl
 57   DC1B 2A 4F C8         ld      hl, (bios_fileRename + 1)
 58   DC1E 22 8F DC         ld      (CallFileRename + 1), hl
 59   DC21
 60   DC21 21 6A DC         ld      hl, ProtectedFileCreate
 61   DC24 22 46 C8         ld      (bios_fileCreate + 1), hl
 62   DC27 21 78 DC         ld      hl, ProtectedFileDelete
 63   DC2A 22 4C C8         ld      (bios_fileDelete + 1), hl
 64   DC2D 21 86 DC         ld      hl, ProtectedFileRename
 65   DC30 22 4F C8         ld      (bios_fileRename + 1), hl
 66   DC33 C9               ret
 67   DC34
 68   DC34              ;----------------------------------------------------------------------------
 69   DC34              ; РџРѕРґС‚РІРµСЂР¶РґРµРЅРёРµ РёР·РјРµРЅРµРЅРёСЏ С„Р°Р№Р»РѕРІ СЃРёСЃС‚РµРјРЅРѕРіРѕ РґРёСЃРєР° A:.
 70   DC34              ;
 71   DC34              ; Р’С‹С…РѕРґ:
 72   DC34              ;   CF=0 - СЂР°Р·СЂРµС€РёС‚СЊ РѕРїРµСЂР°С†РёСЋ;
 73   DC34              ;   CF=1 - РѕС‚РјРµРЅРёС‚СЊ РѕРїРµСЂР°С†РёСЋ.
 74   DC34              ;
 75   DC34              ; РЎРѕС…СЂР°РЅСЏРµС‚:
 76   DC34              ;   bc, de, hl.
 77   DC34              ;
 78   DC34              ; Р Р°Р·СЂСѓС€Р°РµС‚:
 79   DC34              ;   af.
 80   DC34
 81   DC34              ConfirmSystemChange:
 82   DC34 E5               push    hl
 83   DC35 D5               push    de
 84   DC36 C5               push    bc
 85   DC37
 86   DC37 1E 02            ld      e, 2
 87   DC39 CD 42 C8         call    bios_fileGetSetDrive
 88   DC3C B7               or      a
 89   DC3D C2 60 DC         jp nz,  ConfirmAllowed
 90   DC40
 91   DC40                  ; РЎС‚СЂРѕРєР° РїРѕРјРµС‰Р°РµС‚СЃСЏ РІ РєРѕРјР°РЅРґРЅСѓСЋ СЃС‚СЂРѕРєСѓ NC. РџРѕСЃР»Рµ РѕРїРµСЂР°С†РёРё NC РїРµСЂРµСЂРёСЃСѓРµС‚ РµС‘.
 92   DC40 21 F3 01         ld      hl, 001F3h
 93   DC43 22 FC 8F         ld      (bios_vars.cursorY), hl
 94   DC46 21 B6 DC         ld      hl, aConfirmSystemChange
 95   DC49 CD 18 C8         call    bios_printString
 96   DC4C
 97   DC4C              ConfirmRelease:
 98   DC4C CD 1B C8         call    bios_keyScan
 99   DC4F 3C               inc     a
100   DC50 C2 4C DC         jp nz,  ConfirmRelease
101   DC53
102   DC53              ConfirmWait:
103   DC53 CD 1B C8         call    bios_keyScan
104   DC56 FE 1B            cp      01Bh
105   DC58 CA 65 DC         jp z,   ConfirmDenied
106   DC5B FE 0D            cp      00Dh
107   DC5D C2 53 DC         jp nz,  ConfirmWait
108   DC60
109   DC60              ConfirmAllowed:
110   DC60 C1               pop     bc
111   DC61 D1               pop     de
112   DC62 E1               pop     hl
113   DC63 B7               or      a
114   DC64 C9               ret
115   DC65
116   DC65              ConfirmDenied:
117   DC65 C1               pop     bc
118   DC66 D1               pop     de
119   DC67 E1               pop     hl
120   DC68 37               scf
121   DC69 C9               ret
122   DC6A
123   DC6A              ProtectedFileCreate:
124   DC6A CD 34 DC         call    ConfirmSystemChange
125   DC6D D8               ret c
126   DC6E AF               xor     a
127   DC6F 32 F9 8F         ld      (bios_vars.diskWriteErr), a
128   DC72              CallFileCreate:
129   DC72 CD 00 00         call    0
130   DC75 C3 94 DC         jp      CheckWriteResult
131   DC78
132   DC78              ProtectedFileDelete:
133   DC78 CD 34 DC         call    ConfirmSystemChange
134   DC7B D8               ret c
135   DC7C AF               xor     a
136   DC7D 32 F9 8F         ld      (bios_vars.diskWriteErr), a
137   DC80              CallFileDelete:
138   DC80 CD 00 00         call    0
139   DC83 C3 94 DC         jp      CheckWriteResult
140   DC86
141   DC86              ProtectedFileRename:
142   DC86 CD 34 DC         call    ConfirmSystemChange
143   DC89 D8               ret c
144   DC8A AF               xor     a
145   DC8B 32 F9 8F         ld      (bios_vars.diskWriteErr), a
146   DC8E              CallFileRename:
147   DC8E CD 00 00         call    0
148   DC91 C3 94 DC         jp      CheckWriteResult
149   DC94
150   DC94              ; РЎРѕС…СЂР°РЅСЏРµРј С€С‚Р°С‚РЅС‹Р№ СЂРµР·СѓР»СЊС‚Р°С‚ С„Р°Р№Р»РѕРІРѕР№ С„СѓРЅРєС†РёРё, РµСЃР»Рё С„РёР·РёС‡РµСЃРєРёР№ РґСЂР°Р№РІРµСЂ РЅРµ
151   DC94              ; РѕР±РЅР°СЂСѓР¶РёР» РѕС€РёР±РєСѓ. РџСЂРё РѕС€РёР±РєРµ РїРѕРєР°Р·С‹РІР°РµРј СЃРѕРѕР±С‰РµРЅРёРµ Рё РІРѕР·РІСЂР°С‰Р°РµРј CF=1.
152   DC94              CheckWriteResult:
153   DC94 F5               push    af
154   DC95 3A F9 8F         ld      a, (bios_vars.diskWriteErr)
155   DC98 B7               or      a
156   DC99 CA B4 DC         jp z,   CheckWriteOk
157   DC9C F1               pop     af
158   DC9D
159   DC9D E5               push    hl
160   DC9E D5               push    de
161   DC9F C5               push    bc
162   DCA0 21 F3 01         ld      hl, 001F3h
163   DCA3 22 FC 8F         ld      (bios_vars.cursorY), hl
164   DCA6 21 D5 DC         ld      hl, aWriteError
165   DCA9 CD 18 C8         call    bios_printString
166   DCAC CD 03 C8         call    bios_getch
167   DCAF C1               pop     bc
168   DCB0 D1               pop     de
169   DCB1 E1               pop     hl
170   DCB2 37               scf
171   DCB3 C9               ret
172   DCB4
173   DCB4              CheckWriteOk:
174   DCB4 F1               pop     af
175   DCB5 C9               ret
176   DCB6
177   DCB6              aConfirmSystemChange:
178   DCB6 53 59 53 54      DB      "SYSTEM DISK: MODIFY? ENTER/ESC", 0
178   DCBA 45 4D 20 44
178   DCBE 49 53 4B 3A
178   DCC2 20 4D 4F 44
178   DCC6 49 46 59 3F
178   DCCA 20 45 4E 54
178   DCCE 45 52 2F 45
178   DCD2 53 43 00
179   DCD5              aWriteError:
180   DCD5 44 49 53 4B      DB      "DISK WRITE ERROR", 0
180   DCD9 20 57 52 49
180   DCDD 54 45 20 45
180   DCE1 52 52 4F 52
180   DCE5 00
181   DCE6
182   DCE6              ;----------------------------------------------------------------------------
183   DCE6
184   DCE6              Driver:
185   DCE6 78               ld      a, b
186   DCE7 FE 03            cp      3
187   DCE9 CA 00 DD         jp z,   FuncSize
188   DCEC
189   DCEC E5               push    hl
190   DCED D5               push    de
191   DCEE C5               push    bc
192   DCEF
193   DCEF 3D               dec     a
194   DCF0 CA 46 DD         jp z,   FuncWrite
195   DCF3 3D               dec     a
196   DCF4 CA 2F DD         jp z,   FuncRead
197   DCF7
198   DCF7              Exit:
199   DCF7                  ; РџСЂРё Р»СЋР±РѕРј РІС‹С…РѕРґРµ РѕСЃРЅРѕРІРЅРѕРµ РћР—РЈ РґРѕР»Р¶РЅРѕ Р±С‹С‚СЊ РїРѕРґРєР»СЋС‡РµРЅРѕ РѕР±СЂР°С‚РЅРѕ.
200   DCF7 F5               push    af
201   DCF8 32 FC FF         ld      (IO_PAGE_RAM), a
202   DCFB F1               pop     af
203   DCFC C1               pop     bc
204   DCFD D1               pop     de
205   DCFE E1               pop     hl
206   DCFF C9               ret
207   DD00
208   DD00              ;----------------------------------------------------------------------------
209   DD00              ; Р¤СѓРЅРєС†РёСЏ 3 - СЂР°Р·РјРµСЂ РЅР°РєРѕРїРёС‚РµР»СЏ.
210   DD00              ;
211   DD00              ; Р’С‹С…РѕРґ:
212   DD00              ;   de = С‡РёСЃР»Рѕ СЃРµРєС‚РѕСЂРѕРІ;
213   DD00              ;   hl = Р°РґСЂРµСЃ DISK_INFO.
214   DD00
215   DD00              FuncSize:
216   DD00 2A FB DD         ld      hl, (v_diskInfo)
217   DD03 11 22 00         ld      de, DISK_INFO.isValid
218   DD06 19               add     hl, de
219   DD07 7E               ld      a, (hl)
220   DD08
221   DD08 11 00 08         ld      de, DISK_SECTORS_MAX
222   DD0B FE 02            cp      DISK_VALID
223   DD0D C2 1A DD         jp nz,  fsExit
224   DD10
225   DD10 2A FB DD         ld      hl, (v_diskInfo)
226   DD13 11 0A 00         ld      de, DISK_INFO.totalSectors
227   DD16 19               add     hl, de
228   DD17 5E               ld      e, (hl)
229   DD18 23               inc     hl
230   DD19 56               ld      d, (hl)
231   DD1A
232   DD1A              fsExit:
233   DD1A 2A FB DD         ld      hl, (v_diskInfo)
234   DD1D C9               ret
235   DD1E
236   DD1E              ;----------------------------------------------------------------------------
237   DD1E              ; Р’С‹С‡РёСЃР»РµРЅРёРµ СЃС‚СЂР°РЅРёС†С‹ РџР—РЈ Рё Р°РґСЂРµСЃР° СЃРµРєС‚РѕСЂР° РІРЅСѓС‚СЂРё РѕРєРЅР° 0000h-7FFFh.
238   DD1E              ;
239   DD1E              ; Р’С…РѕРґ:
240   DD1E              ;   de = РЅРѕРјРµСЂ 256-Р±Р°Р№С‚РЅРѕРіРѕ СЃРµРєС‚РѕСЂР°.
241   DD1E              ;
242   DD1E              ; Р’С‹С…РѕРґ:
243   DD1E              ;   v_page = РЅРѕРјРµСЂ 32-РљР‘ СЃС‚СЂР°РЅРёС†С‹;
244   DD1E              ;   de     = Р°РґСЂРµСЃ РЅР°С‡Р°Р»Р° СЃРµРєС‚РѕСЂР° РІ РѕС‚РѕР±СЂР°Р¶С‘РЅРЅРѕР№ СЃС‚СЂР°РЅРёС†Рµ.
245   DD1E              ;
246   DD1E              ; Р Р°Р·СЂСѓС€Р°РµС‚:
247   DD1E              ;   af.
248   DD1E
249   DD1E              PrepareAddress:
250   DD1E 7B               ld      a, e
251   DD1F 87               add     a, a              ; CF = Р±РёС‚ 7 РјР»Р°РґС€РµРіРѕ Р±Р°Р№С‚Р° РЅРѕРјРµСЂР° СЃРµРєС‚РѕСЂР°
252   DD20 7A               ld      a, d
253   DD21 17               rla                       ; A = РЅРѕРјРµСЂ СЃРµРєС‚РѕСЂР° / 128
254   DD22 E6 0F            and     ROM_PAGE_MASK
255   DD24 32 FD DD         ld      (v_page), a
256   DD27
257   DD27 53               ld      d, e
258   DD28 1E 00            ld      e, 0
259   DD2A 7A               ld      a, d
260   DD2B E6 7F            and     ROM_ADDR_HI_MASK
261   DD2D 57               ld      d, a
262   DD2E C9               ret
263   DD2F
264   DD2F              ;----------------------------------------------------------------------------
265   DD2F              ; Р¤СѓРЅРєС†РёСЏ 2 - С‡С‚РµРЅРёРµ СЃРµРєС‚РѕСЂР°.
266   DD2F              ;
267   DD2F              ; Р’С…РѕРґ:
268   DD2F              ;   de = РЅРѕРјРµСЂ СЃРµРєС‚РѕСЂР°;
269   DD2F              ;   hl = Р°РґСЂРµСЃ Р±СѓС„РµСЂР°.
270   DD2F
271   DD2F              FuncRead:
272   DD2F CD 1E DD         call    PrepareAddress
273   DD32
274   DD32              ; Р“РѕСЂСЏС‡РёР№ С†РёРєР»: 16 Р±Р°Р№С‚, 73 С‚Р°РєС‚Р°/Р±Р°Р№С‚, РѕРєРѕР»Рѕ 9,34 РјСЃ РЅР° СЃРµРєС‚РѕСЂ РїСЂРё 2 РњР“С†.
275   DD32              ; РќР° Р±Р°Р№С‚: РѕРґРЅРѕ С‡С‚РµРЅРёРµ РџР—РЈ, РѕРґРЅР° Р·Р°РїРёСЃСЊ РћР—РЈ Рё РґРІР° РїРµСЂРµРєР»СЋС‡РµРЅРёСЏ РјР°РїРїРµСЂР°.
276   DD32              ReadLoop:
277   DD32 3A FD DD         ld      a, (v_page)
278   DD35 32 FE FF         ld      (IO_PAGE_ROM), a
279   DD38 1A               ld      a, (de)
280   DD39 32 FC FF         ld      (IO_PAGE_RAM), a
281   DD3C 77               ld      (hl), a
282   DD3D 23               inc     hl
283   DD3E 1C               inc     e
284   DD3F C2 32 DD         jp nz,  ReadLoop
285   DD42
286   DD42 B7               or      a
287   DD43 C3 F7 DC         jp      Exit
288   DD46
289   DD46              ;----------------------------------------------------------------------------
290   DD46              ; Р¤СѓРЅРєС†РёСЏ 1 - Р·Р°РїРёСЃСЊ СЃРµРєС‚РѕСЂР°.
291   DD46              ;
292   DD46              ; Р’С…РѕРґ:
293   DD46              ;   de = РЅРѕРјРµСЂ СЃРµРєС‚РѕСЂР°;
294   DD46              ;   hl = Р°РґСЂРµСЃ Р±СѓС„РµСЂР°.
295   DD46
296   DD46              FuncWrite:
297   DD46                  ; AT29C010A РёРјРµРµС‚ 128-Р±Р°Р№С‚РЅСѓСЋ С„РёР·РёС‡РµСЃРєСѓСЋ СЃС‚СЂР°РЅРёС†Сѓ. РЎРёСЃС‚РµРјРЅС‹Р№ С‚РѕРј РЅР° С‚Р°РєРѕРј
298   DD46                  ; С‡РёРїРµ СЃРѕРґРµСЂР¶РёС‚ 0200h Р»РѕРіРёС‡РµСЃРєРёС… СЃРµРєС‚РѕСЂРѕРІ, РїРѕСЌС‚РѕРјСѓ СЃРµРєС‚РѕСЂ РґРµР»РёС‚СЃСЏ РїРѕРїРѕР»Р°Рј.
299   DD46 E5               push    hl
300   DD47 D5               push    de
301   DD48 2A FB DD         ld      hl, (v_diskInfo)
302   DD4B 11 0B 00         ld      de, DISK_INFO.totalSectors + 1
303   DD4E 19               add     hl, de
304   DD4F 7E               ld      a, (hl)
305   DD50 D1               pop     de
306   DD51 E1               pop     hl
307   DD52
308   DD52 0E 00            ld      c, 0
309   DD54 FE 02            cp      ROM_128K_SECTORS_HI
310   DD56 C2 5B DD         jp nz,  fwChunkReady
311   DD59 0E 80            ld      c, 080h
312   DD5B              fwChunkReady:
313   DD5B 79               ld      a, c
314   DD5C 32 FE DD         ld      (v_chunkEnd), a
315   DD5F 32 FF DD         ld      (v_chunkCount), a
316   DD62
317   DD62 CD 1E DD         call    PrepareAddress
318   DD65 CD 7C DD         call    ProgramChunk
319   DD68 DA F7 DC         jp c,   Exit
320   DD6B
321   DD6B                  ; Р”Р»СЏ 128-РљР‘ С‡РёРїР° Р·Р°РїРёСЃС‹РІР°РµРј РІС‚РѕСЂСѓСЋ 128-Р±Р°Р№С‚РЅСѓСЋ РїРѕР»РѕРІРёРЅСѓ СЃРµРєС‚РѕСЂР°.
322   DD6B 3A FE DD         ld      a, (v_chunkEnd)
323   DD6E B7               or      a
324   DD6F CA F7 DC         jp z,   Exit
325   DD72 AF               xor     a
326   DD73 32 FE DD         ld      (v_chunkEnd), a
327   DD76 CD 7C DD         call    ProgramChunk
328   DD79 C3 F7 DC         jp      Exit
329   DD7C
330   DD7C              ;----------------------------------------------------------------------------
331   DD7C              ; Р—Р°РїРёСЃСЊ РѕРґРЅРѕР№ С„РёР·РёС‡РµСЃРєРѕР№ СЃС‚СЂР°РЅРёС†С‹ AT29C.
332   DD7C              ;
333   DD7C              ; Р’С…РѕРґ:
334   DD7C              ;   de = Р°РґСЂРµСЃ РїРµСЂРІРѕРіРѕ Р±Р°Р№С‚Р° РІ РѕС‚РѕР±СЂР°Р¶С‘РЅРЅРѕР№ СЃС‚СЂР°РЅРёС†Рµ РџР—РЈ;
335   DD7C              ;   hl = Р°РґСЂРµСЃ РїРµСЂРІРѕРіРѕ Р±Р°Р№С‚Р° РІ РћР—РЈ;
336   DD7C              ;   v_chunkEnd = Р·РЅР°С‡РµРЅРёРµ E РїРѕСЃР»Рµ РїРѕСЃР»РµРґРЅРµРіРѕ Р±Р°Р№С‚Р° (080h РёР»Рё 00h).
337   DD7C              ;
338   DD7C              ; Р’С‹С…РѕРґ:
339   DD7C              ;   de Рё hl СѓРєР°Р·С‹РІР°СЋС‚ Р·Р° Р·Р°РїРёСЃР°РЅРЅС‹Р№ Р±Р»РѕРє.
340   DD7C              ;
341   DD7C              ; Р Р°Р·СЂСѓС€Р°РµС‚:
342   DD7C              ;   af, bc.
343   DD7C
344   DD7C              ProgramChunk:
345   DD7C                  ; Software Data Protection: AAh@5555h, 55h@2AAAh, A0h@5555h.
346   DD7C 3A FD DD         ld      a, (v_page)
347   DD7F 32 FE FF         ld      (IO_PAGE_ROM), a
348   DD82 3E AA            ld      a, 0AAh
349   DD84 32 55 55         ld      (05555h), a
350   DD87 3E 55            ld      a, 055h
351   DD89 32 AA 2A         ld      (02AAAh), a
352   DD8C 3E A0            ld      a, 0A0h
353   DD8E 32 55 55         ld      (05555h), a
354   DD91 32 FC FF         ld      (IO_PAGE_RAM), a
355   DD94
356   DD94              ; Р“РѕСЂСЏС‡РёР№ С†РёРєР»: 22 Р±Р°Р№С‚Р°, 100 С‚Р°РєС‚РѕРІ/Р±Р°Р№С‚ = 50 РјРєСЃ РїСЂРё 2 РњР“С†.
357   DD94              ; Р­С‚Рѕ РјРµРЅСЊС€Рµ РјР°РєСЃРёРјР°Р»СЊРЅРѕРіРѕ tBLC=150 РјРєСЃ. РќР° Р±Р°Р№С‚: РѕРґРЅРѕ С‡С‚РµРЅРёРµ РћР—РЈ, РѕРґРЅР°
358   DD94              ; Р·Р°РїРёСЃСЊ РџР—РЈ Рё РґРІР° РїРµСЂРµРєР»СЋС‡РµРЅРёСЏ РјР°РїРїРµСЂР°.
359   DD94              ProgramLoop:
360   DD94 7E               ld      a, (hl)
361   DD95 4F               ld      c, a
362   DD96 3A FD DD         ld      a, (v_page)
363   DD99 32 FE FF         ld      (IO_PAGE_ROM), a
364   DD9C 79               ld      a, c
365   DD9D 12               ld      (de), a
366   DD9E 32 FC FF         ld      (IO_PAGE_RAM), a
367   DDA1 23               inc     hl
368   DDA2 1C               inc     e
369   DDA3 3A FE DD         ld      a, (v_chunkEnd)
370   DDA6 BB               cp      e
371   DDA7 C2 94 DD         jp nz,  ProgramLoop
372   DDAA
373   DDAA                  ; DATA polling РїРѕСЃР»РµРґРЅРµРіРѕ Р·Р°РїРёСЃР°РЅРЅРѕРіРѕ Р±Р°Р№С‚Р°. РҐСѓРґС€РёР№ РїСѓС‚СЊ (768 РїСЂРѕРІРµСЂРѕРє)
374   DDAA                  ; РґР»РёС‚СЃСЏ РѕРєРѕР»Рѕ 16,5 РјСЃ Рё РїСЂРµРІС‹С€Р°РµС‚ РјР°РєСЃРёРјР°Р»СЊРЅРѕРµ tWC=10 РјСЃ.
375   DDAA 1D               dec     e
376   DDAB 3A FD DD         ld      a, (v_page)
377   DDAE 32 FE FF         ld      (IO_PAGE_ROM), a
378   DDB1 E5               push    hl
379   DDB2 06 03            ld      b, 3
380   DDB4 2E 00            ld      l, 0
381   DDB6              PollLoop:
382   DDB6 1A               ld      a, (de)
383   DDB7 A9               xor     c
384   DDB8 E6 80            and     080h
385   DDBA CA CD DD         jp z,   PollDone
386   DDBD 2D               dec     l
387   DDBE C2 B6 DD         jp nz,  PollLoop
388   DDC1 05               dec     b
389   DDC2 C2 B6 DD         jp nz,  PollLoop
390   DDC5
391   DDC5                  ; РўР°Р№Рј-Р°СѓС‚: СЌС‚Рѕ РѕР¶РёРґР°РµРјС‹Р№ СЂРµР·СѓР»СЊС‚Р°С‚ РїСЂРё Р°РїРїР°СЂР°С‚РЅРѕР№ Р·Р°С‰РёС‚Рµ /WE РёР»Рё РџР—РЈ.
392   DDC5 32 FC FF         ld      (IO_PAGE_RAM), a
393   DDC8 E1               pop     hl
394   DDC9 1C               inc     e
395   DDCA C3 F4 DD         jp      WriteFailed
396   DDCD
397   DDCD              PollDone:
398   DDCD 32 FC FF         ld      (IO_PAGE_RAM), a
399   DDD0 E1               pop     hl
400   DDD1 1C               inc     e
401   DDD2
402   DDD2                  ; DATA polling РїРѕРґС‚РІРµСЂР¶РґР°РµС‚ РѕРєРѕРЅС‡Р°РЅРёРµ РІРЅСѓС‚СЂРµРЅРЅРµРіРѕ С†РёРєР»Р°, РїРѕСЃР»Рµ РЅРµРіРѕ
403   DDD2                  ; РґРѕРїРѕР»РЅРёС‚РµР»СЊРЅРѕ СЃСЂР°РІРЅРёРІР°РµРј РєР°Р¶РґС‹Р№ Р±Р°Р№С‚ С„РёР·РёС‡РµСЃРєРѕР№ СЃС‚СЂР°РЅРёС†С‹.
404   DDD2 E5               push    hl
405   DDD3 D5               push    de
406   DDD4 3A FF DD         ld      a, (v_chunkCount)
407   DDD7 47               ld      b, a
408   DDD8              VerifyLoop:
409   DDD8 2B               dec     hl
410   DDD9 1D               dec     e
411   DDDA 7E               ld      a, (hl)
412   DDDB 4F               ld      c, a
413   DDDC 3A FD DD         ld      a, (v_page)
414   DDDF 32 FE FF         ld      (IO_PAGE_ROM), a
415   DDE2 1A               ld      a, (de)
416   DDE3 32 FC FF         ld      (IO_PAGE_RAM), a
417   DDE6 B9               cp      c
418   DDE7 C2 F2 DD         jp nz,  VerifyFailed
419   DDEA 05               dec     b
420   DDEB C2 D8 DD         jp nz,  VerifyLoop
421   DDEE
422   DDEE D1               pop     de
423   DDEF E1               pop     hl
424   DDF0 B7               or      a
425   DDF1 C9               ret
426   DDF2
427   DDF2              VerifyFailed:
428   DDF2 D1               pop     de
429   DDF3 E1               pop     hl
430   DDF4
431   DDF4              WriteFailed:
432   DDF4 3E 01            ld      a, 1
433   DDF6 32 F9 8F         ld      (bios_vars.diskWriteErr), a
434   DDF9 37               scf
435   DDFA C9               ret
436   DDFB
437   DDFB              ;----------------------------------------------------------------------------
438   DDFB
439   DDFB 00 00        v_diskInfo: DW 0
440   DDFD 00           v_page:     DB 0
441   DDFE 00           v_chunkEnd: DB 0
442   DDFF 00           v_chunkCount: DB 0
443   DE00
444   DE00              ;----------------------------------------------------------------------------
445   DE00
446   DE00                  ASSERT_DONT_FIT 0DE00h
446   DE00             >         IF $ > 0DE00h
446   DE00 ~           >           ASSERT 0
446   DE00 ~           >           DISPLAY /l, "Error! Image did not fit (", $, " > ", adr, ")"
446   DE00             >         ENDIF
447   DE00
448   DE00                  END
# file closed: D:\Projects\Specialist-OS\source\flash\FlashSys.asm
