# file opened: D:\Projects\Specialist-OS\source\flash\Rom.asm
  1   0000              ;----------------------------------------------------------------------------
  2   0000              ; MXOS
  3   0000              ; ROM.COM - драйвер ром-диска через ВВ55
  4   0000              ; Адаптация оригинального DISK-H.COM
  5   0000              ; Прддерживается только одна 64к страница
  6   0000              ;
  7   0000              ; Драйвер имеет три функции (номер передаётся в регистре b):
  8   0000              ;   b == 1 - записать сектор (256 байт, номер сектора в de, адрес буфера в hl);
  9   0000              ;   b == 2 - считать  сектор (256 байт, номер сектора в de, адрес буфера в hl);
 10   0000              ;   b == 3 - выдать размер диска в секторах (резльтат в de, адрес DISK_INFO в hl).
 11   0000              ;
 12   0000              ; 2022-02-15 Разработано SpaceEngineer
 13   0000              ;----------------------------------------------------------------------------
 14   0000
 15   0000                  INCLUDE "../include/mxos.inc"
# file opened: D:\Projects\Specialist-OS\source\flash\../include/mxos.inc
  1+  0000              ;-----------------------------------------------------------------------
  2+  0000              ; MXOS
  3+  0000              ; Точки входа и настройки сборки MXOS
  4+  0000              ;
  5+  0000              ; Новая карта памяти:
  6+  0000              ;   8FDF-8FFF - [  32 B] Переменные
  7+  0000              ;   9000-BFFF - [12  KB] Экран
  8+  0000              ;   C000-DBFF - [7168 B] DOS.SYS
  9+  0000              ;   DC00-DDFF - [ 512 B] драйверные расширения (например, FlashSys.com)
 10+  0000              ;   DE00-DFFF - [ 512 B] Драйвер флеш-диска
 11+  0000              ;   E000-E7FF - [2048 B] Шрифт
 12+  0000              ;   E800-FAFF - [4864 B] Системные программы (NC.COM, E.COM, DL-RED.COM, FORMAT.COM, MON2.COM, ...)
 13+  0000              ;   FB00-FEFF - [1024 B] Дисковый кэш (fat + каталог)
 14+  0000              ;   FF00-FF81 - [ 130 B] Командная строка
 15+  0000              ;   FF82-FFBF - [  62 B] Стек
 16+  0000              ;   FFC0-FFEF - [  32 B] Непереключаемое ОЗУ, драйвер обмена с RAM диском
 17+  0000              ;   FFE0-FFFF - [  32 B] Оборудование
 18+  0000              ;
 19+  0000              ; Старая карта памяти:
 20+  0000              ;   8FDF-8FFF - [  32 B] Переменные
 21+  0000              ;   9000-BFFF - [12  KB] Экран
 22+  0000              ;   C000-CFFF - [4096 B] DOS.SYS
 23+  0000              ;   D000-E1FF - [4607 B] Системные программы (NC.COM, E.COM, DL-RED.COM)
 24+  0000              ;   E200-E5FF - [1024 B] Свободно (1024 байт)
 25+  0000              ;   E600-E7FF - [ 512 B] Драйвер магнитофона
 26+  0000              ;   E800-E8FF - [ 256 B] Свободно (256 байт)
 27+  0000              ;   E900-F0FF - [2048 B] Шрифт (можно отключить запуском ROMFNT.COM или опцией LOAD_FONT=0)
 28+  0000              ;   F100-F8FF - [2048 B] Системные программы (FORMAT.COM, MON2.COM, ...)
 29+  0000              ;   F900-F9FF - [ 256 B] Свободно (256 байт)
 30+  0000              ;   FA00-FAFF - [ 256 B] Драйвер флеш-диска
 31+  0000              ;   FB00-FEFF - [1024 B] Дисковый буфер (fat + каталог)
 32+  0000              ;   FF00-FF81 - [ 130 B] Командная строка
 33+  0000              ;   FF82-FFBF - [  62 B] Стек
 34+  0000              ;   FFC0-FFEF - [  32 B] Непереключаемое ОЗУ, драйвер обмена с RAM диском
 35+  0000              ;   FFE0-FFFF - [  32 B] Оборудование
 36+  0000              ;-----------------------------------------------------------------------
 37+  0000
 38+  0000
 39+  0000              ;-----------------------------------------------------------------------
 40+  0000              ; Конфигурация сборки
 41+  0000              ;-----------------------------------------------------------------------
 42+  0000
 43+  0000              NEW_MEMORY_MAP       =  1       ; Новая карта памяти
 44+  0000              RAMD_MAX_PAGE        =  16      ; Максимальное количество страниц RAM диска
 45+  0000              RAMD_PAGE_END        =  0FFBBh  ; Включить поддержку ДОЗУ большего чем 64 Кб
 46+  0000              ROM_64K              =  1       ; Включить поддержку ПЗУ 64 Кб Специалиста МХ2
 47+  0000              ENABLE_COLOR         =  1       ; Включить поддержку цвета
 48+  0000              EMBED_FONT           =  0       ; Встроить шрифт в программу (при запуске шрифт копируется на FONT_ADDR)
 49+  0000              LOAD_FONT            =  1       ; Загружать шрифт в ОЗУ
 50+  0000              COLOR_BIOS           =  0F0h    ; Цвет командной строки
 51+  0000              RAMFOS_COMPATIBILITY =  1       ; Совместимость с RAMFOS (WIP)
 52+  0000              BOOT_FROM_TAPE       =  0       ; Включить загрузку с ленты при нажатой клавише после сброса
 53+  0000
 54+  0000                  IF  NEW_MEMORY_MAP
 55+  0000              FONT_ADDR = 0E000h  ; Адрес шрфита
 56+  0000                  ELSE
 57+  0000 ~            FONT_ADDR = 0E900h  ; Адрес шрфита
 58+  0000                  ENDIF
 59+  0000
 60+  0000                  IF  LOAD_FONT
 61+  0000              FONT_ADDR_DIV_8 = FONT_ADDR/8
 62+  0000                  ELSE
 63+  0000 ~            FONT_ADDR_DIV_8 = -1
 64+  0000                  ENDIF
 65+  0000
 66+  0000              ;-----------------------------------------------------------------------
 67+  0000              ; Переменные ОС в подэкранном пространстве и их начальные значения
 68+  0000              ; Доступ к переменным из программ польователя:
 69+  0000              ; ld a, bios_vars.lastKey
 70+  0000              ;-----------------------------------------------------------------------
 71+  0000
 72+  0000                  STRUCT BIOS_VARIABLES
 73+  0000 ~            _reserv_1     DW      -1              ; 8FDFh -
 74+  0000 ~            tapeError     DW      0C800h          ; 8FE1h - Адрес, куда происходит переход при ошибке чтения с ленты
 75+  0000 ~            tapeAddr      DW      -1              ; 8FE3h - Адрес программы, загруженной с ленты
 76+  0000 ~            _reserv_2     DW      -1              ; 8FE5h -
 77+  0000 ~            charGen       DW      FONT_ADDR_DIV_8 ; 8FE7h - Адрес альтернативного знакогенератора / 8
 78+  0000 ~            cursorCfg     DB       21h ; 0A9h     ; 8FE9h - Внешний вид курсора (биты: 7 - мигание (если 0), 654 - положение (Y) от низа строки, 3210 - размер по высоте)
 79+  0000 ~            koi7          DB       0   ; 0FFh     ; 8FEAh - 0FFh = включен KOI-7, 0 = включен KOI-8
 80+  0000 ~            escMode       DB      -1              ; 8FEBh - Обработка ESC-последовательности
 81+  0000 ~            keyLocks      DB      0BAh ; 3Ah      ; 8FECh - Caps Lock или Рус/Lat (3A - прописные анг, BA - строчные анг, BB - прописные рус, 3B - строчные рус)
 82+  0000 ~            _reserv_3     DW      -1              ; 8FEDh -
 83+  0000 ~            lastLastKey   DB      -1              ; 8FEFh - Предпоследняя нажатая клавиша
 84+  0000 ~            lastKey       DB      -1              ; 8FF0h - Последняя нажатая клавиша
 85+  0000 ~            beepFreq      DB       5Fh            ; 8FF1h - Частота звукового сигнала (также влияет на длительность)
 86+  0000 ~            beepDuration  DB       20h            ; 8FF2h - Длительность звукового сигнала (сколько раз повторять посылку)
 87+  0000 ~            tapeInverse   DB      0FFh            ; 8FF3h - Признак инверсии данных с ленты
 88+  0000 ~            cursorDelay   DB       20h            ; 8FF4h - Задержка мигания курсора
 89+  0000 ~            antiBsDelay   DB      0E0h            ; 8FF5h - Задержка защиты от дребезга контактов клавиш
 90+  0000 ~            oldSP         DW      -1              ; 8FF6h - Используется для сохранения SP некоторыми функциями
 91+  0000 ~            ramPageCount  DB      RAMD_MAX_PAGE   ; 8FF8h - Количество детектированных 64кб страниц RAM-диска
 92+  0000 ~            diskWriteErr  DB       0              ; 8FF9h - Признак ошибки записи диска
 93+  0000 ~            inverse       DW       0              ; 8FFAh - Инвертирование текста (0=нормальный текст, 0FFFFh=инверсный)
 94+  0000 ~            cursorY       DB      -1              ; 8FFCh - Положение курсора по вертикали в пикселях
 95+  0000 ~            cursorX       DB      -1              ; 8FFDh - Положение курсора по горизонтали в пикселях / 2
 96+  0000 ~            writeDelay    DB      28h             ; 8FFEh - Скорость при записи на ленту
 97+  0000 ~            readDelay     DB      3Ch             ; 8FFFh - Скорость при чтении с ленты
 98+  0000                  ENDS
 99+  0000
100+  0000              ; Блок переменных BIOS начинается с адреса 8FDFh
101+  0000              bios_vars   BIOS_VARIABLES = 8FDFh
102+  0000
103+  0000              ;-----------------------------------------------------------------------
104+  0000              ; Стандартные точки входа ОС
105+  0000              ; Отмеченные [OLD] применять не рекомендуется
106+  0000              ; Отмеченные [MXOS2] - новые в MXOS 2
107+  0000              ;-----------------------------------------------------------------------
108+  0000
109+  0000              bios_init               = 0C000h ; Теплая перезагрузка
110+  0000
111+  0000              ; Устаревшие точки, лечше не применять
112+  0000              bios_keyScanOld         = 0C003h ; [OLD] Получить код нажатой клавиши, = bios_keyScan
113+  0000              bios_drawCursorOld      = 0C006h ; [OLD] Нарисовать/стереть курсор
114+  0000              bios_clearScreenOld     = 0C010h ; [OLD] Оистка экрана
115+  0000              bios_printCharOld       = 0C037h ; [OLD] Вывод символа на экран
116+  0000              bios_beep_Old           = 0C170h ; [OLD] Звуковой сигнал
117+  0000              bios_delay_l            = 0C18Fh ; [OLD] Задержка l циклов
118+  0000              bios_delay_b            = 0C190h ; [OLD] Задержка b циклов
119+  0000              bios_getchOld           = 0C337h ; [OLD] Ожидание ввода с клавиатуры
120+  0000              bios_tapeReadOld        = 0C377h ; [OLD] Чтение байта с магнитофона
121+  0000              bios_tapeWriteOld       = 0C3D0h ; [OLD] Запись байта на магнитофон
122+  0000              bios_cmp_hl_de          = 0C427h ; [OLD] Сравнить hl и de
123+  0000              bios_memcpy_bc_hl       = 0C42Dh ; [OLD] Скопировать блок памяти
124+  0000              bios_printStringOld     = 0C438h ; [OLD] Вывод строки на экран
125+  0000
126+  0000              ; Стандартные точки C800h
127+  0000              bios_reboot             = 0C800h ; Запустить NC.COM
128+  0000              bios_getch              = 0C803h ; Ожидание ввода с клавиатуры
129+  0000              bios_tapeRead           = 0C806h ; Чтение байта с магнитофона
130+  0000              bios_printChar          = 0C809h ; Вывод символа на экран
131+  0000              bios_tapeWrite          = 0C80Ch ; Запись байта на магнитофон
132+  0000              bios_input              = 0C80Fh ; Ввод строки с клавиатуры
133+  0000              bios_keyCheck           = 0C812h ; Получить код нажатой клавиши, = bios_keyScan
134+  0000              bios_printHexByte       = 0C815h ; Вывод HEX числа на экран (байт)
135+  0000              bios_printString        = 0C818h ; Вывод строки на экран
136+  0000              bios_keyScan            = 0C81Bh ; Получить код нажатой клавиши
137+  0000              bios_getCursorPos       = 0C81Eh ; Получить координаты курсора в hl (координаты в пикселях)
138+  0000              bios_setCursorPos       = 0C821h ; Установить координаты курсора из hl (координаты в пикселях)
139+  0000              bios_tapeLoad           = 0C824h ; Загрузить программу с магнитофона
140+  0000              bios_tapeSave           = 0C827h ; Сохранить программу на магнитофон
141+  0000              bios_calcCS             = 0C82Ah ; Расчет контрольной суммы
142+  0000              bios_printHexWord       = 0C82Dh ; Вывод HEX числа на экран (слово)
143+  0000              bios_getMemTop          = 0C830h ; Получить объем доступной памяти
144+  0000              bios_setMemTop          = 0C833h ; Установить объем доступной памяти
145+  0000              bios_printer            = 0C836h ; Напечатать байт на принтере
146+  0000                  IF RAMFOS_COMPATIBILITY
147+  0000              bios_strToHex           = 0C839h ; [MXOS2] Преобразвоние строки в HEX формате в число
148+  0000                  ELSE
149+  0000 ~            bios_rebootAlt          = 0C839h ; Запустить NC.COM
150+  0000                  ENDIF
151+  0000              bios_rebootAlt2         = 0C83Ch ; Запустить NC.COM
152+  0000              bios_fileList           = 0C83Fh ; Получить список файлов
153+  0000              bios_fileGetSetDrive    = 0C842h ; Получить/установить активное устройство
154+  0000              bios_fileCreate         = 0C845h ; Создать файл
155+  0000              bios_fileLoad           = 0C848h ; Загрузить файл по адресу из заголовка этого файла
156+  0000              bios_fileDelete         = 0C84Bh ; Удалить файл
157+  0000              bios_fileRename         = 0C84Eh ; Переименовать файл
158+  0000              bios_fileLoadInfo       = 0C851h ; Загрузить информацию о файле
159+  0000              bios_fileGetSetAddr     = 0C854h ; Получить/установить адрес загрузки файла
160+  0000              bios_fileGetSetAttr     = 0C857h ; Получить/установить атрибуты файла
161+  0000              bios_fileNamePrepare    = 0C85Ah ; Преобразовать имя файла во внутренний формат
162+  0000              bios_fileExec           = 0C85Dh ; Запустить файл
163+  0000              bios_installDriver      = 0C860h ; Установить драйвер накопителя
164+  0000              bios_diskDriver         = 0C863h ; Драйвер выбранного диска
165+  0000              bios_fileLoad2          = 0C866h ; Загрузить файл по адресу de
166+  0000
167+  0000              ; Новые точки C800h MXOS2
168+  0000              bios_printCharReal      = 0C869h ; [MXOS2] Вывод символа на экран (только реальные символы)
169+  0000              bios_printDecWord       = 0C86Ch ; [MXOS2] Вывод числа экран в десятичной форме
170+  0000              bios_setRAMDDriver      = 0C86Fh ; [MXOS2] Установить драйвр рам-диска
171+  0000              bios_getDriveFreeSpace  = 0C872h ; [MXOS2] Получить оставшийся свободный объем диска
172+  0000              bios_upperCase          = 0C875h ; [MXOS2] Перевод кода символа КОИ-8 в верхний регистр
173+  0000              bios_strcmp             = 0C878h ; [MXOS2] Сравнение строк, чувствительное к регистру
174+  0000              bios_stricmp            = 0C87Bh ; [MXOS2] Сравнение строк, нечувствительное к регистру
175+  0000              bios_sub_hl_de          = 0C87Eh ; [MXOS2] Вычитание hl и de: hl = hl - de
176+  0000              bios_div_hl_2           = 0C881h ; [MXOS2] Деление hl на 2: hl = hl / 2
177+  0000              bios_mul_hl_de          = 0C884h ; [MXOS2] Умножение hl на de: hl = hl * de
178+  0000              bios_div_hl_de          = 0C887h ; [MXOS2] Деление hl на de: hl = hl / de, de = hl % de
179+  0000              bios_fileCreatePrepare  = 0C88Ah ; [MXOS2] Создать файл и выделить цепочку FAT без записи данных
180+  0000              bios_fileTransfer       = 0C88Dh ; [MXOS2] Передать последовательные кластеры на выбранном диске
181+  0000
182+  0000              ;-----------------------------------------------------------------------
183+  0000              ; Адрес таблицы переходов драйвера магнитофона
184+  0000              ;-----------------------------------------------------------------------
185+  0000
186+  0000              TAPE_DRIVER_JUMPS = bios_tapeReadOld    ; старая таблица переходов магнитофона, сохранена для ABI
187+  0000
188+  0000              ;-----------------------------------------------------------------------
189+  0000              ; Непереключаемое ОЗУ ПК "Специалист-MX" (0FFC0h-0FFDF, 32 байта)
190+  0000              ;-----------------------------------------------------------------------
191+  0000
192+  0000              bios_RAMDRead   = 0FFC0h ; п/п чтения из ДОЗУ
193+  0000              bios_RAMDWrite  = 0FFD0h ; п/п записи в  ДОЗУ
194+  0000
195+  0000              ;-----------------------------------------------------------------------
196+  0000              ; Порты устройств ПК "Специалист-MX2" (0FFE0h-0FFFF, 32 байта)
197+  0000              ;-----------------------------------------------------------------------
198+  0000
199+  0000              IO_KEYB_A       =  0FFE0h   ; ВВ55 клавиатуры
200+  0000              IO_KEYB_B       =  0FFE1h
201+  0000              IO_KEYB_C       =  0FFE2h
202+  0000              IO_KEYB_MODE    =  0FFE3h
203+  0000              IO_PROG_A       =  0FFE4h   ; ВВ55 программатора/флеш диска
204+  0000              IO_PROG_B       =  0FFE5h
205+  0000              IO_PROG_C       =  0FFE6h
206+  0000              IO_PROG_MODE    =  0FFE7h
207+  0000              IO_FDD_CMD      =  0FFE8h   ; контроллер дисковода ВГ93
208+  0000              IO_FDD_TRACK    =  0FFE9h
209+  0000              IO_FDD_SECTOR   =  0FFEAh
210+  0000              IO_FDD_DATA     =  0FFEBh
211+  0000              IO_TIMER_CH0    =  0FFECh   ; таймер ВИ53
212+  0000              IO_TIMER_CH1    =  0FFEDh
213+  0000              IO_TIMER_CH2    =  0FFEEh
214+  0000              IO_TIMER_MODE   =  0FFEFh
215+  0000              IO_FDD_REQ      =  0FFF0h   ; контроллер дисковода
216+  0000              IO_FDD_MOTOR    =  0FFF1h
217+  0000              IO_FDD_SIDE     =  0FFF2h
218+  0000              IO_FDD_DRIVE    =  0FFF3h
219+  0000              IO_COLOR        =  0FFF8h   ; регистр цвета
220+  0000              IO_PAGE_RAM     =  0FFFCh   ; порт включения основного ОЗУ
221+  0000              IO_PAGE_RAMD    =  0FFFDh   ; порт включения ОЗУ RAM-дисков
222+  0000              IO_PAGE_ROM     =  0FFFEh   ; порт включения ПЗУ
223+  0000              IO_PAGE_STD     =  0FFFFh   ; порт включения STD режима
224+  0000
225+  0000              ;-----------------------------------------------------------------------
226+  0000              ; Структура файловой системы
227+  0000              ;-----------------------------------------------------------------------
228+  0000
229+  0000              ; Структура каталога
230+  0000              FILE_DESCR_SIZE  = 32   ; размер дескриптора файла в каталоге (байт)
231+  0000              FILE_NAME_LENGTH = 8    ; длина имени файла  (байт)
232+  0000              FAT_ITEM_SIZE    = 2    ; размер записи в таблице FAT (байт)
233+  0000
234+  0000              SECTOR_SIZE  = 00100h   ; размер сектора 256 байт
235+  0000              CLUSTER_SIZE = 00100h   ; размер кластера 256 байт
236+  0000
237+  0000              ; Специальные коды кластеров FAT
238+  0000              FAT12_BAD = 00FF7h  ; плохой кластер
239+  0000              FAT16_BAD = 0FFF7h
240+  0000              FAT12_EOC = 00FFFh  ; последний кластер файла
241+  0000              FAT16_EOC = 0FFFFh
242+  0000              FAT12_RES = 00FFFh  ; зарезервированный кластер
243+  0000              FAT16_RES = 0FFFFh
244+  0000
245+  0000              ;-----------------------------------------------------------------------
246+  0000              ; Десткриптор файла (одна запись в каталоге) FAT12/16/32
247+  0000              ;-----------------------------------------------------------------------
248+  0000
249+  0000                  STRUCT FILE_DESCRIPTOR  ; 32 байта
250+  0000 ~            name            BLOCK   FILE_NAME_LENGTH    ; смещение 00h, 8 байт  - имя файла
251+  0000 ~            ext             BLOCK   3                   ; смещение 08h, 3 байта - расширение имени файла
252+  0000 ~            attrib          BLOCK   1                   ; смещение 0Bh, 1 байт  - атрибуты файла
253+  0000 ~            ntReserved      BLOCK   1                   ; смещение 0Ch, 1 байт  - используются в Windows NT
254+  0000 ~            createTimeTenth BLOCK   1                   ; смещение 0Dh, 1 байт  - (только FAT32) время создания файла, десятки миллисекунд (0-199)
255+  0000 ~            createTime      BLOCK   2                   ; смещение 0Eh, 2 байта - (только FAT32) время создания файла, секунды*2 (0-43200)
256+  0000 ~            createDate      BLOCK   2                   ; смещение 10h, 2 байта - (только FAT32) дата  создания файла
257+  0000 ~            loadAddress     BLOCK   2  ; accDate        ; смещение 12h, 2 байта - начальный адрес загрузки в ОЗУ, он же и стартовый (!!! временный костыль, в FAT32 это accDate - дата доступа к файлу !!!)
258+  0000 ~            firstClusterHi  BLOCK   2                   ; смещение 14h, 2 байта - номер первого кластера в FAT, старшее слово
259+  0000 ~            writeTime       BLOCK   2                   ; смещение 16h, 2 байта - время модификации файла, секунды*2 (0-43200)
260+  0000 ~            writeDate       BLOCK   2                   ; смещение 18h, 2 байта - дата  модификации файла
261+  0000 ~            firstCluster    BLOCK   2                   ; смещение 1Ah, 2 байта - номер первого кластера в FAT, младшее слово
262+  0000 ~            size            BLOCK   4                   ; смещение 1Ch, 4 байта - размер файла в байтах
263+  0000                  ENDS
264+  0000
265+  0000              ;-----------------------------------------------------------------------
266+  0000              ; Информация о файле (компактный вариант дескриптора)
267+  0000              ; Почти совместимо с дескриптором оригинального Коммандера
268+  0000              ;-----------------------------------------------------------------------
269+  0000
270+  0000              FILE_INFO_SIZE = 16     ; размер структуры (байт)
271+  0000
272+  0000                  STRUCT FILE_INFO    ; 16 байт
273+  0000 ~            name            BLOCK   FILE_NAME_LENGTH    ; смещение 00h, 8 байт  - имя файла
274+  0000 ~            ext             BLOCK   3                   ; смещение 08h, 3 байта - расширение имени файла
275+  0000 ~            attrib          BLOCK   1                   ; смещение 0Bh, 1 байт  - атрибуты файла
276+  0000 ~            loadAddress     BLOCK   2                   ; смещение 0Eh, 2 байта - начальный адрес загрузки в ОЗУ, он же и стартовый
277+  0000 ~            size            BLOCK   2                   ; смещение 0Ch, 2 байта - размер файла в байтах
278+  0000                  ENDS
279+  0000
280+  0000              ;-----------------------------------------------------------------------
281+  0000              ; Информация об активном накопителе (диске)
282+  0000              ;-----------------------------------------------------------------------
283+  0000
284+  0000                  STRUCT DISK_INFO
285+  0000 ~            sectorSize          BLOCK   2   ; размер сектора, байт (256, 512, 1024)
286+  0000 ~            sectorsPerCluster   BLOCK   2   ; размер кластера, секторов (1, 2, 4, 8)
287+  0000 ~            resSectors          BLOCK   2   ; сколько секторов занимает зарезервированная область = первый сектор таблицы fat
288+  0000 ~            fatSectors          BLOCK   2   ; сколько секторов занимает таблица fat
289+  0000 ~            dirSectors          BLOCK   2   ; сколько секторов занимает корневой каталог
290+  0000 ~            totalSectors        BLOCK   2   ; сколько всего секторов на диске
291+  0000 ~            rootDirMaxFiles     BLOCK   2   ; максимум файлов в корневом каталоге
292+  0000 ~            descrPerSector      BLOCK   2   ; сколько дескрипторов файлов вмещается в один сектор
293+  0000 ~            fatNumCells         BLOCK   2   ; количество ячеек в таблице fat (= fatSectors * sectorSize / 2)
294+  0000 ~            dirStartSector      BLOCK   2   ; первый сектор корневого каталога
295+  0000 ~            dataStartSector     BLOCK   2   ; первый сектор области данных
296+  0000 ~            volumeLabel         BLOCK  12   ; метка тома и 0 в конце
297+  0000 ~            isValid             BLOCK   1   ; 0 = нет драйвера, 1 = диск не распознан, 2 = диск распознан, корректно отформатирован
298+  0000                  ENDS
299+  0000
300+  0000              DISK_NO_DRIVER = 0
301+  0000              DISK_INVALID   = 1
302+  0000              DISK_VALID     = 2
303+  0000
304+  0000              ;-----------------------------------------------------------------------
305+  0000              ; Буферы в памяти
306+  0000              ;-----------------------------------------------------------------------
307+  0000
308+  0000              ; Дисковый кэш
309+  0000              FAT_CACHE_ADDR = 0FB00h ; адрес кэша секторов fat в памяти
310+  0000              FAT_CACHE_SIZE = 1024   ; размер кэша в байтах
311+  0000              FAT_CACHE_CAPACITY = FAT_CACHE_SIZE / SECTOR_SIZE   ; сколько секторов вмещается в кэш
312+  0000
313+  0000              ; Буфер для загрузки BAT файла
314+  0000                  IF NEW_MEMORY_MAP
315+  0000              BAT_BUFFER = 0E800h
316+  0000                  ELSE
317+  0000 ~            BAT_BUFFER = 0FC00h
318+  0000                  ENDIF
319+  0000
320+  0000              ; Командная строка и стек
321+  0000              CMD_LINE   = 0FF00h  ; 192 байта, но в конце стек
322+  0000              STACK_ADDR = 0FFC0h  ; стек
323+  0000
324+  0000              ;-----------------------------------------------------------------------
325+  0000              ; Всякие полезности
326+  0000              ;-----------------------------------------------------------------------
327+  0000
328+  0000              ; Макрос для заполнения памяти от текущего адреса до указанного
329+  0000                  MACRO ORG_PAD adr
330+  0000 ~                     IF $ > adr
331+  0000 ~                       ; вывод сообщения об ошибке
332+  0000 ~                       ASSERT 0
333+  0000 ~                       DISPLAY /l, "Error! ORG_PAD failed! ", $, " is more than ", adr
334+  0000 ~                     ELSE
335+  0000 ~                       ; заполнение памяти
336+  0000 ~                       BLOCK adr-$, 0FFh
337+  0000 ~                     ENDIF
338+  0000 ~                     ORG adr
339+  0000                  ENDM
340+  0000
341+  0000                  MACRO ORG_PAD0 adr
342+  0000 ~                     IF $ > adr
343+  0000 ~                       ; вывод сообщения об ошибке
344+  0000 ~                       ASSERT 0
345+  0000 ~                       DISPLAY /l, "Error! ORG_PAD0 failed! ", $, " is more than ", adr
346+  0000 ~                     ELSE
347+  0000 ~                       ; заполнение памяти
348+  0000 ~                       BLOCK adr-$, 0
349+  0000 ~                     ENDIF
350+  0000 ~                     ORG adr
351+  0000                  ENDM
352+  0000
353+  0000              ; Макросы для проверки текущего адреса
354+  0000                  MACRO ASSERT_EQUAL adr
355+  0000 ~                     IF $ != adr
356+  0000 ~                       ASSERT 0
357+  0000 ~                       DISPLAY /l, "Error! Entry point has been shifted (", $, " != ", adr, ")"
358+  0000 ~                     ENDIF
359+  0000                  ENDM
360+  0000
361+  0000                  MACRO ASSERT_DONT_FIT adr
362+  0000 ~                     IF $ > adr
363+  0000 ~                       ASSERT 0
364+  0000 ~                       DISPLAY /l, "Error! Image did not fit (", $, " > ", adr, ")"
365+  0000 ~                     ENDIF
366+  0000                  ENDM
367+  0000
368+  0000              ;-----------------------------------------------------------------------
369+  0000              ; Конец
370+  0000              ;-----------------------------------------------------------------------
371+  0000
# file closed: D:\Projects\Specialist-OS\source\flash\../include/mxos.inc
 16   0000
 17   0000              ; Команды для дрыгания ножками ВВ55
 18   0000              LATCH_0 = 0Ah   ; пин защёлки ИР22 = 0
 19   0000              LATCH_1 = 0Bh   ; пин защёлки ИР22 = 1
 20   0000              WRITE_0 = 0Ch   ; пин записи = 0
 21   0000              WRITE_1 = 0Dh   ; пин записи = 1
 22   0000              READ_0  = 0Eh   ; пин чтения = 0
 23   0000              READ_1  = 0Fh   ; пин чтения = 1
 24   0000
 25   0000              ; Маски управляющих пинов ВВ55
 26   0000              MASK_STADBY = 0C0h  ; пин защёлки ИР22 = 0, пин записи = 1, пин чтения = 1
 27   0000              MASK_READ   = 040h  ; пин защёлки ИР22 = 0, пин записи = 1, пин чтения = 0
 28   0000
 29   0000              ; Накопитель, куда назначается драйвер
 30   0000              DRIVE       = 7     ; "H"
 31   0000
 32   0000              ; Объем накопителя по умолчанию (64 кб)
 33   0000              DISK_SECTORS = 64 * 4
 34   0000
 35   0000              ; Схема ром-диска:
 36   0000              ; Порт A - данные (ввод)
 37   0000              ; Порт B - адрес [A0-A7]  (вывод)
 38   0000              ; Порт C - адрес [A8-A15] (вывод)
 39   0000              ; Вывод С6 порта клавиатуры (пин 11) - включение ПЗУ (лог. 1)
 40   0000
 41   0000              ;----------------------------------------------------------------------------
 42   0000
 43   0000                  ORG     0DE00h
 44   DE00
 45   DE00                  ; Установить драйвер для накопителя 7 ("H")
 46   DE00 3E 07            ld      a, DRIVE
 47   DE02 21 0C DE         ld      hl, Driver
 48   DE05 CD 60 C8         call    bios_installDriver
 49   DE08
 50   DE08                  ; Запоминаем адрес структуры DISK_INFO и выходим
 51   DE08 22 77 DE         ld      (v_diskInfo), hl
 52   DE0B C9               ret
 53   DE0C
 54   DE0C              Driver:
 55   DE0C
 56   DE0C                  ; Анализ номера функции
 57   DE0C 78               ld      a, b
 58   DE0D FE 01            cp      1
 59   DE0F C2 17 DE         jp nz,  DriverNotWrite
 60   DE12 32 F9 8F         ld      (bios_vars.diskWriteErr), a
 61   DE15 37               scf
 62   DE16 C9               ret                 ; запись - не поддерживается
 63   DE17              DriverNotWrite:
 64   DE17 FE 02            cp      2
 65   DE19 CA 40 DE         jp z,   FuncRead    ; чтение
 66   DE1C FE 03            cp      3
 67   DE1E CA 22 DE         jp z,   FuncSize    ; размер
 68   DE21 C9               ret                 ; иначе выход
 69   DE22
 70   DE22              ;-----------------------------------------------------------------------------------
 71   DE22              ; Функция 3 - определение объема накопителя
 72   DE22              ; выход:
 73   DE22              ;  de = количество секторов (1 - диск не отформатирован)
 74   DE22
 75   DE22              FuncSize:
 76   DE22                  ; Читаем поле isValid из структуры DISK_INFO
 77   DE22 2A 77 DE         ld      hl, (v_diskInfo)            ; hl = адрес структуры
 78   DE25 11 22 00         ld      de, DISK_INFO.isValid       ; de = смещение поля
 79   DE28 19               add     hl, de                      ; hl = адрес поля
 80   DE29 7E               ld      a, (hl)                     ; a = isValid
 81   DE2A
 82   DE2A                  ; Если диск не отформатирован, возвращаем de = DISK_SECTORS
 83   DE2A 11 00 01         ld      de, DISK_SECTORS
 84   DE2D FE 02            cp      DISK_VALID
 85   DE2F C2 3C DE         jp nz,  fsExit
 86   DE32
 87   DE32                  ; Иначе возвращаем в de поле totalSectors из структуры DISK_INFO
 88   DE32 2A 77 DE         ld      hl, (v_diskInfo)            ; hl = адрес структуры
 89   DE35 11 0A 00         ld      de, DISK_INFO.totalSectors  ; de = смещение поля
 90   DE38 19               add     hl, de                      ; hl = адрес поля
 91   DE39 5E               ld      e, (hl)
 92   DE3A 23               inc     hl
 93   DE3B 56               ld      d, (hl)
 94   DE3C
 95   DE3C              fsExit:
 96   DE3C                  ; Возвращаем в hl адрес структуры DISK_INFO
 97   DE3C 2A 77 DE         ld      hl, (v_diskInfo)
 98   DE3F C9               ret
 99   DE40
100   DE40              ;----------------------------------------------------------------------------
101   DE40              ; Функция 2 - чтение сектора
102   DE40              ; вход:
103   DE40              ;   de = номер сектора
104   DE40              ;   hl = адрес буфера в памяти
105   DE40
106   DE40              FuncRead:
107   DE40                  ; Сохранение регистров
108   DE40 E5               push    hl
109   DE41 D5               push    de
110   DE42 C5               push    bc
111   DE43
112   DE43                  ; Настройка портов ВВ55
113   DE43 3E 90            ld      a, 90h              ; порт A - ввод, порты B и C - вывод
114   DE45 32 E7 FF         ld      (IO_PROG_MODE), a
115   DE48 3E 0D            ld      a, 0Dh              ; вывод С6 порта клавиатуры = 1
116   DE4A 32 E3 FF         ld      (IO_KEYB_MODE), a
117   DE4D
118   DE4D                  ; de = адрес начала сектора в 64к странице ром-диска
119   DE4D                  ; а номер страницы (d) теряется, т.к. поддерживается только одна страница
120   DE4D 53               ld      d, e
121   DE4E 1E 00            ld      e, 0
122   DE50
123   DE50              ReadLoop:
124   DE50 EB               ex      de, hl          ; hl = адрес в ПЗУ, de = адрес в памяти
125   DE51 22 E5 FF         ld      (IO_PROG_B), hl ; порт B = младший байт адреса, порт C = старший байт адреса
126   DE54 3A E4 FF         ld      a, (IO_PROG_A)  ; a = байт из ПЗУ
127   DE57 EB               ex      de, hl          ; hl = адрес в памяти, de = адрес в ПЗУ
128   DE58 77               ld      (hl), a         ; сохраняем байт в память
129   DE59 23               inc     hl              ; следующий адрес в памяти
130   DE5A 1C               inc     e               ; следующий адрес в ПЗУ
131   DE5B C2 50 DE         jp nz,  ReadLoop        ; повтор цикла, пока адрес в ПЗУ не пересечет XX00h
132   DE5E
133   DE5E                  ; Восстановление портов, регистров и выход
134   DE5E F5               push    af
135   DE5F 3E 0C            ld      a, 0Ch          ; вывод С6 порта клавиатуры = 0
136   DE61 32 E3 FF         ld      (IO_KEYB_MODE), a
137   DE64 3E 9B            ld      a, 9Bh          ; Порты A, B, C - ввод
138   DE66 32 E7 FF         ld      (IO_PROG_MODE), a
139   DE69 F1               pop     af
140   DE6A C1               pop     bc
141   DE6B D1               pop     de
142   DE6C E1               pop     hl
143   DE6D C9               ret
144   DE6E
145   DE6E              ;----------------------------------------------------------------------------
146   DE6E              ; Чтение байта из чипа флеш памяти
147   DE6E              ; вход:
148   DE6E              ;   de = адрес в 64к странице
149   DE6E              ; выход:
150   DE6E              ;   a  = байт данных
151   DE6E              ;   пин чтения остаётся активным (C7 = 0)
152   DE6E
153   DE6E              ReadByteFromChip:
154   DE6E EB               ex      de, hl
155   DE6F 22 E5 FF         ld      (IO_PROG_B), hl
156   DE72 3A E4 FF         ld      a, (IO_PROG_A)
157   DE75 EB               ex      de, hl
158   DE76 C9               ret
159   DE77
160   DE77              ;----------------------------------------------------------------------------
161   DE77              ; Переменные
162   DE77
163   DE77 00 00        v_diskInfo: DW 0
164   DE79
165   DE79              ;----------------------------------------------------------------------------
166   DE79
167   DE79                  ; Проверка - ROM.COM не должен вылезать за эти пределы
168   DE79                  ASSERT_DONT_FIT 0E000h
168   DE79             >         IF $ > 0E000h
168   DE79 ~           >           ASSERT 0
168   DE79 ~           >           DISPLAY /l, "Error! Image did not fit (", $, " > ", adr, ")"
168   DE79             >         ENDIF
169   DE79
170   DE79                  END
# file closed: D:\Projects\Specialist-OS\source\flash\Rom.asm
